⚠️  Unknown model for tokenizer; using cl100k_base.

📘 Processing chapter0_0_intro.md...
📑 Paragraph markers found: 20
🧮 Token-aware batching: 1 batch(es), budget ~106666 tokens, max batch size 20
🟦 Translating batch 1/1 (20 paras, ~630 tokens input)...
⚠️ API error details: <Response [401 Unauthorized]>
⚠️ API error Error code: 401 - {'error-category': 18, 'error': 'supplied BricksLLM key does not exist'}. Retrying in 2s...
⚠️ API error details: <Response [401 Unauthorized]>
⚠️ API error Error code: 401 - {'error-category': 18, 'error': 'supplied BricksLLM key does not exist'}. Retrying in 3s...
⚠️ API error details: <Response [401 Unauthorized]>
⚠️ API error Error code: 401 - {'error-category': 18, 'error': 'supplied BricksLLM key does not exist'}. Retrying in 5s...
⚠️ API error details: <Response [401 Unauthorized]>
⚠️ API error Error code: 401 - {'error-category': 18, 'error': 'supplied BricksLLM key does not exist'}. Retrying in 9s...
⚠️ API error details: Request timed out.
⚠️ API error Request timed out.. Retrying in 17s...
⚠️ API error details: <Response [401 Unauthorized]>
⚠️ API error Error code: 401 - {'error-category': 18, 'error': 'supplied BricksLLM key does not exist'}. Retrying in 33s...
Traceback (most recent call last):
  File "/Users/andnie01/repo/pers/kli-text-translation-workflows/./scripts/translate_paragraphs.py", line 408, in <module>
    main()
  File "/Users/andnie01/repo/pers/kli-text-translation-workflows/./scripts/translate_paragraphs.py", line 384, in main
    process_file(
  File "/Users/andnie01/repo/pers/kli-text-translation-workflows/./scripts/translate_paragraphs.py", line 300, in process_file
    translated_block = translate_batch(
                       ^^^^^^^^^^^^^^^^
  File "/Users/andnie01/repo/pers/kli-text-translation-workflows/./scripts/translate_paragraphs.py", line 226, in translate_batch
    raise RuntimeError("Max retries exceeded for translation batch")
RuntimeError: Max retries exceeded for translation batch
⚠️  Unknown model for tokenizer; using cl100k_base.

📘 Processing chapter0_0_intro.md...
📑 Paragraph markers found: 20
🧮 Token-aware batching: 1 batch(es), budget ~106666 tokens, max batch size 20
🟦 Translating batch 1/1 (20 paras, ~630 tokens input)...
⚠️ API error details: <Response [401 Unauthorized]>
⚠️ API error Error code: 401 - {'error-category': 18, 'error': 'supplied BricksLLM key does not exist'}. Retrying in 2s...
⚠️ API error details: <Response [401 Unauthorized]>
⚠️ API error Error code: 401 - {'error-category': 18, 'error': 'supplied BricksLLM key does not exist'}. Retrying in 3s...
⚠️ API error details: <Response [401 Unauthorized]>
⚠️ API error Error code: 401 - {'error-category': 18, 'error': 'supplied BricksLLM key does not exist'}. Retrying in 5s...
⚠️ API error details: <Response [401 Unauthorized]>
⚠️ API error Error code: 401 - {'error-category': 18, 'error': 'supplied BricksLLM key does not exist'}. Retrying in 9s...
⚠️ API error details: <Response [401 Unauthorized]>
⚠️ API error Error code: 401 - {'error-category': 18, 'error': 'supplied BricksLLM key does not exist'}. Retrying in 17s...
⚠️ API error details: <Response [401 Unauthorized]>
⚠️ API error Error code: 401 - {'error-category': 18, 'error': 'supplied BricksLLM key does not exist'}. Retrying in 33s...
Traceback (most recent call last):
  File "/Users/andnie01/repo/pers/kli-text-translation-workflows/./scripts/translate_paragraphs.py", line 408, in <module>
    main()
  File "/Users/andnie01/repo/pers/kli-text-translation-workflows/./scripts/translate_paragraphs.py", line 384, in main
    process_file(
  File "/Users/andnie01/repo/pers/kli-text-translation-workflows/./scripts/translate_paragraphs.py", line 300, in process_file
    translated_block = translate_batch(
                       ^^^^^^^^^^^^^^^^
  File "/Users/andnie01/repo/pers/kli-text-translation-workflows/./scripts/translate_paragraphs.py", line 226, in translate_batch
    raise RuntimeError("Max retries exceeded for translation batch")
RuntimeError: Max retries exceeded for translation batch
⚠️  Unknown model for tokenizer; using cl100k_base.

📘 Processing chapter0_0_intro.md...
📑 Paragraph markers found: 20
🧮 Token-aware batching: 1 batch(es), budget ~106666 tokens, max batch size 20
🟦 Translating batch 1/1 (20 paras, ~630 tokens input)...
✅ Done: /Users/andnie01/repo/pers/kli-translation-pipeline_principles-of-faith/nepali/pipeline2/translation/chapters/chapter0_0_intro.md (20/20 translated)

📘 Processing chapter0_1_dedication.md...
📑 Paragraph markers found: 3
🧮 Token-aware batching: 1 batch(es), budget ~106666 tokens, max batch size 20
🟦 Translating batch 1/1 (3 paras, ~67 tokens input)...
✅ Done: /Users/andnie01/repo/pers/kli-translation-pipeline_principles-of-faith/nepali/pipeline2/translation/chapters/chapter0_1_dedication.md (3/3 translated)

📘 Processing chapter0_2_acknowledgements.md...
📑 Paragraph markers found: 4
🧮 Token-aware batching: 1 batch(es), budget ~106666 tokens, max batch size 20
🟦 Translating batch 1/1 (4 paras, ~178 tokens input)...
✅ Done: /Users/andnie01/repo/pers/kli-translation-pipeline_principles-of-faith/nepali/pipeline2/translation/chapters/chapter0_2_acknowledgements.md (4/4 translated)

📘 Processing chapter0_3_table_of_contents.md...
📑 Paragraph markers found: 26
🧮 Token-aware batching: 2 batch(es), budget ~106666 tokens, max batch size 20
🟦 Translating batch 1/2 (20 paras, ~683 tokens input)...
🟦 Translating batch 2/2 (6 paras, ~150 tokens input)...
✅ Done: /Users/andnie01/repo/pers/kli-translation-pipeline_principles-of-faith/nepali/pipeline2/translation/chapters/chapter0_3_table_of_contents.md (26/26 translated)

📘 Processing chapter0_4_list_of_tables.md...
📑 Paragraph markers found: 13
🧮 Token-aware batching: 1 batch(es), budget ~106666 tokens, max batch size 20
🟦 Translating batch 1/1 (13 paras, ~543 tokens input)...
✅ Done: /Users/andnie01/repo/pers/kli-translation-pipeline_principles-of-faith/nepali/pipeline2/translation/chapters/chapter0_4_list_of_tables.md (13/13 translated)

📘 Processing chapter0_5_foreword.md...
📑 Paragraph markers found: 6
🧮 Token-aware batching: 1 batch(es), budget ~106666 tokens, max batch size 20
🟦 Translating batch 1/1 (6 paras, ~289 tokens input)...
✅ Done: /Users/andnie01/repo/pers/kli-translation-pipeline_principles-of-faith/nepali/pipeline2/translation/chapters/chapter0_5_foreword.md (6/6 translated)

📘 Processing chapter0_6_preface.md...
📑 Paragraph markers found: 69
🧮 Token-aware batching: 4 batch(es), budget ~106666 tokens, max batch size 20
🟦 Translating batch 1/4 (20 paras, ~1279 tokens input)...
🟦 Translating batch 2/4 (20 paras, ~961 tokens input)...
🟦 Translating batch 3/4 (20 paras, ~884 tokens input)...
🟦 Translating batch 4/4 (9 paras, ~648 tokens input)...
✅ Done: /Users/andnie01/repo/pers/kli-translation-pipeline_principles-of-faith/nepali/pipeline2/translation/chapters/chapter0_6_preface.md (69/69 translated)

📘 Processing chapter10_chapter_10_sanctified_prepared_for_god_s_purpose.md...
📑 Paragraph markers found: 112
🧮 Token-aware batching: 6 batch(es), budget ~106666 tokens, max batch size 20
🟦 Translating batch 1/6 (20 paras, ~1182 tokens input)...
🟦 Translating batch 2/6 (20 paras, ~1639 tokens input)...
🟦 Translating batch 3/6 (20 paras, ~1194 tokens input)...
🟦 Translating batch 4/6 (20 paras, ~1015 tokens input)...
🟦 Translating batch 5/6 (20 paras, ~1177 tokens input)...
🟦 Translating batch 6/6 (12 paras, ~586 tokens input)...
✅ Done: /Users/andnie01/repo/pers/kli-translation-pipeline_principles-of-faith/nepali/pipeline2/translation/chapters/chapter10_chapter_10_sanctified_prepared_for_god_s_purpose.md (112/112 translated)

📘 Processing chapter11_chapter_11_baptisms_water_and_spirit.md...
📑 Paragraph markers found: 133
🧮 Token-aware batching: 7 batch(es), budget ~106666 tokens, max batch size 20
🟦 Translating batch 1/7 (20 paras, ~2829 tokens input)...
🟦 Translating batch 2/7 (20 paras, ~2809 tokens input)...
🟦 Translating batch 3/7 (20 paras, ~1354 tokens input)...
🟦 Translating batch 4/7 (20 paras, ~1024 tokens input)...
🟦 Translating batch 5/7 (20 paras, ~1252 tokens input)...
🟦 Translating batch 6/7 (20 paras, ~2332 tokens input)...
🟦 Translating batch 7/7 (13 paras, ~550 tokens input)...
✅ Done: /Users/andnie01/repo/pers/kli-translation-pipeline_principles-of-faith/nepali/pipeline2/translation/chapters/chapter11_chapter_11_baptisms_water_and_spirit.md (133/133 translated)

📘 Processing chapter12_chapter_12_discipleship.md...
📑 Paragraph markers found: 116
🧮 Token-aware batching: 6 batch(es), budget ~106666 tokens, max batch size 20
🟦 Translating batch 1/6 (20 paras, ~1337 tokens input)...
🟦 Translating batch 2/6 (20 paras, ~985 tokens input)...
🟦 Translating batch 3/6 (20 paras, ~1044 tokens input)...
🟦 Translating batch 4/6 (20 paras, ~1636 tokens input)...
🟦 Translating batch 5/6 (20 paras, ~1890 tokens input)...
🟦 Translating batch 6/6 (16 paras, ~952 tokens input)...
✅ Done: /Users/andnie01/repo/pers/kli-translation-pipeline_principles-of-faith/nepali/pipeline2/translation/chapters/chapter12_chapter_12_discipleship.md (116/116 translated)

📘 Processing chapter13_chapter_13_spiritual_authority.md...
📑 Paragraph markers found: 197
🧮 Token-aware batching: 10 batch(es), budget ~106666 tokens, max batch size 20
🟦 Translating batch 1/10 (20 paras, ~596 tokens input)...
🟦 Translating batch 2/10 (20 paras, ~819 tokens input)...
🟦 Translating batch 3/10 (20 paras, ~1165 tokens input)...
🟦 Translating batch 4/10 (20 paras, ~1159 tokens input)...
🟦 Translating batch 5/10 (20 paras, ~1014 tokens input)...
🟦 Translating batch 6/10 (20 paras, ~2349 tokens input)...
🟦 Translating batch 7/10 (20 paras, ~1445 tokens input)...
🟦 Translating batch 8/10 (20 paras, ~2100 tokens input)...
🟦 Translating batch 9/10 (20 paras, ~1606 tokens input)...
🟦 Translating batch 10/10 (17 paras, ~1072 tokens input)...
✅ Done: /Users/andnie01/repo/pers/kli-translation-pipeline_principles-of-faith/nepali/pipeline2/translation/chapters/chapter13_chapter_13_spiritual_authority.md (197/197 translated)

📘 Processing chapter14_back_1_postscript.md...
📑 Paragraph markers found: 12
🧮 Token-aware batching: 1 batch(es), budget ~106666 tokens, max batch size 20
🟦 Translating batch 1/1 (12 paras, ~568 tokens input)...
✅ Done: /Users/andnie01/repo/pers/kli-translation-pipeline_principles-of-faith/nepali/pipeline2/translation/chapters/chapter14_back_1_postscript.md (12/12 translated)

📘 Processing chapter14_back_3_extended_reference_tables.md...
📑 Paragraph markers found: 5
🧮 Token-aware batching: 1 batch(es), budget ~106666 tokens, max batch size 20
🟦 Translating batch 1/1 (5 paras, ~100 tokens input)...
✅ Done: /Users/andnie01/repo/pers/kli-translation-pipeline_principles-of-faith/nepali/pipeline2/translation/chapters/chapter14_back_3_extended_reference_tables.md (5/5 translated)

📘 Processing chapter14_back_4_end_of_chapter_activities.md...
📑 Paragraph markers found: 615
🧮 Token-aware batching: 31 batch(es), budget ~106666 tokens, max batch size 20
🟦 Translating batch 1/31 (20 paras, ~616 tokens input)...
🟦 Translating batch 2/31 (20 paras, ~459 tokens input)...
🟦 Translating batch 3/31 (20 paras, ~715 tokens input)...
🟦 Translating batch 4/31 (20 paras, ~432 tokens input)...
🟦 Translating batch 5/31 (20 paras, ~593 tokens input)...
🟦 Translating batch 6/31 (20 paras, ~658 tokens input)...
🟦 Translating batch 7/31 (20 paras, ~442 tokens input)...
🟦 Translating batch 8/31 (20 paras, ~763 tokens input)...
🟦 Translating batch 9/31 (20 paras, ~761 tokens input)...
🟦 Translating batch 10/31 (20 paras, ~333 tokens input)...
🟦 Translating batch 11/31 (20 paras, ~324 tokens input)...
🟦 Translating batch 12/31 (20 paras, ~413 tokens input)...
🟦 Translating batch 13/31 (20 paras, ~571 tokens input)...
🟦 Translating batch 14/31 (20 paras, ~345 tokens input)...
🟦 Translating batch 15/31 (20 paras, ~678 tokens input)...
🟦 Translating batch 16/31 (20 paras, ~514 tokens input)...
🟦 Translating batch 17/31 (20 paras, ~375 tokens input)...
🟦 Translating batch 18/31 (20 paras, ~410 tokens input)...
🟦 Translating batch 19/31 (20 paras, ~429 tokens input)...
🟦 Translating batch 20/31 (20 paras, ~398 tokens input)...
🟦 Translating batch 21/31 (20 paras, ~446 tokens input)...
🟦 Translating batch 22/31 (20 paras, ~426 tokens input)...
🟦 Translating batch 23/31 (20 paras, ~584 tokens input)...
🟦 Translating batch 24/31 (20 paras, ~519 tokens input)...
🟦 Translating batch 25/31 (20 paras, ~375 tokens input)...
🟦 Translating batch 26/31 (20 paras, ~365 tokens input)...
🟦 Translating batch 27/31 (20 paras, ~696 tokens input)...
🟦 Translating batch 28/31 (20 paras, ~625 tokens input)...
🟦 Translating batch 29/31 (20 paras, ~751 tokens input)...
🟦 Translating batch 30/31 (20 paras, ~435 tokens input)...
🟦 Translating batch 31/31 (15 paras, ~337 tokens input)...
✅ Done: /Users/andnie01/repo/pers/kli-translation-pipeline_principles-of-faith/nepali/pipeline2/translation/chapters/chapter14_back_4_end_of_chapter_activities.md (615/615 translated)

📘 Processing chapter14_back_5_hearing_the_voice_of_god.md...
📑 Paragraph markers found: 49
🧮 Token-aware batching: 3 batch(es), budget ~106666 tokens, max batch size 20
🟦 Translating batch 1/3 (20 paras, ~856 tokens input)...
🟦 Translating batch 2/3 (20 paras, ~2662 tokens input)...
🟦 Translating batch 3/3 (9 paras, ~286 tokens input)...
✅ Done: /Users/andnie01/repo/pers/kli-translation-pipeline_principles-of-faith/nepali/pipeline2/translation/chapters/chapter14_back_5_hearing_the_voice_of_god.md (49/49 translated)

📘 Processing chapter14_chapter_14_keep_watch.md...
📑 Paragraph markers found: 109
🧮 Token-aware batching: 6 batch(es), budget ~106666 tokens, max batch size 20
🟦 Translating batch 1/6 (20 paras, ~631 tokens input)...
🟦 Translating batch 2/6 (20 paras, ~706 tokens input)...
🟦 Translating batch 3/6 (20 paras, ~1279 tokens input)...
🟦 Translating batch 4/6 (20 paras, ~549 tokens input)...
🟦 Translating batch 5/6 (20 paras, ~816 tokens input)...
🟦 Translating batch 6/6 (9 paras, ~512 tokens input)...
✅ Done: /Users/andnie01/repo/pers/kli-translation-pipeline_principles-of-faith/nepali/pipeline2/translation/chapters/chapter14_chapter_14_keep_watch.md (109/109 translated)

📘 Processing chapter1_chapter_1_sound_doctrine_matters.md...
📑 Paragraph markers found: 116
🧮 Token-aware batching: 6 batch(es), budget ~106666 tokens, max batch size 20
🟦 Translating batch 1/6 (20 paras, ~1800 tokens input)...
🟦 Translating batch 2/6 (20 paras, ~1027 tokens input)...
🟦 Translating batch 3/6 (20 paras, ~586 tokens input)...
🟦 Translating batch 4/6 (20 paras, ~1108 tokens input)...
🟦 Translating batch 5/6 (20 paras, ~584 tokens input)...
🟦 Translating batch 6/6 (16 paras, ~420 tokens input)...
✅ Done: /Users/andnie01/repo/pers/kli-translation-pipeline_principles-of-faith/nepali/pipeline2/translation/chapters/chapter1_chapter_1_sound_doctrine_matters.md (116/116 translated)

📘 Processing chapter2_chapter_2_god_eternal_creator_and_loving_father.md...
📑 Paragraph markers found: 70
🧮 Token-aware batching: 4 batch(es), budget ~106666 tokens, max batch size 20
🟦 Translating batch 1/4 (20 paras, ~1108 tokens input)...
🟦 Translating batch 2/4 (20 paras, ~1276 tokens input)...
🟦 Translating batch 3/4 (20 paras, ~2087 tokens input)...
🟦 Translating batch 4/4 (10 paras, ~510 tokens input)...
✅ Done: /Users/andnie01/repo/pers/kli-translation-pipeline_principles-of-faith/nepali/pipeline2/translation/chapters/chapter2_chapter_2_god_eternal_creator_and_loving_father.md (70/70 translated)

📘 Processing chapter3_chapter_3_sin_and_redemption.md...
📑 Paragraph markers found: 111
🧮 Token-aware batching: 6 batch(es), budget ~106666 tokens, max batch size 20
🟦 Translating batch 1/6 (20 paras, ~1121 tokens input)...
🟦 Translating batch 2/6 (20 paras, ~561 tokens input)...
🟦 Translating batch 3/6 (20 paras, ~1140 tokens input)...
🟦 Translating batch 4/6 (20 paras, ~1514 tokens input)...
🟦 Translating batch 5/6 (20 paras, ~1220 tokens input)...
🟦 Translating batch 6/6 (11 paras, ~494 tokens input)...
✅ Done: /Users/andnie01/repo/pers/kli-translation-pipeline_principles-of-faith/nepali/pipeline2/translation/chapters/chapter3_chapter_3_sin_and_redemption.md (111/111 translated)

📘 Processing chapter4_chapter_4_jesus_the_messiah.md...
📑 Paragraph markers found: 105
🧮 Token-aware batching: 6 batch(es), budget ~106666 tokens, max batch size 20
🟦 Translating batch 1/6 (20 paras, ~1333 tokens input)...
🟦 Translating batch 2/6 (20 paras, ~1467 tokens input)...
🟦 Translating batch 3/6 (20 paras, ~761 tokens input)...
🟦 Translating batch 4/6 (20 paras, ~1420 tokens input)...
🟦 Translating batch 5/6 (20 paras, ~1027 tokens input)...
🟦 Translating batch 6/6 (5 paras, ~383 tokens input)...
✅ Done: /Users/andnie01/repo/pers/kli-translation-pipeline_principles-of-faith/nepali/pipeline2/translation/chapters/chapter4_chapter_4_jesus_the_messiah.md (105/105 translated)

📘 Processing chapter5_chapter_5_repentance_from_dead_works.md...
📑 Paragraph markers found: 148
🧮 Token-aware batching: 8 batch(es), budget ~106666 tokens, max batch size 20
🟦 Translating batch 1/8 (20 paras, ~789 tokens input)...
🟦 Translating batch 2/8 (20 paras, ~700 tokens input)...
🟦 Translating batch 3/8 (20 paras, ~790 tokens input)...
🟦 Translating batch 4/8 (20 paras, ~809 tokens input)...
🟦 Translating batch 5/8 (20 paras, ~1178 tokens input)...
🟦 Translating batch 6/8 (20 paras, ~1108 tokens input)...
🟦 Translating batch 7/8 (20 paras, ~1670 tokens input)...
🟦 Translating batch 8/8 (8 paras, ~567 tokens input)...
✅ Done: /Users/andnie01/repo/pers/kli-translation-pipeline_principles-of-faith/nepali/pipeline2/translation/chapters/chapter5_chapter_5_repentance_from_dead_works.md (148/148 translated)

📘 Processing chapter6_chapter_6_faith_toward_god.md...
📑 Paragraph markers found: 169
🧮 Token-aware batching: 9 batch(es), budget ~106666 tokens, max batch size 20
🟦 Translating batch 1/9 (20 paras, ~949 tokens input)...
🟦 Translating batch 2/9 (20 paras, ~1243 tokens input)...
🟦 Translating batch 3/9 (20 paras, ~1977 tokens input)...
🟦 Translating batch 4/9 (20 paras, ~828 tokens input)...
🟦 Translating batch 5/9 (20 paras, ~1326 tokens input)...
🟦 Translating batch 6/9 (20 paras, ~1150 tokens input)...
🟦 Translating batch 7/9 (20 paras, ~650 tokens input)...
🟦 Translating batch 8/9 (20 paras, ~1148 tokens input)...
🟦 Translating batch 9/9 (9 paras, ~358 tokens input)...
✅ Done: /Users/andnie01/repo/pers/kli-translation-pipeline_principles-of-faith/nepali/pipeline2/translation/chapters/chapter6_chapter_6_faith_toward_god.md (169/169 translated)

📘 Processing chapter7_chapter_7_jesus_the_foundation_of_our_faith.md...
📑 Paragraph markers found: 78
🧮 Token-aware batching: 4 batch(es), budget ~106666 tokens, max batch size 20
🟦 Translating batch 1/4 (20 paras, ~2812 tokens input)...
🟦 Translating batch 2/4 (20 paras, ~3067 tokens input)...
🟦 Translating batch 3/4 (20 paras, ~2399 tokens input)...
🟦 Translating batch 4/4 (18 paras, ~966 tokens input)...
✅ Done: /Users/andnie01/repo/pers/kli-translation-pipeline_principles-of-faith/nepali/pipeline2/translation/chapters/chapter7_chapter_7_jesus_the_foundation_of_our_faith.md (78/78 translated)

📘 Processing chapter8_chapter_8_holy_spirit_comforter_guide_and_power.md...
📑 Paragraph markers found: 147
🧮 Token-aware batching: 8 batch(es), budget ~106666 tokens, max batch size 20
🟦 Translating batch 1/8 (20 paras, ~1930 tokens input)...
🟦 Translating batch 2/8 (20 paras, ~1663 tokens input)...
🟦 Translating batch 3/8 (20 paras, ~1738 tokens input)...
🟦 Translating batch 4/8 (20 paras, ~1061 tokens input)...
🟦 Translating batch 5/8 (20 paras, ~934 tokens input)...
🟦 Translating batch 6/8 (20 paras, ~857 tokens input)...
🟦 Translating batch 7/8 (20 paras, ~832 tokens input)...
🟦 Translating batch 8/8 (7 paras, ~298 tokens input)...
✅ Done: /Users/andnie01/repo/pers/kli-translation-pipeline_principles-of-faith/nepali/pipeline2/translation/chapters/chapter8_chapter_8_holy_spirit_comforter_guide_and_power.md (147/147 translated)

📘 Processing chapter9_chapter_9_the_church_our_role_in_it.md...
📑 Paragraph markers found: 195
🧮 Token-aware batching: 10 batch(es), budget ~106666 tokens, max batch size 20
🟦 Translating batch 1/10 (20 paras, ~901 tokens input)...
🟦 Translating batch 2/10 (20 paras, ~1912 tokens input)...
🟦 Translating batch 3/10 (20 paras, ~1682 tokens input)...
🟦 Translating batch 4/10 (20 paras, ~1627 tokens input)...
🟦 Translating batch 5/10 (20 paras, ~1734 tokens input)...
🟦 Translating batch 6/10 (20 paras, ~1346 tokens input)...
🟦 Translating batch 7/10 (20 paras, ~1941 tokens input)...
🟦 Translating batch 8/10 (20 paras, ~854 tokens input)...
🟦 Translating batch 9/10 (20 paras, ~1357 tokens input)...
🟦 Translating batch 10/10 (15 paras, ~782 tokens input)...
✅ Done: /Users/andnie01/repo/pers/kli-translation-pipeline_principles-of-faith/nepali/pipeline2/translation/chapters/chapter9_chapter_9_the_church_our_role_in_it.md (195/195 translated)

🎯 All files processed.
⚠️  Unknown model for tokenizer; using cl100k_base.

📘 Processing chapter0_0_intro.md...
📑 Paragraph markers found: 20
🧮 Token-aware batching: 1 batch(es), budget ~106666 tokens, max batch size 20
🟦 Translating batch 1/1 (20 paras, ~2191 tokens input)...
✅ Done: /Users/andnie01/repo/pers/kli-translation-pipeline_principles-of-faith/nepali/pipeline2/backtranslation/chapters/chapter0_0_intro.md (20/20 translated)

📘 Processing chapter0_1_dedication.md...
📑 Paragraph markers found: 3
🧮 Token-aware batching: 1 batch(es), budget ~106666 tokens, max batch size 20
🟦 Translating batch 1/1 (3 paras, ~217 tokens input)...
✅ Done: /Users/andnie01/repo/pers/kli-translation-pipeline_principles-of-faith/nepali/pipeline2/backtranslation/chapters/chapter0_1_dedication.md (3/3 translated)

📘 Processing chapter0_2_acknowledgements.md...
📑 Paragraph markers found: 4
🧮 Token-aware batching: 1 batch(es), budget ~106666 tokens, max batch size 20
🟦 Translating batch 1/1 (4 paras, ~726 tokens input)...
✅ Done: /Users/andnie01/repo/pers/kli-translation-pipeline_principles-of-faith/nepali/pipeline2/backtranslation/chapters/chapter0_2_acknowledgements.md (4/4 translated)

📘 Processing chapter0_3_table_of_contents.md...
📑 Paragraph markers found: 26
🧮 Token-aware batching: 2 batch(es), budget ~106666 tokens, max batch size 20
🟦 Translating batch 1/2 (20 paras, ~1098 tokens input)...
🟦 Translating batch 2/2 (6 paras, ~245 tokens input)...
✅ Done: /Users/andnie01/repo/pers/kli-translation-pipeline_principles-of-faith/nepali/pipeline2/backtranslation/chapters/chapter0_3_table_of_contents.md (26/26 translated)

📘 Processing chapter0_4_list_of_tables.md...
📑 Paragraph markers found: 13
🧮 Token-aware batching: 1 batch(es), budget ~106666 tokens, max batch size 20
🟦 Translating batch 1/1 (13 paras, ~909 tokens input)...
✅ Done: /Users/andnie01/repo/pers/kli-translation-pipeline_principles-of-faith/nepali/pipeline2/backtranslation/chapters/chapter0_4_list_of_tables.md (13/13 translated)

📘 Processing chapter0_5_foreword.md...
📑 Paragraph markers found: 6
🧮 Token-aware batching: 1 batch(es), budget ~106666 tokens, max batch size 20
🟦 Translating batch 1/1 (6 paras, ~1350 tokens input)...
✅ Done: /Users/andnie01/repo/pers/kli-translation-pipeline_principles-of-faith/nepali/pipeline2/backtranslation/chapters/chapter0_5_foreword.md (6/6 translated)

📘 Processing chapter0_6_preface.md...
📑 Paragraph markers found: 69
🧮 Token-aware batching: 4 batch(es), budget ~106666 tokens, max batch size 20
🟦 Translating batch 1/4 (20 paras, ~5177 tokens input)...
🟦 Translating batch 2/4 (20 paras, ~3756 tokens input)...
🟦 Translating batch 3/4 (20 paras, ~2619 tokens input)...
🟦 Translating batch 4/4 (9 paras, ~2333 tokens input)...
✅ Done: /Users/andnie01/repo/pers/kli-translation-pipeline_principles-of-faith/nepali/pipeline2/backtranslation/chapters/chapter0_6_preface.md (69/69 translated)

📘 Processing chapter10_chapter_10_sanctified_prepared_for_god_s_purpose.md...
📑 Paragraph markers found: 112
🧮 Token-aware batching: 6 batch(es), budget ~106666 tokens, max batch size 20
🟦 Translating batch 1/6 (20 paras, ~4495 tokens input)...
🟦 Translating batch 2/6 (20 paras, ~5189 tokens input)...
🟦 Translating batch 3/6 (20 paras, ~4308 tokens input)...
🟦 Translating batch 4/6 (20 paras, ~3156 tokens input)...
🟦 Translating batch 5/6 (20 paras, ~3598 tokens input)...
🟦 Translating batch 6/6 (12 paras, ~1886 tokens input)...
✅ Done: /Users/andnie01/repo/pers/kli-translation-pipeline_principles-of-faith/nepali/pipeline2/backtranslation/chapters/chapter10_chapter_10_sanctified_prepared_for_god_s_purpose.md (112/112 translated)

📘 Processing chapter11_chapter_11_baptisms_water_and_spirit.md...
📑 Paragraph markers found: 133
🧮 Token-aware batching: 7 batch(es), budget ~106666 tokens, max batch size 20
🟦 Translating batch 1/7 (20 paras, ~8493 tokens input)...
🟦 Translating batch 2/7 (20 paras, ~8546 tokens input)...
🟦 Translating batch 3/7 (20 paras, ~4023 tokens input)...
🟦 Translating batch 4/7 (20 paras, ~2800 tokens input)...
🟦 Translating batch 5/7 (20 paras, ~2680 tokens input)...
🟦 Translating batch 6/7 (20 paras, ~5530 tokens input)...
🟦 Translating batch 7/7 (13 paras, ~2020 tokens input)...
✅ Done: /Users/andnie01/repo/pers/kli-translation-pipeline_principles-of-faith/nepali/pipeline2/backtranslation/chapters/chapter11_chapter_11_baptisms_water_and_spirit.md (133/133 translated)

📘 Processing chapter12_chapter_12_discipleship.md...
📑 Paragraph markers found: 116
🧮 Token-aware batching: 6 batch(es), budget ~106666 tokens, max batch size 20
🟦 Translating batch 1/6 (20 paras, ~5042 tokens input)...
🟦 Translating batch 2/6 (20 paras, ~3798 tokens input)...
🟦 Translating batch 3/6 (20 paras, ~4068 tokens input)...
🟦 Translating batch 4/6 (20 paras, ~5561 tokens input)...
🟦 Translating batch 5/6 (20 paras, ~6896 tokens input)...
🟦 Translating batch 6/6 (16 paras, ~3504 tokens input)...
✅ Done: /Users/andnie01/repo/pers/kli-translation-pipeline_principles-of-faith/nepali/pipeline2/backtranslation/chapters/chapter12_chapter_12_discipleship.md (116/116 translated)

📘 Processing chapter13_chapter_13_spiritual_authority.md...
📑 Paragraph markers found: 197
🧮 Token-aware batching: 10 batch(es), budget ~106666 tokens, max batch size 20
🟦 Translating batch 1/10 (20 paras, ~2093 tokens input)...
🟦 Translating batch 2/10 (20 paras, ~1914 tokens input)...
🟦 Translating batch 3/10 (20 paras, ~2990 tokens input)...
🟦 Translating batch 4/10 (20 paras, ~3297 tokens input)...
🟦 Translating batch 5/10 (20 paras, ~3113 tokens input)...
🟦 Translating batch 6/10 (20 paras, ~6287 tokens input)...
🟦 Translating batch 7/10 (20 paras, ~5040 tokens input)...
🟦 Translating batch 8/10 (20 paras, ~5073 tokens input)...
🟦 Translating batch 9/10 (20 paras, ~3562 tokens input)...
🟦 Translating batch 10/10 (17 paras, ~3688 tokens input)...
✅ Done: /Users/andnie01/repo/pers/kli-translation-pipeline_principles-of-faith/nepali/pipeline2/backtranslation/chapters/chapter13_chapter_13_spiritual_authority.md (197/197 translated)

📘 Processing chapter14_back_1_postscript.md...
📑 Paragraph markers found: 12
🧮 Token-aware batching: 1 batch(es), budget ~106666 tokens, max batch size 20
🟦 Translating batch 1/1 (12 paras, ~2267 tokens input)...
✅ Done: /Users/andnie01/repo/pers/kli-translation-pipeline_principles-of-faith/nepali/pipeline2/backtranslation/chapters/chapter14_back_1_postscript.md (12/12 translated)

📘 Processing chapter14_back_3_extended_reference_tables.md...
📑 Paragraph markers found: 5
🧮 Token-aware batching: 1 batch(es), budget ~106666 tokens, max batch size 20
🟦 Translating batch 1/1 (5 paras, ~439 tokens input)...
✅ Done: /Users/andnie01/repo/pers/kli-translation-pipeline_principles-of-faith/nepali/pipeline2/backtranslation/chapters/chapter14_back_3_extended_reference_tables.md (5/5 translated)

📘 Processing chapter14_back_4_end_of_chapter_activities.md...
📑 Paragraph markers found: 615
🧮 Token-aware batching: 31 batch(es), budget ~106666 tokens, max batch size 20
🟦 Translating batch 1/31 (20 paras, ~2005 tokens input)...
🟦 Translating batch 2/31 (20 paras, ~1833 tokens input)...
🟦 Translating batch 3/31 (20 paras, ~1791 tokens input)...
🟦 Translating batch 4/31 (20 paras, ~1576 tokens input)...
🟦 Translating batch 5/31 (20 paras, ~1577 tokens input)...
🟦 Translating batch 6/31 (20 paras, ~1567 tokens input)...
🟦 Translating batch 7/31 (20 paras, ~1221 tokens input)...
🟦 Translating batch 8/31 (20 paras, ~1626 tokens input)...
🟦 Translating batch 9/31 (20 paras, ~1761 tokens input)...
🟦 Translating batch 10/31 (20 paras, ~1214 tokens input)...
🟦 Translating batch 11/31 (20 paras, ~1304 tokens input)...
🟦 Translating batch 12/31 (20 paras, ~1351 tokens input)...
🟦 Translating batch 13/31 (20 paras, ~1657 tokens input)...
🟦 Translating batch 14/31 (20 paras, ~1343 tokens input)...
🟦 Translating batch 15/31 (20 paras, ~1620 tokens input)...
🟦 Translating batch 16/31 (20 paras, ~1582 tokens input)...
🟦 Translating batch 17/31 (20 paras, ~1360 tokens input)...
🟦 Translating batch 18/31 (20 paras, ~1594 tokens input)...
🟦 Translating batch 19/31 (20 paras, ~1419 tokens input)...
🟦 Translating batch 20/31 (20 paras, ~1625 tokens input)...
🟦 Translating batch 21/31 (20 paras, ~1800 tokens input)...
🟦 Translating batch 22/31 (20 paras, ~1582 tokens input)...
🟦 Translating batch 23/31 (20 paras, ~1485 tokens input)...
🟦 Translating batch 24/31 (20 paras, ~1612 tokens input)...
🟦 Translating batch 25/31 (20 paras, ~1616 tokens input)...
🟦 Translating batch 26/31 (20 paras, ~1489 tokens input)...
🟦 Translating batch 27/31 (20 paras, ~1817 tokens input)...
🟦 Translating batch 28/31 (20 paras, ~1377 tokens input)...
🟦 Translating batch 29/31 (20 paras, ~1646 tokens input)...
🟦 Translating batch 30/31 (20 paras, ~1219 tokens input)...
🟦 Translating batch 31/31 (15 paras, ~1049 tokens input)...
✅ Done: /Users/andnie01/repo/pers/kli-translation-pipeline_principles-of-faith/nepali/pipeline2/backtranslation/chapters/chapter14_back_4_end_of_chapter_activities.md (615/615 translated)

📘 Processing chapter14_back_5_hearing_the_voice_of_god.md...
📑 Paragraph markers found: 49
🧮 Token-aware batching: 3 batch(es), budget ~106666 tokens, max batch size 20
🟦 Translating batch 1/3 (20 paras, ~3259 tokens input)...
🟦 Translating batch 2/3 (20 paras, ~8303 tokens input)...
🟦 Translating batch 3/3 (9 paras, ~911 tokens input)...
✅ Done: /Users/andnie01/repo/pers/kli-translation-pipeline_principles-of-faith/nepali/pipeline2/backtranslation/chapters/chapter14_back_5_hearing_the_voice_of_god.md (49/49 translated)

📘 Processing chapter14_chapter_14_keep_watch.md...
📑 Paragraph markers found: 109
🧮 Token-aware batching: 6 batch(es), budget ~106666 tokens, max batch size 20
🟦 Translating batch 1/6 (20 paras, ~1971 tokens input)...
🟦 Translating batch 2/6 (20 paras, ~1939 tokens input)...
🟦 Translating batch 3/6 (20 paras, ~3343 tokens input)...
🟦 Translating batch 4/6 (20 paras, ~1704 tokens input)...
🟦 Translating batch 5/6 (20 paras, ~2550 tokens input)...
🟦 Translating batch 6/6 (9 paras, ~1572 tokens input)...
✅ Done: /Users/andnie01/repo/pers/kli-translation-pipeline_principles-of-faith/nepali/pipeline2/backtranslation/chapters/chapter14_chapter_14_keep_watch.md (109/109 translated)

📘 Processing chapter1_chapter_1_sound_doctrine_matters.md...
📑 Paragraph markers found: 116
🧮 Token-aware batching: 6 batch(es), budget ~106666 tokens, max batch size 20
🟦 Translating batch 1/6 (20 paras, ~5477 tokens input)...
🟦 Translating batch 2/6 (20 paras, ~3326 tokens input)...
🟦 Translating batch 3/6 (20 paras, ~2087 tokens input)...
🟦 Translating batch 4/6 (20 paras, ~3710 tokens input)...
🟦 Translating batch 5/6 (20 paras, ~1563 tokens input)...
🟦 Translating batch 6/6 (16 paras, ~1470 tokens input)...
✅ Done: /Users/andnie01/repo/pers/kli-translation-pipeline_principles-of-faith/nepali/pipeline2/backtranslation/chapters/chapter1_chapter_1_sound_doctrine_matters.md (116/116 translated)

📘 Processing chapter2_chapter_2_god_eternal_creator_and_loving_father.md...
📑 Paragraph markers found: 70
🧮 Token-aware batching: 4 batch(es), budget ~106666 tokens, max batch size 20
🟦 Translating batch 1/4 (20 paras, ~5162 tokens input)...
🟦 Translating batch 2/4 (20 paras, ~3946 tokens input)...
🟦 Translating batch 3/4 (20 paras, ~7912 tokens input)...
🟦 Translating batch 4/4 (10 paras, ~1428 tokens input)...
✅ Done: /Users/andnie01/repo/pers/kli-translation-pipeline_principles-of-faith/nepali/pipeline2/backtranslation/chapters/chapter2_chapter_2_god_eternal_creator_and_loving_father.md (70/70 translated)

📘 Processing chapter3_chapter_3_sin_and_redemption.md...
📑 Paragraph markers found: 111
🧮 Token-aware batching: 6 batch(es), budget ~106666 tokens, max batch size 20
🟦 Translating batch 1/6 (20 paras, ~4069 tokens input)...
🟦 Translating batch 2/6 (20 paras, ~1525 tokens input)...
🟦 Translating batch 3/6 (20 paras, ~2760 tokens input)...
🟦 Translating batch 4/6 (20 paras, ~6177 tokens input)...
🟦 Translating batch 5/6 (20 paras, ~4526 tokens input)...
🟦 Translating batch 6/6 (11 paras, ~1566 tokens input)...
✅ Done: /Users/andnie01/repo/pers/kli-translation-pipeline_principles-of-faith/nepali/pipeline2/backtranslation/chapters/chapter3_chapter_3_sin_and_redemption.md (111/111 translated)

📘 Processing chapter4_chapter_4_jesus_the_messiah.md...
📑 Paragraph markers found: 105
🧮 Token-aware batching: 6 batch(es), budget ~106666 tokens, max batch size 20
🟦 Translating batch 1/6 (20 paras, ~3779 tokens input)...
🟦 Translating batch 2/6 (20 paras, ~5235 tokens input)...
🟦 Translating batch 3/6 (20 paras, ~2806 tokens input)...
🟦 Translating batch 4/6 (20 paras, ~4139 tokens input)...
🟦 Translating batch 5/6 (20 paras, ~2938 tokens input)...
🟦 Translating batch 6/6 (5 paras, ~950 tokens input)...
✅ Done: /Users/andnie01/repo/pers/kli-translation-pipeline_principles-of-faith/nepali/pipeline2/backtranslation/chapters/chapter4_chapter_4_jesus_the_messiah.md (105/105 translated)

📘 Processing chapter5_chapter_5_repentance_from_dead_works.md...
📑 Paragraph markers found: 148
🧮 Token-aware batching: 8 batch(es), budget ~106666 tokens, max batch size 20
🟦 Translating batch 1/8 (20 paras, ~3130 tokens input)...
🟦 Translating batch 2/8 (20 paras, ~2848 tokens input)...
🟦 Translating batch 3/8 (20 paras, ~2390 tokens input)...
🟦 Translating batch 4/8 (20 paras, ~3199 tokens input)...
🟦 Translating batch 5/8 (20 paras, ~4133 tokens input)...
🟦 Translating batch 6/8 (20 paras, ~4046 tokens input)...
🟦 Translating batch 7/8 (20 paras, ~6077 tokens input)...
🟦 Translating batch 8/8 (8 paras, ~1317 tokens input)...
✅ Done: /Users/andnie01/repo/pers/kli-translation-pipeline_principles-of-faith/nepali/pipeline2/backtranslation/chapters/chapter5_chapter_5_repentance_from_dead_works.md (148/148 translated)

📘 Processing chapter6_chapter_6_faith_toward_god.md...
📑 Paragraph markers found: 169
🧮 Token-aware batching: 9 batch(es), budget ~106666 tokens, max batch size 20
🟦 Translating batch 1/9 (20 paras, ~3845 tokens input)...
🟦 Translating batch 2/9 (20 paras, ~5434 tokens input)...
🟦 Translating batch 3/9 (20 paras, ~7054 tokens input)...
🟦 Translating batch 4/9 (20 paras, ~2809 tokens input)...
🟦 Translating batch 5/9 (20 paras, ~4429 tokens input)...
🟦 Translating batch 6/9 (20 paras, ~3347 tokens input)...
🟦 Translating batch 7/9 (20 paras, ~1232 tokens input)...
🟦 Translating batch 8/9 (20 paras, ~3693 tokens input)...
🟦 Translating batch 9/9 (9 paras, ~1269 tokens input)...
✅ Done: /Users/andnie01/repo/pers/kli-translation-pipeline_principles-of-faith/nepali/pipeline2/backtranslation/chapters/chapter6_chapter_6_faith_toward_god.md (169/169 translated)

📘 Processing chapter7_chapter_7_jesus_the_foundation_of_our_faith.md...
📑 Paragraph markers found: 78
🧮 Token-aware batching: 4 batch(es), budget ~106666 tokens, max batch size 20
🟦 Translating batch 1/4 (20 paras, ~7431 tokens input)...
🟦 Translating batch 2/4 (20 paras, ~8700 tokens input)...
🟦 Translating batch 3/4 (20 paras, ~6063 tokens input)...
🟦 Translating batch 4/4 (18 paras, ~3870 tokens input)...
✅ Done: /Users/andnie01/repo/pers/kli-translation-pipeline_principles-of-faith/nepali/pipeline2/backtranslation/chapters/chapter7_chapter_7_jesus_the_foundation_of_our_faith.md (78/78 translated)

📘 Processing chapter8_chapter_8_holy_spirit_comforter_guide_and_power.md...
📑 Paragraph markers found: 147
🧮 Token-aware batching: 8 batch(es), budget ~106666 tokens, max batch size 20
🟦 Translating batch 1/8 (20 paras, ~5947 tokens input)...
🟦 Translating batch 2/8 (20 paras, ~4436 tokens input)...
🟦 Translating batch 3/8 (20 paras, ~5182 tokens input)...
🟦 Translating batch 4/8 (20 paras, ~3304 tokens input)...
🟦 Translating batch 5/8 (20 paras, ~2912 tokens input)...
🟦 Translating batch 6/8 (20 paras, ~3654 tokens input)...
🟦 Translating batch 7/8 (20 paras, ~3394 tokens input)...
🟦 Translating batch 8/8 (7 paras, ~1079 tokens input)...
✅ Done: /Users/andnie01/repo/pers/kli-translation-pipeline_principles-of-faith/nepali/pipeline2/backtranslation/chapters/chapter8_chapter_8_holy_spirit_comforter_guide_and_power.md (147/147 translated)

📘 Processing chapter9_chapter_9_the_church_our_role_in_it.md...
📑 Paragraph markers found: 195
🧮 Token-aware batching: 10 batch(es), budget ~106666 tokens, max batch size 20
🟦 Translating batch 1/10 (20 paras, ~2642 tokens input)...
🟦 Translating batch 2/10 (20 paras, ~4805 tokens input)...
🟦 Translating batch 3/10 (20 paras, ~4721 tokens input)...
🟦 Translating batch 4/10 (20 paras, ~3762 tokens input)...
🟦 Translating batch 5/10 (20 paras, ~4473 tokens input)...
🟦 Translating batch 6/10 (20 paras, ~4579 tokens input)...
🟦 Translating batch 7/10 (20 paras, ~6805 tokens input)...
🟦 Translating batch 8/10 (20 paras, ~2655 tokens input)...
🟦 Translating batch 9/10 (20 paras, ~4617 tokens input)...
🟦 Translating batch 10/10 (15 paras, ~2979 tokens input)...
✅ Done: /Users/andnie01/repo/pers/kli-translation-pipeline_principles-of-faith/nepali/pipeline2/backtranslation/chapters/chapter9_chapter_9_the_church_our_role_in_it.md (195/195 translated)

🎯 All files processed.
