⚠️  Unknown model for tokenizer; using cl100k_base.

📘 Processing chapter0_0_intro.md...
📑 Paragraph markers found: 20
🧮 Token-aware batching: 1 batch(es), budget ~106666 tokens, max batch size 20
🟦 Translating batch 1/1 (20 paras, ~630 tokens input)...
✅ Done: /Users/andnie01/repo/pers/kli-translation-pipeline_principles-of-faith/farsi/pipeline2/translation/chapters/chapter0_0_intro.md (20/20 translated)

📘 Processing chapter0_1_dedication.md...
📑 Paragraph markers found: 3
🧮 Token-aware batching: 1 batch(es), budget ~106666 tokens, max batch size 20
🟦 Translating batch 1/1 (3 paras, ~67 tokens input)...
✅ Done: /Users/andnie01/repo/pers/kli-translation-pipeline_principles-of-faith/farsi/pipeline2/translation/chapters/chapter0_1_dedication.md (3/3 translated)

📘 Processing chapter0_2_acknowledgements.md...
📑 Paragraph markers found: 4
🧮 Token-aware batching: 1 batch(es), budget ~106666 tokens, max batch size 20
🟦 Translating batch 1/1 (4 paras, ~178 tokens input)...
✅ Done: /Users/andnie01/repo/pers/kli-translation-pipeline_principles-of-faith/farsi/pipeline2/translation/chapters/chapter0_2_acknowledgements.md (4/4 translated)

📘 Processing chapter0_3_table_of_contents.md...
📑 Paragraph markers found: 26
🧮 Token-aware batching: 2 batch(es), budget ~106666 tokens, max batch size 20
🟦 Translating batch 1/2 (20 paras, ~683 tokens input)...
🟦 Translating batch 2/2 (6 paras, ~150 tokens input)...
✅ Done: /Users/andnie01/repo/pers/kli-translation-pipeline_principles-of-faith/farsi/pipeline2/translation/chapters/chapter0_3_table_of_contents.md (26/26 translated)

📘 Processing chapter0_4_list_of_tables.md...
📑 Paragraph markers found: 13
🧮 Token-aware batching: 1 batch(es), budget ~106666 tokens, max batch size 20
🟦 Translating batch 1/1 (13 paras, ~543 tokens input)...
✅ Done: /Users/andnie01/repo/pers/kli-translation-pipeline_principles-of-faith/farsi/pipeline2/translation/chapters/chapter0_4_list_of_tables.md (13/13 translated)

📘 Processing chapter0_5_foreword.md...
📑 Paragraph markers found: 6
🧮 Token-aware batching: 1 batch(es), budget ~106666 tokens, max batch size 20
🟦 Translating batch 1/1 (6 paras, ~289 tokens input)...
✅ Done: /Users/andnie01/repo/pers/kli-translation-pipeline_principles-of-faith/farsi/pipeline2/translation/chapters/chapter0_5_foreword.md (6/6 translated)

📘 Processing chapter0_6_preface.md...
📑 Paragraph markers found: 69
🧮 Token-aware batching: 4 batch(es), budget ~106666 tokens, max batch size 20
🟦 Translating batch 1/4 (20 paras, ~1279 tokens input)...
🟦 Translating batch 2/4 (20 paras, ~961 tokens input)...
🟦 Translating batch 3/4 (20 paras, ~884 tokens input)...
🟦 Translating batch 4/4 (9 paras, ~648 tokens input)...
✅ Done: /Users/andnie01/repo/pers/kli-translation-pipeline_principles-of-faith/farsi/pipeline2/translation/chapters/chapter0_6_preface.md (69/69 translated)

📘 Processing chapter10_chapter_10_sanctified_prepared_for_god_s_purpose.md...
📑 Paragraph markers found: 112
🧮 Token-aware batching: 6 batch(es), budget ~106666 tokens, max batch size 20
🟦 Translating batch 1/6 (20 paras, ~1182 tokens input)...
🟦 Translating batch 2/6 (20 paras, ~1639 tokens input)...
🟦 Translating batch 3/6 (20 paras, ~1194 tokens input)...
🟦 Translating batch 4/6 (20 paras, ~1015 tokens input)...
🟦 Translating batch 5/6 (20 paras, ~1177 tokens input)...
🟦 Translating batch 6/6 (12 paras, ~586 tokens input)...
✅ Done: /Users/andnie01/repo/pers/kli-translation-pipeline_principles-of-faith/farsi/pipeline2/translation/chapters/chapter10_chapter_10_sanctified_prepared_for_god_s_purpose.md (112/112 translated)

📘 Processing chapter11_chapter_11_baptisms_water_and_spirit.md...
📑 Paragraph markers found: 133
🧮 Token-aware batching: 7 batch(es), budget ~106666 tokens, max batch size 20
🟦 Translating batch 1/7 (20 paras, ~2829 tokens input)...
🟦 Translating batch 2/7 (20 paras, ~2809 tokens input)...
🟦 Translating batch 3/7 (20 paras, ~1354 tokens input)...
🟦 Translating batch 4/7 (20 paras, ~1024 tokens input)...
🟦 Translating batch 5/7 (20 paras, ~1252 tokens input)...
🟦 Translating batch 6/7 (20 paras, ~2332 tokens input)...
🟦 Translating batch 7/7 (13 paras, ~550 tokens input)...
✅ Done: /Users/andnie01/repo/pers/kli-translation-pipeline_principles-of-faith/farsi/pipeline2/translation/chapters/chapter11_chapter_11_baptisms_water_and_spirit.md (133/133 translated)

📘 Processing chapter12_chapter_12_discipleship.md...
📑 Paragraph markers found: 116
🧮 Token-aware batching: 6 batch(es), budget ~106666 tokens, max batch size 20
🟦 Translating batch 1/6 (20 paras, ~1337 tokens input)...
🟦 Translating batch 2/6 (20 paras, ~985 tokens input)...
🟦 Translating batch 3/6 (20 paras, ~1044 tokens input)...
🟦 Translating batch 4/6 (20 paras, ~1636 tokens input)...
🟦 Translating batch 5/6 (20 paras, ~1890 tokens input)...
🟦 Translating batch 6/6 (16 paras, ~952 tokens input)...
✅ Done: /Users/andnie01/repo/pers/kli-translation-pipeline_principles-of-faith/farsi/pipeline2/translation/chapters/chapter12_chapter_12_discipleship.md (116/116 translated)

📘 Processing chapter13_chapter_13_spiritual_authority.md...
📑 Paragraph markers found: 197
🧮 Token-aware batching: 10 batch(es), budget ~106666 tokens, max batch size 20
🟦 Translating batch 1/10 (20 paras, ~596 tokens input)...
🟦 Translating batch 2/10 (20 paras, ~819 tokens input)...
🟦 Translating batch 3/10 (20 paras, ~1165 tokens input)...
🟦 Translating batch 4/10 (20 paras, ~1159 tokens input)...
🟦 Translating batch 5/10 (20 paras, ~1014 tokens input)...
🟦 Translating batch 6/10 (20 paras, ~2349 tokens input)...
🟦 Translating batch 7/10 (20 paras, ~1445 tokens input)...
🟦 Translating batch 8/10 (20 paras, ~2100 tokens input)...
🟦 Translating batch 9/10 (20 paras, ~1606 tokens input)...
🟦 Translating batch 10/10 (17 paras, ~1072 tokens input)...
✅ Done: /Users/andnie01/repo/pers/kli-translation-pipeline_principles-of-faith/farsi/pipeline2/translation/chapters/chapter13_chapter_13_spiritual_authority.md (197/197 translated)

📘 Processing chapter14_back_1_postscript.md...
📑 Paragraph markers found: 12
🧮 Token-aware batching: 1 batch(es), budget ~106666 tokens, max batch size 20
🟦 Translating batch 1/1 (12 paras, ~568 tokens input)...
✅ Done: /Users/andnie01/repo/pers/kli-translation-pipeline_principles-of-faith/farsi/pipeline2/translation/chapters/chapter14_back_1_postscript.md (12/12 translated)

📘 Processing chapter14_back_3_extended_reference_tables.md...
📑 Paragraph markers found: 5
🧮 Token-aware batching: 1 batch(es), budget ~106666 tokens, max batch size 20
🟦 Translating batch 1/1 (5 paras, ~100 tokens input)...
✅ Done: /Users/andnie01/repo/pers/kli-translation-pipeline_principles-of-faith/farsi/pipeline2/translation/chapters/chapter14_back_3_extended_reference_tables.md (5/5 translated)

📘 Processing chapter14_back_4_end_of_chapter_activities.md...
📑 Paragraph markers found: 615
🧮 Token-aware batching: 31 batch(es), budget ~106666 tokens, max batch size 20
🟦 Translating batch 1/31 (20 paras, ~616 tokens input)...
🟦 Translating batch 2/31 (20 paras, ~459 tokens input)...
🟦 Translating batch 3/31 (20 paras, ~715 tokens input)...
🟦 Translating batch 4/31 (20 paras, ~432 tokens input)...
🟦 Translating batch 5/31 (20 paras, ~593 tokens input)...
🟦 Translating batch 6/31 (20 paras, ~658 tokens input)...
🟦 Translating batch 7/31 (20 paras, ~442 tokens input)...
🟦 Translating batch 8/31 (20 paras, ~763 tokens input)...
🟦 Translating batch 9/31 (20 paras, ~761 tokens input)...
🟦 Translating batch 10/31 (20 paras, ~333 tokens input)...
🟦 Translating batch 11/31 (20 paras, ~324 tokens input)...
🟦 Translating batch 12/31 (20 paras, ~413 tokens input)...
🟦 Translating batch 13/31 (20 paras, ~571 tokens input)...
🟦 Translating batch 14/31 (20 paras, ~345 tokens input)...
🟦 Translating batch 15/31 (20 paras, ~678 tokens input)...
🟦 Translating batch 16/31 (20 paras, ~514 tokens input)...
🟦 Translating batch 17/31 (20 paras, ~375 tokens input)...
🟦 Translating batch 18/31 (20 paras, ~410 tokens input)...
🟦 Translating batch 19/31 (20 paras, ~429 tokens input)...
🟦 Translating batch 20/31 (20 paras, ~398 tokens input)...
🟦 Translating batch 21/31 (20 paras, ~446 tokens input)...
🟦 Translating batch 22/31 (20 paras, ~426 tokens input)...
🟦 Translating batch 23/31 (20 paras, ~584 tokens input)...
🟦 Translating batch 24/31 (20 paras, ~519 tokens input)...
🟦 Translating batch 25/31 (20 paras, ~375 tokens input)...
🟦 Translating batch 26/31 (20 paras, ~365 tokens input)...
🟦 Translating batch 27/31 (20 paras, ~696 tokens input)...
🟦 Translating batch 28/31 (20 paras, ~625 tokens input)...
🟦 Translating batch 29/31 (20 paras, ~751 tokens input)...
🟦 Translating batch 30/31 (20 paras, ~435 tokens input)...
🟦 Translating batch 31/31 (15 paras, ~337 tokens input)...
✅ Done: /Users/andnie01/repo/pers/kli-translation-pipeline_principles-of-faith/farsi/pipeline2/translation/chapters/chapter14_back_4_end_of_chapter_activities.md (615/615 translated)

📘 Processing chapter14_back_5_hearing_the_voice_of_god.md...
📑 Paragraph markers found: 49
🧮 Token-aware batching: 3 batch(es), budget ~106666 tokens, max batch size 20
🟦 Translating batch 1/3 (20 paras, ~856 tokens input)...
🟦 Translating batch 2/3 (20 paras, ~2662 tokens input)...
🟦 Translating batch 3/3 (9 paras, ~286 tokens input)...
✅ Done: /Users/andnie01/repo/pers/kli-translation-pipeline_principles-of-faith/farsi/pipeline2/translation/chapters/chapter14_back_5_hearing_the_voice_of_god.md (49/49 translated)

📘 Processing chapter14_chapter_14_keep_watch.md...
📑 Paragraph markers found: 109
🧮 Token-aware batching: 6 batch(es), budget ~106666 tokens, max batch size 20
🟦 Translating batch 1/6 (20 paras, ~631 tokens input)...
🟦 Translating batch 2/6 (20 paras, ~706 tokens input)...
🟦 Translating batch 3/6 (20 paras, ~1279 tokens input)...
🟦 Translating batch 4/6 (20 paras, ~549 tokens input)...
🟦 Translating batch 5/6 (20 paras, ~816 tokens input)...
🟦 Translating batch 6/6 (9 paras, ~512 tokens input)...
✅ Done: /Users/andnie01/repo/pers/kli-translation-pipeline_principles-of-faith/farsi/pipeline2/translation/chapters/chapter14_chapter_14_keep_watch.md (109/109 translated)

📘 Processing chapter1_chapter_1_sound_doctrine_matters.md...
📑 Paragraph markers found: 116
🧮 Token-aware batching: 6 batch(es), budget ~106666 tokens, max batch size 20
🟦 Translating batch 1/6 (20 paras, ~1800 tokens input)...
🟦 Translating batch 2/6 (20 paras, ~1027 tokens input)...
🟦 Translating batch 3/6 (20 paras, ~586 tokens input)...
🟦 Translating batch 4/6 (20 paras, ~1108 tokens input)...
🟦 Translating batch 5/6 (20 paras, ~584 tokens input)...
🟦 Translating batch 6/6 (16 paras, ~420 tokens input)...
✅ Done: /Users/andnie01/repo/pers/kli-translation-pipeline_principles-of-faith/farsi/pipeline2/translation/chapters/chapter1_chapter_1_sound_doctrine_matters.md (116/116 translated)

📘 Processing chapter2_chapter_2_god_eternal_creator_and_loving_father.md...
📑 Paragraph markers found: 70
🧮 Token-aware batching: 4 batch(es), budget ~106666 tokens, max batch size 20
🟦 Translating batch 1/4 (20 paras, ~1108 tokens input)...
🟦 Translating batch 2/4 (20 paras, ~1276 tokens input)...
🟦 Translating batch 3/4 (20 paras, ~2087 tokens input)...
🟦 Translating batch 4/4 (10 paras, ~510 tokens input)...
✅ Done: /Users/andnie01/repo/pers/kli-translation-pipeline_principles-of-faith/farsi/pipeline2/translation/chapters/chapter2_chapter_2_god_eternal_creator_and_loving_father.md (70/70 translated)

📘 Processing chapter3_chapter_3_sin_and_redemption.md...
📑 Paragraph markers found: 111
🧮 Token-aware batching: 6 batch(es), budget ~106666 tokens, max batch size 20
🟦 Translating batch 1/6 (20 paras, ~1121 tokens input)...
🟦 Translating batch 2/6 (20 paras, ~561 tokens input)...
🟦 Translating batch 3/6 (20 paras, ~1140 tokens input)...
🟦 Translating batch 4/6 (20 paras, ~1514 tokens input)...
🟦 Translating batch 5/6 (20 paras, ~1220 tokens input)...
🟦 Translating batch 6/6 (11 paras, ~494 tokens input)...
✅ Done: /Users/andnie01/repo/pers/kli-translation-pipeline_principles-of-faith/farsi/pipeline2/translation/chapters/chapter3_chapter_3_sin_and_redemption.md (111/111 translated)

📘 Processing chapter4_chapter_4_jesus_the_messiah.md...
📑 Paragraph markers found: 105
🧮 Token-aware batching: 6 batch(es), budget ~106666 tokens, max batch size 20
🟦 Translating batch 1/6 (20 paras, ~1333 tokens input)...
🟦 Translating batch 2/6 (20 paras, ~1467 tokens input)...
🟦 Translating batch 3/6 (20 paras, ~761 tokens input)...
🟦 Translating batch 4/6 (20 paras, ~1420 tokens input)...
🟦 Translating batch 5/6 (20 paras, ~1027 tokens input)...
🟦 Translating batch 6/6 (5 paras, ~383 tokens input)...
✅ Done: /Users/andnie01/repo/pers/kli-translation-pipeline_principles-of-faith/farsi/pipeline2/translation/chapters/chapter4_chapter_4_jesus_the_messiah.md (105/105 translated)

📘 Processing chapter5_chapter_5_repentance_from_dead_works.md...
📑 Paragraph markers found: 148
🧮 Token-aware batching: 8 batch(es), budget ~106666 tokens, max batch size 20
🟦 Translating batch 1/8 (20 paras, ~789 tokens input)...
🟦 Translating batch 2/8 (20 paras, ~700 tokens input)...
🟦 Translating batch 3/8 (20 paras, ~790 tokens input)...
🟦 Translating batch 4/8 (20 paras, ~809 tokens input)...
🟦 Translating batch 5/8 (20 paras, ~1178 tokens input)...
🟦 Translating batch 6/8 (20 paras, ~1108 tokens input)...
🟦 Translating batch 7/8 (20 paras, ~1670 tokens input)...
🟦 Translating batch 8/8 (8 paras, ~567 tokens input)...
✅ Done: /Users/andnie01/repo/pers/kli-translation-pipeline_principles-of-faith/farsi/pipeline2/translation/chapters/chapter5_chapter_5_repentance_from_dead_works.md (148/148 translated)

📘 Processing chapter6_chapter_6_faith_toward_god.md...
📑 Paragraph markers found: 169
🧮 Token-aware batching: 9 batch(es), budget ~106666 tokens, max batch size 20
🟦 Translating batch 1/9 (20 paras, ~949 tokens input)...
🟦 Translating batch 2/9 (20 paras, ~1243 tokens input)...
🟦 Translating batch 3/9 (20 paras, ~1977 tokens input)...
🟦 Translating batch 4/9 (20 paras, ~828 tokens input)...
🟦 Translating batch 5/9 (20 paras, ~1326 tokens input)...
🟦 Translating batch 6/9 (20 paras, ~1150 tokens input)...
🟦 Translating batch 7/9 (20 paras, ~650 tokens input)...
🟦 Translating batch 8/9 (20 paras, ~1148 tokens input)...
🟦 Translating batch 9/9 (9 paras, ~358 tokens input)...
✅ Done: /Users/andnie01/repo/pers/kli-translation-pipeline_principles-of-faith/farsi/pipeline2/translation/chapters/chapter6_chapter_6_faith_toward_god.md (169/169 translated)

📘 Processing chapter7_chapter_7_jesus_the_foundation_of_our_faith.md...
📑 Paragraph markers found: 78
🧮 Token-aware batching: 4 batch(es), budget ~106666 tokens, max batch size 20
🟦 Translating batch 1/4 (20 paras, ~2812 tokens input)...
🟦 Translating batch 2/4 (20 paras, ~3067 tokens input)...
🟦 Translating batch 3/4 (20 paras, ~2399 tokens input)...
🟦 Translating batch 4/4 (18 paras, ~966 tokens input)...
✅ Done: /Users/andnie01/repo/pers/kli-translation-pipeline_principles-of-faith/farsi/pipeline2/translation/chapters/chapter7_chapter_7_jesus_the_foundation_of_our_faith.md (78/78 translated)

📘 Processing chapter8_chapter_8_holy_spirit_comforter_guide_and_power.md...
📑 Paragraph markers found: 147
🧮 Token-aware batching: 8 batch(es), budget ~106666 tokens, max batch size 20
🟦 Translating batch 1/8 (20 paras, ~1930 tokens input)...
🟦 Translating batch 2/8 (20 paras, ~1663 tokens input)...
🟦 Translating batch 3/8 (20 paras, ~1738 tokens input)...
🟦 Translating batch 4/8 (20 paras, ~1061 tokens input)...
🟦 Translating batch 5/8 (20 paras, ~934 tokens input)...
🟦 Translating batch 6/8 (20 paras, ~857 tokens input)...
🟦 Translating batch 7/8 (20 paras, ~832 tokens input)...
🟦 Translating batch 8/8 (7 paras, ~298 tokens input)...
✅ Done: /Users/andnie01/repo/pers/kli-translation-pipeline_principles-of-faith/farsi/pipeline2/translation/chapters/chapter8_chapter_8_holy_spirit_comforter_guide_and_power.md (147/147 translated)

📘 Processing chapter9_chapter_9_the_church_our_role_in_it.md...
📑 Paragraph markers found: 195
🧮 Token-aware batching: 10 batch(es), budget ~106666 tokens, max batch size 20
🟦 Translating batch 1/10 (20 paras, ~901 tokens input)...
🟦 Translating batch 2/10 (20 paras, ~1912 tokens input)...
🟦 Translating batch 3/10 (20 paras, ~1682 tokens input)...
🟦 Translating batch 4/10 (20 paras, ~1627 tokens input)...
🟦 Translating batch 5/10 (20 paras, ~1734 tokens input)...
🟦 Translating batch 6/10 (20 paras, ~1346 tokens input)...
🟦 Translating batch 7/10 (20 paras, ~1941 tokens input)...
🟦 Translating batch 8/10 (20 paras, ~854 tokens input)...
🟦 Translating batch 9/10 (20 paras, ~1357 tokens input)...
🟦 Translating batch 10/10 (15 paras, ~782 tokens input)...
✅ Done: /Users/andnie01/repo/pers/kli-translation-pipeline_principles-of-faith/farsi/pipeline2/translation/chapters/chapter9_chapter_9_the_church_our_role_in_it.md (195/195 translated)

🎯 All files processed.
⚠️  Unknown model for tokenizer; using cl100k_base.

📘 Processing chapter0_0_intro.md...
📑 Paragraph markers found: 20
🧮 Token-aware batching: 1 batch(es), budget ~106666 tokens, max batch size 20
🟦 Translating batch 1/1 (20 paras, ~1450 tokens input)...
✅ Done: /Users/andnie01/repo/pers/kli-translation-pipeline_principles-of-faith/farsi/pipeline2/backtranslation/chapters/chapter0_0_intro.md (20/20 translated)

📘 Processing chapter0_1_dedication.md...
📑 Paragraph markers found: 3
🧮 Token-aware batching: 1 batch(es), budget ~106666 tokens, max batch size 20
🟦 Translating batch 1/1 (3 paras, ~156 tokens input)...
✅ Done: /Users/andnie01/repo/pers/kli-translation-pipeline_principles-of-faith/farsi/pipeline2/backtranslation/chapters/chapter0_1_dedication.md (3/3 translated)

📘 Processing chapter0_2_acknowledgements.md...
📑 Paragraph markers found: 4
🧮 Token-aware batching: 1 batch(es), budget ~106666 tokens, max batch size 20
🟦 Translating batch 1/1 (4 paras, ~448 tokens input)...
✅ Done: /Users/andnie01/repo/pers/kli-translation-pipeline_principles-of-faith/farsi/pipeline2/backtranslation/chapters/chapter0_2_acknowledgements.md (4/4 translated)

📘 Processing chapter0_3_table_of_contents.md...
📑 Paragraph markers found: 26
🧮 Token-aware batching: 2 batch(es), budget ~106666 tokens, max batch size 20
🟦 Translating batch 1/2 (20 paras, ~876 tokens input)...
🟦 Translating batch 2/2 (6 paras, ~189 tokens input)...
✅ Done: /Users/andnie01/repo/pers/kli-translation-pipeline_principles-of-faith/farsi/pipeline2/backtranslation/chapters/chapter0_3_table_of_contents.md (26/26 translated)

📘 Processing chapter0_4_list_of_tables.md...
📑 Paragraph markers found: 13
🧮 Token-aware batching: 1 batch(es), budget ~106666 tokens, max batch size 20
🟦 Translating batch 1/1 (13 paras, ~728 tokens input)...
✅ Done: /Users/andnie01/repo/pers/kli-translation-pipeline_principles-of-faith/farsi/pipeline2/backtranslation/chapters/chapter0_4_list_of_tables.md (13/13 translated)

📘 Processing chapter0_5_foreword.md...
📑 Paragraph markers found: 6
🧮 Token-aware batching: 1 batch(es), budget ~106666 tokens, max batch size 20
🟦 Translating batch 1/1 (6 paras, ~887 tokens input)...
✅ Done: /Users/andnie01/repo/pers/kli-translation-pipeline_principles-of-faith/farsi/pipeline2/backtranslation/chapters/chapter0_5_foreword.md (6/6 translated)

📘 Processing chapter0_6_preface.md...
📑 Paragraph markers found: 69
🧮 Token-aware batching: 4 batch(es), budget ~106666 tokens, max batch size 20
🟦 Translating batch 1/4 (20 paras, ~3493 tokens input)...
🟦 Translating batch 2/4 (20 paras, ~2456 tokens input)...
🟦 Translating batch 3/4 (20 paras, ~1771 tokens input)...
🟦 Translating batch 4/4 (9 paras, ~1609 tokens input)...
✅ Done: /Users/andnie01/repo/pers/kli-translation-pipeline_principles-of-faith/farsi/pipeline2/backtranslation/chapters/chapter0_6_preface.md (69/69 translated)

📘 Processing chapter10_chapter_10_sanctified_prepared_for_god_s_purpose.md...
📑 Paragraph markers found: 112
🧮 Token-aware batching: 6 batch(es), budget ~106666 tokens, max batch size 20
🟦 Translating batch 1/6 (20 paras, ~2997 tokens input)...
🟦 Translating batch 2/6 (20 paras, ~3651 tokens input)...
🟦 Translating batch 3/6 (20 paras, ~2851 tokens input)...
🟦 Translating batch 4/6 (20 paras, ~2167 tokens input)...
🟦 Translating batch 5/6 (20 paras, ~2511 tokens input)...
🟦 Translating batch 6/6 (12 paras, ~1304 tokens input)...
✅ Done: /Users/andnie01/repo/pers/kli-translation-pipeline_principles-of-faith/farsi/pipeline2/backtranslation/chapters/chapter10_chapter_10_sanctified_prepared_for_god_s_purpose.md (112/112 translated)

📘 Processing chapter11_chapter_11_baptisms_water_and_spirit.md...
📑 Paragraph markers found: 132
🧮 Token-aware batching: 7 batch(es), budget ~106666 tokens, max batch size 20
🟦 Translating batch 1/7 (20 paras, ~6131 tokens input)...
🟦 Translating batch 2/7 (20 paras, ~5853 tokens input)...
🟦 Translating batch 3/7 (20 paras, ~2828 tokens input)...
🟦 Translating batch 4/7 (20 paras, ~1883 tokens input)...
🟦 Translating batch 5/7 (20 paras, ~2116 tokens input)...
🟦 Translating batch 6/7 (20 paras, ~4043 tokens input)...
🟦 Translating batch 7/7 (12 paras, ~1195 tokens input)...
✅ Done: /Users/andnie01/repo/pers/kli-translation-pipeline_principles-of-faith/farsi/pipeline2/backtranslation/chapters/chapter11_chapter_11_baptisms_water_and_spirit.md (132/132 translated)

📘 Processing chapter12_chapter_12_discipleship.md...
📑 Paragraph markers found: 116
🧮 Token-aware batching: 6 batch(es), budget ~106666 tokens, max batch size 20
🟦 Translating batch 1/6 (20 paras, ~3496 tokens input)...
🟦 Translating batch 2/6 (20 paras, ~2556 tokens input)...
🟦 Translating batch 3/6 (20 paras, ~2601 tokens input)...
🟦 Translating batch 4/6 (20 paras, ~3736 tokens input)...
🟦 Translating batch 5/6 (20 paras, ~4687 tokens input)...
🟦 Translating batch 6/6 (16 paras, ~2435 tokens input)...
✅ Done: /Users/andnie01/repo/pers/kli-translation-pipeline_principles-of-faith/farsi/pipeline2/backtranslation/chapters/chapter12_chapter_12_discipleship.md (116/116 translated)

📘 Processing chapter13_chapter_13_spiritual_authority.md...
📑 Paragraph markers found: 197
🧮 Token-aware batching: 10 batch(es), budget ~106666 tokens, max batch size 20
🟦 Translating batch 1/10 (20 paras, ~1412 tokens input)...
🟦 Translating batch 2/10 (20 paras, ~1462 tokens input)...
🟦 Translating batch 3/10 (20 paras, ~2142 tokens input)...
🟦 Translating batch 4/10 (20 paras, ~2249 tokens input)...
🟦 Translating batch 5/10 (20 paras, ~2084 tokens input)...
🟦 Translating batch 6/10 (20 paras, ~4320 tokens input)...
🟦 Translating batch 7/10 (20 paras, ~3381 tokens input)...
🟦 Translating batch 8/10 (20 paras, ~3589 tokens input)...
🟦 Translating batch 9/10 (20 paras, ~2677 tokens input)...
🟦 Translating batch 10/10 (17 paras, ~2526 tokens input)...
✅ Done: /Users/andnie01/repo/pers/kli-translation-pipeline_principles-of-faith/farsi/pipeline2/backtranslation/chapters/chapter13_chapter_13_spiritual_authority.md (197/197 translated)

📘 Processing chapter14_back_1_postscript.md...
📑 Paragraph markers found: 12
🧮 Token-aware batching: 1 batch(es), budget ~106666 tokens, max batch size 20
🟦 Translating batch 1/1 (12 paras, ~1476 tokens input)...
✅ Done: /Users/andnie01/repo/pers/kli-translation-pipeline_principles-of-faith/farsi/pipeline2/backtranslation/chapters/chapter14_back_1_postscript.md (12/12 translated)

📘 Processing chapter14_back_3_extended_reference_tables.md...
📑 Paragraph markers found: 5
🧮 Token-aware batching: 1 batch(es), budget ~106666 tokens, max batch size 20
🟦 Translating batch 1/1 (5 paras, ~277 tokens input)...
✅ Done: /Users/andnie01/repo/pers/kli-translation-pipeline_principles-of-faith/farsi/pipeline2/backtranslation/chapters/chapter14_back_3_extended_reference_tables.md (5/5 translated)

📘 Processing chapter14_back_4_end_of_chapter_activities.md...
📑 Paragraph markers found: 615
🧮 Token-aware batching: 31 batch(es), budget ~106666 tokens, max batch size 20
🟦 Translating batch 1/31 (20 paras, ~1374 tokens input)...
🟦 Translating batch 2/31 (20 paras, ~1321 tokens input)...
🟦 Translating batch 3/31 (20 paras, ~1304 tokens input)...
🟦 Translating batch 4/31 (20 paras, ~1095 tokens input)...
🟦 Translating batch 5/31 (20 paras, ~1204 tokens input)...
🟦 Translating batch 6/31 (20 paras, ~1156 tokens input)...
🟦 Translating batch 7/31 (20 paras, ~916 tokens input)...
🟦 Translating batch 8/31 (20 paras, ~1284 tokens input)...
🟦 Translating batch 9/31 (20 paras, ~1287 tokens input)...
🟦 Translating batch 10/31 (20 paras, ~866 tokens input)...
🟦 Translating batch 11/31 (20 paras, ~888 tokens input)...
🟦 Translating batch 12/31 (20 paras, ~990 tokens input)...
🟦 Translating batch 13/31 (20 paras, ~1181 tokens input)...
🟦 Translating batch 14/31 (20 paras, ~934 tokens input)...
🟦 Translating batch 15/31 (20 paras, ~1181 tokens input)...
🟦 Translating batch 16/31 (20 paras, ~1138 tokens input)...
🟦 Translating batch 17/31 (20 paras, ~937 tokens input)...
🟦 Translating batch 18/31 (20 paras, ~1127 tokens input)...
🟦 Translating batch 19/31 (20 paras, ~957 tokens input)...
🟦 Translating batch 20/31 (20 paras, ~1112 tokens input)...
🟦 Translating batch 21/31 (20 paras, ~1257 tokens input)...
🟦 Translating batch 22/31 (20 paras, ~1131 tokens input)...
🟦 Translating batch 23/31 (20 paras, ~1071 tokens input)...
🟦 Translating batch 24/31 (20 paras, ~1144 tokens input)...
🟦 Translating batch 25/31 (20 paras, ~1157 tokens input)...
🟦 Translating batch 26/31 (20 paras, ~1077 tokens input)...
🟦 Translating batch 27/31 (20 paras, ~1379 tokens input)...
🟦 Translating batch 28/31 (20 paras, ~1054 tokens input)...
🟦 Translating batch 29/31 (20 paras, ~1231 tokens input)...
🟦 Translating batch 30/31 (20 paras, ~862 tokens input)...
🟦 Translating batch 31/31 (15 paras, ~716 tokens input)...
✅ Done: /Users/andnie01/repo/pers/kli-translation-pipeline_principles-of-faith/farsi/pipeline2/backtranslation/chapters/chapter14_back_4_end_of_chapter_activities.md (615/615 translated)

📘 Processing chapter14_back_5_hearing_the_voice_of_god.md...
📑 Paragraph markers found: 49
🧮 Token-aware batching: 3 batch(es), budget ~106666 tokens, max batch size 20
🟦 Translating batch 1/3 (20 paras, ~2129 tokens input)...
🟦 Translating batch 2/3 (20 paras, ~5655 tokens input)...
🟦 Translating batch 3/3 (9 paras, ~646 tokens input)...
✅ Done: /Users/andnie01/repo/pers/kli-translation-pipeline_principles-of-faith/farsi/pipeline2/backtranslation/chapters/chapter14_back_5_hearing_the_voice_of_god.md (49/49 translated)

📘 Processing chapter14_chapter_14_keep_watch.md...
📑 Paragraph markers found: 109
🧮 Token-aware batching: 6 batch(es), budget ~106666 tokens, max batch size 20
🟦 Translating batch 1/6 (20 paras, ~1371 tokens input)...
🟦 Translating batch 2/6 (20 paras, ~1422 tokens input)...
🟦 Translating batch 3/6 (20 paras, ~2458 tokens input)...
🟦 Translating batch 4/6 (20 paras, ~1173 tokens input)...
🟦 Translating batch 5/6 (20 paras, ~1785 tokens input)...
🟦 Translating batch 6/6 (9 paras, ~1105 tokens input)...
✅ Done: /Users/andnie01/repo/pers/kli-translation-pipeline_principles-of-faith/farsi/pipeline2/backtranslation/chapters/chapter14_chapter_14_keep_watch.md (109/109 translated)

📘 Processing chapter1_chapter_1_sound_doctrine_matters.md...
📑 Paragraph markers found: 116
🧮 Token-aware batching: 6 batch(es), budget ~106666 tokens, max batch size 20
🟦 Translating batch 1/6 (20 paras, ~3863 tokens input)...
🟦 Translating batch 2/6 (20 paras, ~2287 tokens input)...
🟦 Translating batch 3/6 (20 paras, ~1384 tokens input)...
🟦 Translating batch 4/6 (20 paras, ~2640 tokens input)...
🟦 Translating batch 5/6 (20 paras, ~1146 tokens input)...
🟦 Translating batch 6/6 (16 paras, ~1070 tokens input)...
✅ Done: /Users/andnie01/repo/pers/kli-translation-pipeline_principles-of-faith/farsi/pipeline2/backtranslation/chapters/chapter1_chapter_1_sound_doctrine_matters.md (116/116 translated)

📘 Processing chapter2_chapter_2_god_eternal_creator_and_loving_father.md...
📑 Paragraph markers found: 70
🧮 Token-aware batching: 4 batch(es), budget ~106666 tokens, max batch size 20
🟦 Translating batch 1/4 (20 paras, ~3358 tokens input)...
🟦 Translating batch 2/4 (20 paras, ~2647 tokens input)...
🟦 Translating batch 3/4 (20 paras, ~5338 tokens input)...
🟦 Translating batch 4/4 (10 paras, ~1066 tokens input)...
✅ Done: /Users/andnie01/repo/pers/kli-translation-pipeline_principles-of-faith/farsi/pipeline2/backtranslation/chapters/chapter2_chapter_2_god_eternal_creator_and_loving_father.md (70/70 translated)

📘 Processing chapter3_chapter_3_sin_and_redemption.md...
📑 Paragraph markers found: 111
🧮 Token-aware batching: 6 batch(es), budget ~106666 tokens, max batch size 20
🟦 Translating batch 1/6 (20 paras, ~2764 tokens input)...
🟦 Translating batch 2/6 (20 paras, ~1046 tokens input)...
🟦 Translating batch 3/6 (20 paras, ~2077 tokens input)...
🟦 Translating batch 4/6 (20 paras, ~4251 tokens input)...
🟦 Translating batch 5/6 (20 paras, ~2997 tokens input)...
🟦 Translating batch 6/6 (11 paras, ~1105 tokens input)...
✅ Done: /Users/andnie01/repo/pers/kli-translation-pipeline_principles-of-faith/farsi/pipeline2/backtranslation/chapters/chapter3_chapter_3_sin_and_redemption.md (111/111 translated)

📘 Processing chapter4_chapter_4_jesus_the_messiah.md...
📑 Paragraph markers found: 105
🧮 Token-aware batching: 6 batch(es), budget ~106666 tokens, max batch size 20
🟦 Translating batch 1/6 (20 paras, ~2752 tokens input)...
🟦 Translating batch 2/6 (20 paras, ~3482 tokens input)...
🟦 Translating batch 3/6 (20 paras, ~1658 tokens input)...
🟦 Translating batch 4/6 (20 paras, ~2966 tokens input)...
🟦 Translating batch 5/6 (20 paras, ~2071 tokens input)...
🟦 Translating batch 6/6 (5 paras, ~687 tokens input)...
✅ Done: /Users/andnie01/repo/pers/kli-translation-pipeline_principles-of-faith/farsi/pipeline2/backtranslation/chapters/chapter4_chapter_4_jesus_the_messiah.md (105/105 translated)

📘 Processing chapter5_chapter_5_repentance_from_dead_works.md...
📑 Paragraph markers found: 148
🧮 Token-aware batching: 8 batch(es), budget ~106666 tokens, max batch size 20
🟦 Translating batch 1/8 (20 paras, ~2023 tokens input)...
🟦 Translating batch 2/8 (20 paras, ~1859 tokens input)...
🟦 Translating batch 3/8 (20 paras, ~1639 tokens input)...
🟦 Translating batch 4/8 (20 paras, ~2158 tokens input)...
🟦 Translating batch 5/8 (20 paras, ~2761 tokens input)...
🟦 Translating batch 6/8 (20 paras, ~2648 tokens input)...
🟦 Translating batch 7/8 (20 paras, ~4166 tokens input)...
🟦 Translating batch 8/8 (8 paras, ~998 tokens input)...
✅ Done: /Users/andnie01/repo/pers/kli-translation-pipeline_principles-of-faith/farsi/pipeline2/backtranslation/chapters/chapter5_chapter_5_repentance_from_dead_works.md (148/148 translated)

📘 Processing chapter6_chapter_6_faith_toward_god.md...
📑 Paragraph markers found: 169
🧮 Token-aware batching: 9 batch(es), budget ~106666 tokens, max batch size 20
🟦 Translating batch 1/9 (20 paras, ~2473 tokens input)...
🟦 Translating batch 2/9 (20 paras, ~3473 tokens input)...
🟦 Translating batch 3/9 (20 paras, ~4712 tokens input)...
🟦 Translating batch 4/9 (20 paras, ~1820 tokens input)...
🟦 Translating batch 5/9 (20 paras, ~2959 tokens input)...
🟦 Translating batch 6/9 (20 paras, ~2365 tokens input)...
🟦 Translating batch 7/9 (20 paras, ~940 tokens input)...
🟦 Translating batch 8/9 (20 paras, ~2506 tokens input)...
🟦 Translating batch 9/9 (9 paras, ~970 tokens input)...
✅ Done: /Users/andnie01/repo/pers/kli-translation-pipeline_principles-of-faith/farsi/pipeline2/backtranslation/chapters/chapter6_chapter_6_faith_toward_god.md (169/169 translated)

📘 Processing chapter7_chapter_7_jesus_the_foundation_of_our_faith.md...
📑 Paragraph markers found: 78
🧮 Token-aware batching: 4 batch(es), budget ~106666 tokens, max batch size 20
🟦 Translating batch 1/4 (20 paras, ~5288 tokens input)...
🟦 Translating batch 2/4 (20 paras, ~5811 tokens input)...
🟦 Translating batch 3/4 (20 paras, ~4412 tokens input)...
🟦 Translating batch 4/4 (18 paras, ~2580 tokens input)...
✅ Done: /Users/andnie01/repo/pers/kli-translation-pipeline_principles-of-faith/farsi/pipeline2/backtranslation/chapters/chapter7_chapter_7_jesus_the_foundation_of_our_faith.md (78/78 translated)

📘 Processing chapter8_chapter_8_holy_spirit_comforter_guide_and_power.md...
📑 Paragraph markers found: 147
🧮 Token-aware batching: 8 batch(es), budget ~106666 tokens, max batch size 20
🟦 Translating batch 1/8 (20 paras, ~3964 tokens input)...
🟦 Translating batch 2/8 (20 paras, ~3177 tokens input)...
🟦 Translating batch 3/8 (20 paras, ~3581 tokens input)...
🟦 Translating batch 4/8 (20 paras, ~2237 tokens input)...
🟦 Translating batch 5/8 (20 paras, ~2051 tokens input)...
🟦 Translating batch 6/8 (20 paras, ~2352 tokens input)...
🟦 Translating batch 7/8 (20 paras, ~2236 tokens input)...
🟦 Translating batch 8/8 (7 paras, ~781 tokens input)...
✅ Done: /Users/andnie01/repo/pers/kli-translation-pipeline_principles-of-faith/farsi/pipeline2/backtranslation/chapters/chapter8_chapter_8_holy_spirit_comforter_guide_and_power.md (147/147 translated)

📘 Processing chapter9_chapter_9_the_church_our_role_in_it.md...
📑 Paragraph markers found: 195
🧮 Token-aware batching: 10 batch(es), budget ~106666 tokens, max batch size 20
🟦 Translating batch 1/10 (20 paras, ~1974 tokens input)...
🟦 Translating batch 2/10 (20 paras, ~3577 tokens input)...
🟦 Translating batch 3/10 (20 paras, ~3340 tokens input)...
🟦 Translating batch 4/10 (20 paras, ~2786 tokens input)...
🟦 Translating batch 5/10 (20 paras, ~3330 tokens input)...
🟦 Translating batch 6/10 (20 paras, ~3222 tokens input)...
🟦 Translating batch 7/10 (20 paras, ~4613 tokens input)...
🟦 Translating batch 8/10 (20 paras, ~1908 tokens input)...
🟦 Translating batch 9/10 (20 paras, ~3139 tokens input)...
🟦 Translating batch 10/10 (15 paras, ~2046 tokens input)...
✅ Done: /Users/andnie01/repo/pers/kli-translation-pipeline_principles-of-faith/farsi/pipeline2/backtranslation/chapters/chapter9_chapter_9_the_church_our_role_in_it.md (195/195 translated)

🎯 All files processed.
🔍 Found 25 matching file pairs:
  - chapter0_0_intro.md
  - chapter0_1_dedication.md
  - chapter0_2_acknowledgements.md
  - chapter0_3_table_of_contents.md
  - chapter0_4_list_of_tables.md
  - chapter0_5_foreword.md
  - chapter0_6_preface.md
  - chapter10_chapter_10_sanctified_prepared_for_god_s_purpose.md
  - chapter11_chapter_11_baptisms_water_and_spirit.md
  - chapter12_chapter_12_discipleship.md
  - chapter13_chapter_13_spiritual_authority.md
  - chapter14_back_1_postscript.md
  - chapter14_back_3_extended_reference_tables.md
  - chapter14_back_4_end_of_chapter_activities.md
  - chapter14_back_5_hearing_the_voice_of_god.md
  - chapter14_chapter_14_keep_watch.md
  - chapter1_chapter_1_sound_doctrine_matters.md
  - chapter2_chapter_2_god_eternal_creator_and_loving_father.md
  - chapter3_chapter_3_sin_and_redemption.md
  - chapter4_chapter_4_jesus_the_messiah.md
  - chapter5_chapter_5_repentance_from_dead_works.md
  - chapter6_chapter_6_faith_toward_god.md
  - chapter7_chapter_7_jesus_the_foundation_of_our_faith.md
  - chapter8_chapter_8_holy_spirit_comforter_guide_and_power.md
  - chapter9_chapter_9_the_church_our_role_in_it.md

=== Processing: chapter0_0_intro.md ===
Detected languages → Source: en, Back: en

Embedding batches:   0%|          | 0/1 [00:00<?, ?it/s]
Embedding batches: 100%|██████████| 1/1 [00:03<00:00,  3.46s/it]
Embedding batches: 100%|██████████| 1/1 [00:03<00:00,  3.46s/it]
✅ Saved: /Users/andnie01/repo/pers/kli-translation-pipeline_principles-of-faith/farsi/pipeline2/analysis/chapters/drift_report_chapter0_0_intro_vs_chapter0_0_intro.csv
translation_quality
HIGH      17
MEDIUM     2
LOW        1
Name: count, dtype: int64

=== Processing: chapter0_1_dedication.md ===
Detected languages → Source: en, Back: en

Embedding batches:   0%|          | 0/1 [00:00<?, ?it/s]
Embedding batches: 100%|██████████| 1/1 [00:01<00:00,  1.31s/it]
Embedding batches: 100%|██████████| 1/1 [00:01<00:00,  1.31s/it]
✅ Saved: /Users/andnie01/repo/pers/kli-translation-pipeline_principles-of-faith/farsi/pipeline2/analysis/chapters/drift_report_chapter0_1_dedication_vs_chapter0_1_dedication.csv
translation_quality
HIGH    2
Name: count, dtype: int64

=== Processing: chapter0_2_acknowledgements.md ===
Detected languages → Source: en, Back: en

Embedding batches:   0%|          | 0/1 [00:00<?, ?it/s]
Embedding batches: 100%|██████████| 1/1 [00:01<00:00,  1.16s/it]
Embedding batches: 100%|██████████| 1/1 [00:01<00:00,  1.16s/it]
✅ Saved: /Users/andnie01/repo/pers/kli-translation-pipeline_principles-of-faith/farsi/pipeline2/analysis/chapters/drift_report_chapter0_2_acknowledgements_vs_chapter0_2_acknowledgements.csv
translation_quality
HIGH    3
Name: count, dtype: int64

=== Processing: chapter0_3_table_of_contents.md ===
Detected languages → Source: en, Back: en

Embedding batches:   0%|          | 0/1 [00:00<?, ?it/s]
Embedding batches: 100%|██████████| 1/1 [00:02<00:00,  2.50s/it]
Embedding batches: 100%|██████████| 1/1 [00:02<00:00,  2.50s/it]
✅ Saved: /Users/andnie01/repo/pers/kli-translation-pipeline_principles-of-faith/farsi/pipeline2/analysis/chapters/drift_report_chapter0_3_table_of_contents_vs_chapter0_3_table_of_contents.csv
translation_quality
HIGH    25
Name: count, dtype: int64

=== Processing: chapter0_4_list_of_tables.md ===
Detected languages → Source: en, Back: en

Embedding batches:   0%|          | 0/1 [00:00<?, ?it/s]
Embedding batches: 100%|██████████| 1/1 [00:01<00:00,  1.24s/it]
Embedding batches: 100%|██████████| 1/1 [00:01<00:00,  1.24s/it]
✅ Saved: /Users/andnie01/repo/pers/kli-translation-pipeline_principles-of-faith/farsi/pipeline2/analysis/chapters/drift_report_chapter0_4_list_of_tables_vs_chapter0_4_list_of_tables.csv
translation_quality
HIGH    12
Name: count, dtype: int64

=== Processing: chapter0_5_foreword.md ===
Detected languages → Source: en, Back: en

Embedding batches:   0%|          | 0/1 [00:00<?, ?it/s]
Embedding batches: 100%|██████████| 1/1 [00:01<00:00,  1.16s/it]
Embedding batches: 100%|██████████| 1/1 [00:01<00:00,  1.16s/it]
✅ Saved: /Users/andnie01/repo/pers/kli-translation-pipeline_principles-of-faith/farsi/pipeline2/analysis/chapters/drift_report_chapter0_5_foreword_vs_chapter0_5_foreword.csv
translation_quality
HIGH    5
Name: count, dtype: int64

=== Processing: chapter0_6_preface.md ===
Detected languages → Source: en, Back: en

Embedding batches:   0%|          | 0/2 [00:00<?, ?it/s]
Embedding batches:  50%|█████     | 1/2 [00:03<00:03,  3.68s/it]
Embedding batches: 100%|██████████| 2/2 [00:04<00:00,  1.95s/it]
Embedding batches: 100%|██████████| 2/2 [00:04<00:00,  2.21s/it]
✅ Saved: /Users/andnie01/repo/pers/kli-translation-pipeline_principles-of-faith/farsi/pipeline2/analysis/chapters/drift_report_chapter0_6_preface_vs_chapter0_6_preface.csv
translation_quality
HIGH        63
MEDIUM       4
CRITICAL     1
Name: count, dtype: int64

=== Processing: chapter10_chapter_10_sanctified_prepared_for_god_s_purpose.md ===
Detected languages → Source: en, Back: en

Embedding batches:   0%|          | 0/2 [00:00<?, ?it/s]
Embedding batches:  50%|█████     | 1/2 [00:04<00:04,  4.55s/it]
Embedding batches: 100%|██████████| 2/2 [00:08<00:00,  3.93s/it]
Embedding batches: 100%|██████████| 2/2 [00:08<00:00,  4.02s/it]
✅ Saved: /Users/andnie01/repo/pers/kli-translation-pipeline_principles-of-faith/farsi/pipeline2/analysis/chapters/drift_report_chapter10_chapter_10_sanctified_prepared_for_god_s_purpose_vs_chapter10_chapter_10_sanctified_prepared_for_god_s_purpose.csv
translation_quality
HIGH      108
MEDIUM      3
Name: count, dtype: int64

=== Processing: chapter11_chapter_11_baptisms_water_and_spirit.md ===
Detected languages → Source: en, Back: en

Embedding batches:   0%|          | 0/4 [00:00<?, ?it/s]
Embedding batches:  25%|██▌       | 1/4 [00:03<00:11,  3.84s/it]
Embedding batches:  50%|█████     | 2/4 [00:08<00:08,  4.10s/it]
Embedding batches:  75%|███████▌  | 3/4 [00:12<00:04,  4.06s/it]
Embedding batches: 100%|██████████| 4/4 [00:15<00:00,  3.66s/it]
Embedding batches: 100%|██████████| 4/4 [00:15<00:00,  3.80s/it]
✅ Saved: /Users/andnie01/repo/pers/kli-translation-pipeline_principles-of-faith/farsi/pipeline2/analysis/chapters/drift_report_chapter11_chapter_11_baptisms_water_and_spirit_vs_chapter11_chapter_11_baptisms_water_and_spirit.csv
translation_quality
HIGH        112
MEDIUM       15
LOW           3
CRITICAL      1
Name: count, dtype: int64

=== Processing: chapter12_chapter_12_discipleship.md ===
Detected languages → Source: en, Back: en

Embedding batches:   0%|          | 0/3 [00:00<?, ?it/s]
Embedding batches:  33%|███▎      | 1/3 [00:04<00:08,  4.12s/it]
Embedding batches:  67%|██████▋   | 2/3 [00:07<00:03,  3.52s/it]
Embedding batches: 100%|██████████| 3/3 [00:08<00:00,  2.47s/it]
Embedding batches: 100%|██████████| 3/3 [00:08<00:00,  2.81s/it]
✅ Saved: /Users/andnie01/repo/pers/kli-translation-pipeline_principles-of-faith/farsi/pipeline2/analysis/chapters/drift_report_chapter12_chapter_12_discipleship_vs_chapter12_chapter_12_discipleship.csv
translation_quality
HIGH        90
MEDIUM      13
LOW          8
CRITICAL     4
Name: count, dtype: int64

=== Processing: chapter13_chapter_13_spiritual_authority.md ===
Detected languages → Source: en, Back: en

Embedding batches:   0%|          | 0/4 [00:00<?, ?it/s]
Embedding batches:  25%|██▌       | 1/4 [00:02<00:08,  2.99s/it]
Embedding batches:  50%|█████     | 2/4 [00:06<00:06,  3.07s/it]
Embedding batches:  75%|███████▌  | 3/4 [00:08<00:02,  2.91s/it]
Embedding batches: 100%|██████████| 4/4 [00:10<00:00,  2.56s/it]
Embedding batches: 100%|██████████| 4/4 [00:10<00:00,  2.72s/it]
✅ Saved: /Users/andnie01/repo/pers/kli-translation-pipeline_principles-of-faith/farsi/pipeline2/analysis/chapters/drift_report_chapter13_chapter_13_spiritual_authority_vs_chapter13_chapter_13_spiritual_authority.csv
translation_quality
HIGH      186
MEDIUM      7
LOW         3
Name: count, dtype: int64

=== Processing: chapter14_back_1_postscript.md ===
Detected languages → Source: en, Back: en

Embedding batches:   0%|          | 0/1 [00:00<?, ?it/s]
Embedding batches: 100%|██████████| 1/1 [00:01<00:00,  1.40s/it]
Embedding batches: 100%|██████████| 1/1 [00:01<00:00,  1.40s/it]
✅ Saved: /Users/andnie01/repo/pers/kli-translation-pipeline_principles-of-faith/farsi/pipeline2/analysis/chapters/drift_report_chapter14_back_1_postscript_vs_chapter14_back_1_postscript.csv
translation_quality
HIGH        9
LOW         1
CRITICAL    1
Name: count, dtype: int64

=== Processing: chapter14_back_3_extended_reference_tables.md ===
Detected languages → Source: en, Back: en

Embedding batches:   0%|          | 0/1 [00:00<?, ?it/s]
Embedding batches: 100%|██████████| 1/1 [00:00<00:00,  1.04it/s]
Embedding batches: 100%|██████████| 1/1 [00:00<00:00,  1.04it/s]
✅ Saved: /Users/andnie01/repo/pers/kli-translation-pipeline_principles-of-faith/farsi/pipeline2/analysis/chapters/drift_report_chapter14_back_3_extended_reference_tables_vs_chapter14_back_3_extended_reference_tables.csv
translation_quality
MEDIUM    3
HIGH      1
Name: count, dtype: int64

=== Processing: chapter14_back_4_end_of_chapter_activities.md ===
Detected languages → Source: en, Back: en

Embedding batches:   0%|          | 0/4 [00:00<?, ?it/s]
Embedding batches:  25%|██▌       | 1/4 [00:06<00:19,  6.58s/it]
Embedding batches:  50%|█████     | 2/4 [00:14<00:15,  7.64s/it]
Embedding batches:  75%|███████▌  | 3/4 [00:23<00:08,  8.26s/it]
Embedding batches: 100%|██████████| 4/4 [00:31<00:00,  8.05s/it]
Embedding batches: 100%|██████████| 4/4 [00:31<00:00,  7.92s/it]
✅ Saved: /Users/andnie01/repo/pers/kli-translation-pipeline_principles-of-faith/farsi/pipeline2/analysis/chapters/drift_report_chapter14_back_4_end_of_chapter_activities_vs_chapter14_back_4_end_of_chapter_activities.csv
translation_quality
HIGH        510
MEDIUM       50
CRITICAL     41
LOW          13
Name: count, dtype: int64

=== Processing: chapter14_back_5_hearing_the_voice_of_god.md ===
Detected languages → Source: en, Back: en

Embedding batches:   0%|          | 0/2 [00:00<?, ?it/s]
Embedding batches:  50%|█████     | 1/2 [00:03<00:03,  3.30s/it]
Embedding batches: 100%|██████████| 2/2 [00:04<00:00,  2.18s/it]
Embedding batches: 100%|██████████| 2/2 [00:04<00:00,  2.35s/it]
✅ Saved: /Users/andnie01/repo/pers/kli-translation-pipeline_principles-of-faith/farsi/pipeline2/analysis/chapters/drift_report_chapter14_back_5_hearing_the_voice_of_god_vs_chapter14_back_5_hearing_the_voice_of_god.csv
translation_quality
HIGH      41
MEDIUM     7
Name: count, dtype: int64

=== Processing: chapter14_chapter_14_keep_watch.md ===
Detected languages → Source: en, Back: en

Embedding batches:   0%|          | 0/2 [00:00<?, ?it/s]
Embedding batches:  50%|█████     | 1/2 [00:05<00:05,  5.91s/it]
Embedding batches: 100%|██████████| 2/2 [00:07<00:00,  3.44s/it]
Embedding batches: 100%|██████████| 2/2 [00:07<00:00,  3.81s/it]
✅ Saved: /Users/andnie01/repo/pers/kli-translation-pipeline_principles-of-faith/farsi/pipeline2/analysis/chapters/drift_report_chapter14_chapter_14_keep_watch_vs_chapter14_chapter_14_keep_watch.csv
translation_quality
HIGH      97
MEDIUM     9
LOW        2
Name: count, dtype: int64

=== Processing: chapter1_chapter_1_sound_doctrine_matters.md ===
Detected languages → Source: en, Back: en

Embedding batches:   0%|          | 0/2 [00:00<?, ?it/s]
Embedding batches:  50%|█████     | 1/2 [00:03<00:03,  3.65s/it]
Embedding batches: 100%|██████████| 2/2 [00:06<00:00,  2.94s/it]
Embedding batches: 100%|██████████| 2/2 [00:06<00:00,  3.05s/it]
✅ Saved: /Users/andnie01/repo/pers/kli-translation-pipeline_principles-of-faith/farsi/pipeline2/analysis/chapters/drift_report_chapter1_chapter_1_sound_doctrine_matters_vs_chapter1_chapter_1_sound_doctrine_matters.csv
translation_quality
HIGH        72
MEDIUM      13
LOW          7
CRITICAL     3
Name: count, dtype: int64

=== Processing: chapter2_chapter_2_god_eternal_creator_and_loving_father.md ===
Detected languages → Source: en, Back: en

Embedding batches:   0%|          | 0/2 [00:00<?, ?it/s]
Embedding batches:  50%|█████     | 1/2 [00:03<00:03,  3.51s/it]
Embedding batches: 100%|██████████| 2/2 [00:05<00:00,  2.46s/it]
Embedding batches: 100%|██████████| 2/2 [00:05<00:00,  2.62s/it]
✅ Saved: /Users/andnie01/repo/pers/kli-translation-pipeline_principles-of-faith/farsi/pipeline2/analysis/chapters/drift_report_chapter2_chapter_2_god_eternal_creator_and_loving_father_vs_chapter2_chapter_2_god_eternal_creator_and_loving_father.csv
translation_quality
HIGH      65
MEDIUM     4
Name: count, dtype: int64

=== Processing: chapter3_chapter_3_sin_and_redemption.md ===
Detected languages → Source: en, Back: en

Embedding batches:   0%|          | 0/2 [00:00<?, ?it/s]
Embedding batches:  50%|█████     | 1/2 [00:04<00:04,  4.22s/it]
Embedding batches: 100%|██████████| 2/2 [00:06<00:00,  3.28s/it]
Embedding batches: 100%|██████████| 2/2 [00:06<00:00,  3.42s/it]
✅ Saved: /Users/andnie01/repo/pers/kli-translation-pipeline_principles-of-faith/farsi/pipeline2/analysis/chapters/drift_report_chapter3_chapter_3_sin_and_redemption_vs_chapter3_chapter_3_sin_and_redemption.csv
translation_quality
HIGH        85
MEDIUM       9
LOW          4
CRITICAL     2
Name: count, dtype: int64

=== Processing: chapter4_chapter_4_jesus_the_messiah.md ===
Detected languages → Source: en, Back: en

Embedding batches:   0%|          | 0/2 [00:00<?, ?it/s]
Embedding batches:  50%|█████     | 1/2 [00:04<00:04,  4.24s/it]
Embedding batches: 100%|██████████| 2/2 [00:07<00:00,  3.75s/it]
Embedding batches: 100%|██████████| 2/2 [00:07<00:00,  3.83s/it]
✅ Saved: /Users/andnie01/repo/pers/kli-translation-pipeline_principles-of-faith/farsi/pipeline2/analysis/chapters/drift_report_chapter4_chapter_4_jesus_the_messiah_vs_chapter4_chapter_4_jesus_the_messiah.csv
translation_quality
HIGH        93
MEDIUM       6
LOW          4
CRITICAL     1
Name: count, dtype: int64

=== Processing: chapter5_chapter_5_repentance_from_dead_works.md ===
Detected languages → Source: en, Back: en

Embedding batches:   0%|          | 0/2 [00:00<?, ?it/s]
Embedding batches:  50%|█████     | 1/2 [00:04<00:04,  4.66s/it]
Embedding batches: 100%|██████████| 2/2 [00:08<00:00,  4.39s/it]
Embedding batches: 100%|██████████| 2/2 [00:08<00:00,  4.43s/it]
✅ Saved: /Users/andnie01/repo/pers/kli-translation-pipeline_principles-of-faith/farsi/pipeline2/analysis/chapters/drift_report_chapter5_chapter_5_repentance_from_dead_works_vs_chapter5_chapter_5_repentance_from_dead_works.csv
translation_quality
HIGH        126
MEDIUM       18
CRITICAL      1
Name: count, dtype: int64

=== Processing: chapter6_chapter_6_faith_toward_god.md ===
Detected languages → Source: en, Back: en

Embedding batches:   0%|          | 0/3 [00:00<?, ?it/s]
Embedding batches:  33%|███▎      | 1/3 [00:09<00:19,  9.57s/it]
Embedding batches:  67%|██████▋   | 2/3 [00:15<00:07,  7.52s/it]
Embedding batches: 100%|██████████| 3/3 [00:19<00:00,  6.03s/it]
Embedding batches: 100%|██████████| 3/3 [00:19<00:00,  6.64s/it]
✅ Saved: /Users/andnie01/repo/pers/kli-translation-pipeline_principles-of-faith/farsi/pipeline2/analysis/chapters/drift_report_chapter6_chapter_6_faith_toward_god_vs_chapter6_chapter_6_faith_toward_god.csv
translation_quality
HIGH      147
MEDIUM      8
LOW         1
Name: count, dtype: int64

=== Processing: chapter7_chapter_7_jesus_the_foundation_of_our_faith.md ===
Detected languages → Source: en, Back: en

Embedding batches:   0%|          | 0/3 [00:00<?, ?it/s]
Embedding batches:  33%|███▎      | 1/3 [00:02<00:05,  2.82s/it]
Embedding batches:  67%|██████▋   | 2/3 [00:06<00:03,  3.21s/it]
Embedding batches: 100%|██████████| 3/3 [00:08<00:00,  2.70s/it]
Embedding batches: 100%|██████████| 3/3 [00:08<00:00,  2.80s/it]
✅ Saved: /Users/andnie01/repo/pers/kli-translation-pipeline_principles-of-faith/farsi/pipeline2/analysis/chapters/drift_report_chapter7_chapter_7_jesus_the_foundation_of_our_faith_vs_chapter7_chapter_7_jesus_the_foundation_of_our_faith.csv
translation_quality
HIGH      73
MEDIUM     4
Name: count, dtype: int64

=== Processing: chapter8_chapter_8_holy_spirit_comforter_guide_and_power.md ===
Detected languages → Source: en, Back: en

Embedding batches:   0%|          | 0/3 [00:00<?, ?it/s]
Embedding batches:  33%|███▎      | 1/3 [00:03<00:06,  3.19s/it]
Embedding batches:  67%|██████▋   | 2/3 [00:06<00:02,  2.97s/it]
Embedding batches: 100%|██████████| 3/3 [00:08<00:00,  2.72s/it]
Embedding batches: 100%|██████████| 3/3 [00:08<00:00,  2.81s/it]
✅ Saved: /Users/andnie01/repo/pers/kli-translation-pipeline_principles-of-faith/farsi/pipeline2/analysis/chapters/drift_report_chapter8_chapter_8_holy_spirit_comforter_guide_and_power_vs_chapter8_chapter_8_holy_spirit_comforter_guide_and_power.csv
translation_quality
HIGH        129
MEDIUM       13
LOW           3
CRITICAL      1
Name: count, dtype: int64

=== Processing: chapter9_chapter_9_the_church_our_role_in_it.md ===
Detected languages → Source: en, Back: en

Embedding batches:   0%|          | 0/4 [00:00<?, ?it/s]
Embedding batches:  25%|██▌       | 1/4 [00:02<00:07,  2.45s/it]
Embedding batches:  50%|█████     | 2/4 [00:05<00:05,  2.59s/it]
Embedding batches:  75%|███████▌  | 3/4 [00:07<00:02,  2.70s/it]
Embedding batches: 100%|██████████| 4/4 [00:11<00:00,  3.09s/it]
Embedding batches: 100%|██████████| 4/4 [00:11<00:00,  2.91s/it]
✅ Saved: /Users/andnie01/repo/pers/kli-translation-pipeline_principles-of-faith/farsi/pipeline2/analysis/chapters/drift_report_chapter9_chapter_9_the_church_our_role_in_it_vs_chapter9_chapter_9_the_church_our_role_in_it.csv
translation_quality
HIGH      159
MEDIUM     31
LOW         4
Name: count, dtype: int64
🗂 Found 25 drift reports in /Users/andnie01/repo/pers/kli-translation-pipeline_principles-of-faith/farsi/pipeline2/analysis/chapters. Processing...

Analyzing 5 flagged paragraphs in drift_report_chapter0_6_preface_vs_chapter0_6_preface.csv...

Explaining differences: 0it [00:00, ?it/s]
Explaining differences: 1it [00:02,  2.43s/it]
Explaining differences: 2it [00:04,  2.14s/it]
Explaining differences: 3it [00:06,  1.96s/it]
Explaining differences: 4it [00:07,  1.79s/it]
Explaining differences: 5it [00:09,  1.78s/it]
Explaining differences: 5it [00:09,  1.88s/it]
✅ Saved explained drift report: /Users/andnie01/repo/pers/kli-translation-pipeline_principles-of-faith/farsi/pipeline2/analysis/chapters/explained/drift_report_chapter0_6_preface_vs_chapter0_6_preface_explained.csv
📊 Summary: 5 analyzed | 0 changed | 0 failed to parse

Analyzing 19 flagged paragraphs in drift_report_chapter5_chapter_5_repentance_from_dead_works_vs_chapter5_chapter_5_repentance_from_dead_works.csv...

Explaining differences: 0it [00:00, ?it/s]
Explaining differences: 1it [00:02,  2.04s/it]
Explaining differences: 2it [00:03,  1.74s/it]
Explaining differences: 3it [00:06,  2.09s/it]
Explaining differences: 4it [00:08,  2.26s/it]
Explaining differences: 5it [00:10,  2.09s/it]
Explaining differences: 6it [00:12,  2.16s/it]
Explaining differences: 7it [00:15,  2.22s/it]
Explaining differences: 8it [00:16,  2.03s/it]
Explaining differences: 9it [00:18,  2.02s/it]
Explaining differences: 10it [00:20,  1.96s/it]
Explaining differences: 11it [00:22,  2.02s/it]
Explaining differences: 12it [00:24,  1.99s/it]
Explaining differences: 13it [00:26,  1.92s/it]
Explaining differences: 14it [00:28,  2.00s/it]
Explaining differences: 15it [00:31,  2.16s/it]
Explaining differences: 16it [00:33,  2.21s/it]
Explaining differences: 17it [00:35,  2.23s/it]
Explaining differences: 18it [00:37,  2.06s/it]
Explaining differences: 19it [00:39,  2.05s/it]
Explaining differences: 19it [00:39,  2.07s/it]
✅ Saved explained drift report: /Users/andnie01/repo/pers/kli-translation-pipeline_principles-of-faith/farsi/pipeline2/analysis/chapters/explained/drift_report_chapter5_chapter_5_repentance_from_dead_works_vs_chapter5_chapter_5_repentance_from_dead_works_explained.csv
📊 Summary: 19 analyzed | 2 changed | 0 failed to parse

Analyzing 2 flagged paragraphs in drift_report_chapter14_back_1_postscript_vs_chapter14_back_1_postscript.csv...

Explaining differences: 0it [00:00, ?it/s]
Explaining differences: 1it [00:02,  2.64s/it]
Explaining differences: 2it [00:04,  2.17s/it]
Explaining differences: 2it [00:04,  2.24s/it]
✅ Saved explained drift report: /Users/andnie01/repo/pers/kli-translation-pipeline_principles-of-faith/farsi/pipeline2/analysis/chapters/explained/drift_report_chapter14_back_1_postscript_vs_chapter14_back_1_postscript_explained.csv
📊 Summary: 2 analyzed | 2 changed | 0 failed to parse

Analyzing 15 flagged paragraphs in drift_report_chapter3_chapter_3_sin_and_redemption_vs_chapter3_chapter_3_sin_and_redemption.csv...

Explaining differences: 0it [00:00, ?it/s]
Explaining differences: 1it [00:02,  2.48s/it]
Explaining differences: 2it [00:04,  2.21s/it]
Explaining differences: 3it [00:06,  2.28s/it]
Explaining differences: 4it [00:08,  2.19s/it]
Explaining differences: 5it [00:11,  2.17s/it]
Explaining differences: 6it [00:13,  2.19s/it]
Explaining differences: 7it [00:16,  2.39s/it]
Explaining differences: 8it [00:18,  2.48s/it]
Explaining differences: 9it [00:20,  2.41s/it]
Explaining differences: 10it [00:22,  2.20s/it]
Explaining differences: 11it [00:24,  2.06s/it]
Explaining differences: 12it [00:26,  1.96s/it]
Explaining differences: 13it [00:28,  2.08s/it]
Explaining differences: 14it [00:30,  2.04s/it]
Explaining differences: 15it [00:32,  1.95s/it]
Explaining differences: 15it [00:32,  2.15s/it]
✅ Saved explained drift report: /Users/andnie01/repo/pers/kli-translation-pipeline_principles-of-faith/farsi/pipeline2/analysis/chapters/explained/drift_report_chapter3_chapter_3_sin_and_redemption_vs_chapter3_chapter_3_sin_and_redemption_explained.csv
📊 Summary: 15 analyzed | 4 changed | 0 failed to parse

Analyzing 11 flagged paragraphs in drift_report_chapter4_chapter_4_jesus_the_messiah_vs_chapter4_chapter_4_jesus_the_messiah.csv...

Explaining differences: 0it [00:00, ?it/s]
Explaining differences: 1it [00:01,  1.84s/it]
Explaining differences: 2it [00:03,  1.66s/it]
Explaining differences: 3it [00:05,  1.72s/it]
Explaining differences: 4it [00:08,  2.23s/it]
Explaining differences: 5it [00:09,  2.06s/it]
Explaining differences: 6it [00:14,  2.96s/it]
Explaining differences: 7it [00:16,  2.71s/it]
Explaining differences: 8it [00:18,  2.34s/it]
Explaining differences: 9it [00:19,  2.07s/it]
Explaining differences: 10it [00:21,  1.91s/it]
Explaining differences: 11it [00:23,  2.07s/it]
Explaining differences: 11it [00:23,  2.17s/it]
✅ Saved explained drift report: /Users/andnie01/repo/pers/kli-translation-pipeline_principles-of-faith/farsi/pipeline2/analysis/chapters/explained/drift_report_chapter4_chapter_4_jesus_the_messiah_vs_chapter4_chapter_4_jesus_the_messiah_explained.csv
📊 Summary: 11 analyzed | 3 changed | 0 failed to parse

Analyzing 4 flagged paragraphs in drift_report_chapter2_chapter_2_god_eternal_creator_and_loving_father_vs_chapter2_chapter_2_god_eternal_creator_and_loving_father.csv...

Explaining differences: 0it [00:00, ?it/s]
Explaining differences: 1it [00:02,  2.12s/it]
Explaining differences: 2it [00:04,  2.15s/it]
Explaining differences: 3it [00:06,  2.14s/it]
Explaining differences: 4it [00:08,  2.27s/it]
Explaining differences: 4it [00:08,  2.22s/it]
✅ Saved explained drift report: /Users/andnie01/repo/pers/kli-translation-pipeline_principles-of-faith/farsi/pipeline2/analysis/chapters/explained/drift_report_chapter2_chapter_2_god_eternal_creator_and_loving_father_vs_chapter2_chapter_2_god_eternal_creator_and_loving_father_explained.csv
📊 Summary: 4 analyzed | 0 changed | 0 failed to parse

Analyzing 19 flagged paragraphs in drift_report_chapter11_chapter_11_baptisms_water_and_spirit_vs_chapter11_chapter_11_baptisms_water_and_spirit.csv...

Explaining differences: 0it [00:00, ?it/s]
Explaining differences: 1it [00:02,  2.10s/it]
Explaining differences: 2it [00:04,  2.16s/it]
Explaining differences: 3it [00:06,  2.24s/it]
Explaining differences: 4it [00:08,  2.21s/it]
Explaining differences: 5it [00:10,  2.11s/it]
Explaining differences: 6it [00:13,  2.16s/it]
Explaining differences: 7it [00:15,  2.12s/it]
Explaining differences: 8it [00:16,  1.97s/it]
Explaining differences: 9it [00:18,  1.97s/it]
Explaining differences: 10it [00:20,  1.94s/it]
Explaining differences: 11it [00:22,  1.92s/it]
Explaining differences: 12it [00:24,  2.05s/it]
Explaining differences: 13it [00:26,  1.99s/it]
Explaining differences: 14it [00:28,  1.92s/it]
Explaining differences: 15it [00:29,  1.80s/it]
Explaining differences: 16it [00:31,  1.80s/it]
Explaining differences: 17it [00:33,  1.75s/it]
Explaining differences: 18it [00:35,  1.79s/it]
Explaining differences: 19it [00:37,  1.84s/it]
Explaining differences: 19it [00:37,  1.96s/it]
✅ Saved explained drift report: /Users/andnie01/repo/pers/kli-translation-pipeline_principles-of-faith/farsi/pipeline2/analysis/chapters/explained/drift_report_chapter11_chapter_11_baptisms_water_and_spirit_vs_chapter11_chapter_11_baptisms_water_and_spirit_explained.csv
📊 Summary: 19 analyzed | 4 changed | 0 failed to parse

ℹ️  No non-HIGH paragraphs in drift_report_chapter0_4_list_of_tables_vs_chapter0_4_list_of_tables.csv — skipping.
Analyzing 35 flagged paragraphs in drift_report_chapter9_chapter_9_the_church_our_role_in_it_vs_chapter9_chapter_9_the_church_our_role_in_it.csv...

Explaining differences: 0it [00:00, ?it/s]
Explaining differences: 1it [00:02,  2.14s/it]
Explaining differences: 2it [00:03,  1.84s/it]
Explaining differences: 3it [00:06,  2.37s/it]
Explaining differences: 4it [00:09,  2.31s/it]
Explaining differences: 5it [00:11,  2.25s/it]
Explaining differences: 6it [00:12,  2.09s/it]
Explaining differences: 7it [00:14,  1.99s/it]
Explaining differences: 8it [00:16,  2.00s/it]
Explaining differences: 9it [00:18,  1.90s/it]
Explaining differences: 10it [00:20,  2.05s/it]
Explaining differences: 11it [00:22,  2.03s/it]
Explaining differences: 12it [00:26,  2.62s/it]
Explaining differences: 13it [00:28,  2.34s/it]
Explaining differences: 14it [00:32,  2.93s/it]
Explaining differences: 15it [00:34,  2.64s/it]
Explaining differences: 16it [00:36,  2.46s/it]
Explaining differences: 17it [00:38,  2.24s/it]
Explaining differences: 18it [00:40,  2.05s/it]
Explaining differences: 19it [00:41,  1.94s/it]
Explaining differences: 20it [00:43,  1.81s/it]
Explaining differences: 21it [00:44,  1.78s/it]
Explaining differences: 22it [00:46,  1.78s/it]
Explaining differences: 23it [00:48,  1.83s/it]
Explaining differences: 24it [00:50,  1.88s/it]
Explaining differences: 25it [00:52,  1.93s/it]
Explaining differences: 26it [00:54,  1.83s/it]
Explaining differences: 27it [00:55,  1.74s/it]
Explaining differences: 28it [00:57,  1.81s/it]
Explaining differences: 29it [01:00,  1.98s/it]
Explaining differences: 30it [01:01,  1.86s/it]
Explaining differences: 31it [01:03,  1.75s/it]
Explaining differences: 32it [01:04,  1.70s/it]
Explaining differences: 33it [01:06,  1.76s/it]
Explaining differences: 34it [01:08,  1.85s/it]
Explaining differences: 35it [01:10,  1.84s/it]
Explaining differences: 35it [01:10,  2.02s/it]
✅ Saved explained drift report: /Users/andnie01/repo/pers/kli-translation-pipeline_principles-of-faith/farsi/pipeline2/analysis/chapters/explained/drift_report_chapter9_chapter_9_the_church_our_role_in_it_vs_chapter9_chapter_9_the_church_our_role_in_it_explained.csv
📊 Summary: 35 analyzed | 11 changed | 0 failed to parse

Analyzing 23 flagged paragraphs in drift_report_chapter1_chapter_1_sound_doctrine_matters_vs_chapter1_chapter_1_sound_doctrine_matters.csv...

Explaining differences: 0it [00:00, ?it/s]
Explaining differences: 1it [00:01,  1.73s/it]
Explaining differences: 2it [00:03,  1.68s/it]
Explaining differences: 3it [00:17,  7.45s/it]
Explaining differences: 4it [00:20,  5.45s/it]
Explaining differences: 5it [00:22,  4.26s/it]
Explaining differences: 6it [00:24,  3.43s/it]
Explaining differences: 7it [00:26,  3.08s/it]
Explaining differences: 8it [00:28,  2.75s/it]
Explaining differences: 9it [00:29,  2.37s/it]
Explaining differences: 10it [00:31,  2.09s/it]
Explaining differences: 11it [00:33,  2.04s/it]
Explaining differences: 12it [00:35,  2.09s/it]
Explaining differences: 13it [00:38,  2.34s/it]
Explaining differences: 14it [00:40,  2.11s/it]
Explaining differences: 15it [00:42,  2.11s/it]
Explaining differences: 16it [00:43,  1.96s/it]
Explaining differences: 17it [00:46,  2.17s/it]
Explaining differences: 18it [00:48,  2.07s/it]
Explaining differences: 19it [00:50,  2.13s/it]
Explaining differences: 20it [00:52,  1.98s/it]
Explaining differences: 21it [00:54,  1.99s/it]
Explaining differences: 22it [00:56,  2.12s/it]
Explaining differences: 23it [00:59,  2.44s/it]
Explaining differences: 23it [00:59,  2.60s/it]
✅ Saved explained drift report: /Users/andnie01/repo/pers/kli-translation-pipeline_principles-of-faith/farsi/pipeline2/analysis/chapters/explained/drift_report_chapter1_chapter_1_sound_doctrine_matters_vs_chapter1_chapter_1_sound_doctrine_matters_explained.csv
📊 Summary: 23 analyzed | 8 changed | 0 failed to parse

Analyzing 17 flagged paragraphs in drift_report_chapter8_chapter_8_holy_spirit_comforter_guide_and_power_vs_chapter8_chapter_8_holy_spirit_comforter_guide_and_power.csv...

Explaining differences: 0it [00:00, ?it/s]
Explaining differences: 1it [00:01,  1.63s/it]
Explaining differences: 2it [00:03,  1.61s/it]
Explaining differences: 3it [00:04,  1.67s/it]
Explaining differences: 4it [00:06,  1.55s/it]
Explaining differences: 5it [00:08,  1.71s/it]
Explaining differences: 6it [00:10,  1.82s/it]
Explaining differences: 7it [00:12,  2.04s/it]
Explaining differences: 8it [00:14,  2.03s/it]
Explaining differences: 9it [00:16,  1.95s/it]
Explaining differences: 10it [00:18,  1.88s/it]
Explaining differences: 11it [00:20,  1.92s/it]
Explaining differences: 12it [00:22,  1.85s/it]
Explaining differences: 13it [00:24,  1.88s/it]
Explaining differences: 14it [00:25,  1.91s/it]
Explaining differences: 15it [00:27,  1.91s/it]
Explaining differences: 16it [00:30,  1.98s/it]
Explaining differences: 17it [00:31,  1.88s/it]
Explaining differences: 17it [00:31,  1.86s/it]
✅ Saved explained drift report: /Users/andnie01/repo/pers/kli-translation-pipeline_principles-of-faith/farsi/pipeline2/analysis/chapters/explained/drift_report_chapter8_chapter_8_holy_spirit_comforter_guide_and_power_vs_chapter8_chapter_8_holy_spirit_comforter_guide_and_power_explained.csv
📊 Summary: 17 analyzed | 4 changed | 0 failed to parse

ℹ️  No non-HIGH paragraphs in drift_report_chapter0_3_table_of_contents_vs_chapter0_3_table_of_contents.csv — skipping.
Analyzing 104 flagged paragraphs in drift_report_chapter14_back_4_end_of_chapter_activities_vs_chapter14_back_4_end_of_chapter_activities.csv...

Explaining differences: 0it [00:00, ?it/s]
Explaining differences: 1it [00:01,  1.84s/it]
Explaining differences: 2it [00:03,  1.93s/it]
Explaining differences: 3it [00:05,  1.81s/it]
Explaining differences: 4it [00:07,  1.79s/it]
Explaining differences: 5it [00:08,  1.72s/it]
Explaining differences: 6it [00:10,  1.78s/it]
Explaining differences: 7it [00:12,  1.73s/it]
Explaining differences: 8it [00:14,  1.70s/it]
Explaining differences: 9it [00:16,  1.84s/it]
Explaining differences: 10it [00:17,  1.78s/it]
Explaining differences: 11it [00:19,  1.74s/it]
Explaining differences: 12it [00:20,  1.67s/it]
Explaining differences: 13it [00:22,  1.66s/it]
Explaining differences: 14it [00:24,  1.66s/it]
Explaining differences: 15it [00:25,  1.66s/it]
Explaining differences: 16it [00:27,  1.58s/it]
Explaining differences: 17it [00:28,  1.58s/it]
Explaining differences: 18it [00:30,  1.65s/it]
Explaining differences: 19it [00:32,  1.80s/it]
Explaining differences: 20it [00:34,  1.75s/it]
Explaining differences: 21it [00:36,  1.96s/it]
Explaining differences: 22it [00:38,  1.96s/it]
Explaining differences: 23it [00:40,  1.98s/it]
Explaining differences: 24it [00:42,  1.85s/it]
Explaining differences: 25it [00:44,  1.87s/it]
Explaining differences: 26it [00:46,  2.03s/it]
Explaining differences: 27it [00:48,  1.91s/it]
Explaining differences: 28it [00:50,  1.97s/it]
Explaining differences: 29it [00:51,  1.81s/it]
Explaining differences: 30it [00:53,  1.80s/it]
Explaining differences: 31it [00:55,  1.77s/it]
Explaining differences: 32it [00:57,  1.79s/it]
Explaining differences: 33it [00:58,  1.68s/it]
Explaining differences: 34it [01:00,  1.79s/it]
Explaining differences: 35it [01:02,  1.79s/it]
Explaining differences: 36it [01:04,  1.71s/it]
Explaining differences: 37it [01:06,  1.80s/it]
Explaining differences: 38it [01:07,  1.68s/it]
Explaining differences: 39it [01:08,  1.60s/it]
Explaining differences: 40it [01:10,  1.61s/it]
Explaining differences: 41it [01:12,  1.65s/it]
Explaining differences: 42it [01:13,  1.64s/it]
Explaining differences: 43it [01:15,  1.71s/it]
Explaining differences: 44it [01:17,  1.63s/it]
Explaining differences: 45it [01:18,  1.66s/it]
Explaining differences: 46it [01:20,  1.65s/it]
Explaining differences: 47it [01:22,  1.68s/it]
Explaining differences: 48it [01:24,  1.70s/it]
Explaining differences: 49it [01:25,  1.68s/it]
Explaining differences: 50it [01:27,  1.67s/it]
Explaining differences: 51it [01:29,  1.75s/it]
Explaining differences: 52it [01:31,  1.78s/it]
Explaining differences: 53it [01:32,  1.69s/it]
Explaining differences: 54it [01:34,  1.71s/it]
Explaining differences: 55it [01:36,  1.73s/it]
Explaining differences: 56it [01:37,  1.68s/it]
Explaining differences: 57it [01:39,  1.65s/it]
Explaining differences: 58it [01:41,  1.69s/it]
Explaining differences: 59it [01:42,  1.71s/it]
Explaining differences: 60it [01:44,  1.74s/it]
Explaining differences: 61it [01:46,  1.71s/it]
Explaining differences: 62it [01:47,  1.66s/it]
Explaining differences: 63it [01:49,  1.57s/it]
Explaining differences: 64it [01:50,  1.55s/it]
Explaining differences: 65it [01:52,  1.56s/it]
Explaining differences: 66it [01:53,  1.57s/it]
Explaining differences: 67it [01:55,  1.59s/it]
Explaining differences: 68it [01:56,  1.54s/it]
Explaining differences: 69it [01:58,  1.54s/it]
Explaining differences: 70it [01:59,  1.51s/it]
Explaining differences: 71it [02:01,  1.49s/it]
Explaining differences: 72it [02:03,  1.59s/it]
Explaining differences: 73it [02:04,  1.55s/it]
Explaining differences: 74it [02:06,  1.53s/it]
Explaining differences: 75it [02:07,  1.57s/it]
Explaining differences: 76it [02:09,  1.63s/it]
Explaining differences: 77it [02:10,  1.56s/it]
Explaining differences: 78it [02:13,  1.84s/it]
Explaining differences: 79it [02:14,  1.72s/it]
Explaining differences: 80it [02:16,  1.71s/it]
Explaining differences: 81it [02:18,  1.68s/it]
Explaining differences: 82it [02:19,  1.56s/it]
Explaining differences: 83it [02:21,  1.62s/it]
Explaining differences: 84it [02:22,  1.65s/it]
Explaining differences: 85it [02:24,  1.66s/it]
Explaining differences: 86it [02:26,  1.75s/it]
Explaining differences: 87it [02:28,  1.68s/it]
Explaining differences: 88it [02:29,  1.67s/it]
Explaining differences: 89it [02:31,  1.79s/it]
Explaining differences: 90it [02:33,  1.66s/it]
Explaining differences: 91it [02:35,  1.79s/it]
Explaining differences: 92it [02:37,  1.92s/it]
Explaining differences: 93it [02:38,  1.79s/it]
Explaining differences: 94it [02:40,  1.80s/it]
Explaining differences: 95it [02:42,  1.71s/it]
Explaining differences: 96it [02:44,  1.91s/it]
Explaining differences: 97it [02:46,  1.86s/it]
Explaining differences: 98it [02:48,  2.01s/it]
Explaining differences: 99it [02:50,  2.02s/it]
Explaining differences: 100it [02:52,  1.90s/it]
Explaining differences: 101it [02:55,  2.25s/it]
Explaining differences: 102it [02:56,  2.00s/it]
Explaining differences: 103it [02:58,  1.90s/it]
Explaining differences: 104it [02:59,  1.73s/it]
Explaining differences: 104it [02:59,  1.73s/it]
✅ Saved explained drift report: /Users/andnie01/repo/pers/kli-translation-pipeline_principles-of-faith/farsi/pipeline2/analysis/chapters/explained/drift_report_chapter14_back_4_end_of_chapter_activities_vs_chapter14_back_4_end_of_chapter_activities_explained.csv
📊 Summary: 104 analyzed | 19 changed | 0 failed to parse

Analyzing 7 flagged paragraphs in drift_report_chapter14_back_5_hearing_the_voice_of_god_vs_chapter14_back_5_hearing_the_voice_of_god.csv...

Explaining differences: 0it [00:00, ?it/s]
Explaining differences: 1it [00:03,  3.36s/it]
Explaining differences: 2it [00:04,  2.29s/it]
Explaining differences: 3it [00:06,  2.10s/it]
Explaining differences: 4it [00:08,  1.86s/it]
Explaining differences: 5it [00:10,  2.03s/it]
Explaining differences: 6it [00:12,  1.92s/it]
Explaining differences: 7it [00:14,  1.92s/it]
Explaining differences: 7it [00:14,  2.03s/it]
✅ Saved explained drift report: /Users/andnie01/repo/pers/kli-translation-pipeline_principles-of-faith/farsi/pipeline2/analysis/chapters/explained/drift_report_chapter14_back_5_hearing_the_voice_of_god_vs_chapter14_back_5_hearing_the_voice_of_god_explained.csv
📊 Summary: 7 analyzed | 1 changed | 0 failed to parse

Analyzing 11 flagged paragraphs in drift_report_chapter14_chapter_14_keep_watch_vs_chapter14_chapter_14_keep_watch.csv...

Explaining differences: 0it [00:00, ?it/s]
Explaining differences: 1it [00:01,  1.52s/it]
Explaining differences: 2it [00:02,  1.45s/it]
Explaining differences: 3it [00:04,  1.58s/it]
Explaining differences: 4it [00:06,  1.54s/it]
Explaining differences: 5it [00:08,  1.69s/it]
Explaining differences: 6it [00:09,  1.70s/it]
Explaining differences: 7it [00:11,  1.75s/it]
Explaining differences: 8it [00:13,  1.80s/it]
Explaining differences: 9it [00:15,  1.89s/it]
Explaining differences: 10it [00:18,  2.03s/it]
Explaining differences: 11it [00:19,  1.94s/it]
Explaining differences: 11it [00:19,  1.80s/it]
✅ Saved explained drift report: /Users/andnie01/repo/pers/kli-translation-pipeline_principles-of-faith/farsi/pipeline2/analysis/chapters/explained/drift_report_chapter14_chapter_14_keep_watch_vs_chapter14_chapter_14_keep_watch_explained.csv
📊 Summary: 11 analyzed | 2 changed | 0 failed to parse

ℹ️  No non-HIGH paragraphs in drift_report_chapter0_1_dedication_vs_chapter0_1_dedication.csv — skipping.
Analyzing 3 flagged paragraphs in drift_report_chapter0_0_intro_vs_chapter0_0_intro.csv...

Explaining differences: 0it [00:00, ?it/s]
Explaining differences: 1it [00:01,  1.73s/it]
Explaining differences: 2it [00:03,  1.97s/it]
Explaining differences: 3it [00:05,  1.85s/it]
Explaining differences: 3it [00:05,  1.85s/it]
✅ Saved explained drift report: /Users/andnie01/repo/pers/kli-translation-pipeline_principles-of-faith/farsi/pipeline2/analysis/chapters/explained/drift_report_chapter0_0_intro_vs_chapter0_0_intro_explained.csv
📊 Summary: 3 analyzed | 0 changed | 0 failed to parse

Analyzing 4 flagged paragraphs in drift_report_chapter7_chapter_7_jesus_the_foundation_of_our_faith_vs_chapter7_chapter_7_jesus_the_foundation_of_our_faith.csv...

Explaining differences: 0it [00:00, ?it/s]
Explaining differences: 1it [00:02,  2.77s/it]
Explaining differences: 2it [00:04,  2.31s/it]
Explaining differences: 3it [00:06,  2.14s/it]
Explaining differences: 4it [00:08,  2.19s/it]
Explaining differences: 4it [00:08,  2.24s/it]
✅ Saved explained drift report: /Users/andnie01/repo/pers/kli-translation-pipeline_principles-of-faith/farsi/pipeline2/analysis/chapters/explained/drift_report_chapter7_chapter_7_jesus_the_foundation_of_our_faith_vs_chapter7_chapter_7_jesus_the_foundation_of_our_faith_explained.csv
📊 Summary: 4 analyzed | 0 changed | 0 failed to parse

Analyzing 10 flagged paragraphs in drift_report_chapter13_chapter_13_spiritual_authority_vs_chapter13_chapter_13_spiritual_authority.csv...

Explaining differences: 0it [00:00, ?it/s]
Explaining differences: 1it [00:02,  2.14s/it]
Explaining differences: 2it [00:04,  2.04s/it]
Explaining differences: 3it [00:05,  1.89s/it]
Explaining differences: 4it [00:07,  1.99s/it]
Explaining differences: 5it [00:10,  2.02s/it]
Explaining differences: 6it [00:11,  1.99s/it]
Explaining differences: 7it [00:13,  1.88s/it]
Explaining differences: 8it [00:15,  1.90s/it]
Explaining differences: 9it [00:17,  1.98s/it]
Explaining differences: 10it [00:19,  1.84s/it]
Explaining differences: 10it [00:19,  1.92s/it]
✅ Saved explained drift report: /Users/andnie01/repo/pers/kli-translation-pipeline_principles-of-faith/farsi/pipeline2/analysis/chapters/explained/drift_report_chapter13_chapter_13_spiritual_authority_vs_chapter13_chapter_13_spiritual_authority_explained.csv
📊 Summary: 10 analyzed | 4 changed | 0 failed to parse

Analyzing 25 flagged paragraphs in drift_report_chapter12_chapter_12_discipleship_vs_chapter12_chapter_12_discipleship.csv...

Explaining differences: 0it [00:00, ?it/s]
Explaining differences: 1it [00:01,  1.64s/it]
Explaining differences: 2it [00:03,  1.70s/it]
Explaining differences: 3it [00:05,  1.69s/it]
Explaining differences: 4it [00:07,  1.89s/it]
Explaining differences: 5it [00:09,  1.84s/it]
Explaining differences: 6it [00:10,  1.84s/it]
Explaining differences: 7it [00:12,  1.84s/it]
Explaining differences: 8it [00:14,  1.93s/it]
Explaining differences: 9it [00:16,  1.82s/it]
Explaining differences: 10it [00:18,  1.81s/it]
Explaining differences: 11it [00:19,  1.68s/it]
Explaining differences: 12it [00:21,  1.79s/it]
Explaining differences: 13it [00:23,  1.89s/it]
Explaining differences: 14it [00:25,  1.85s/it]
Explaining differences: 15it [00:27,  1.91s/it]
Explaining differences: 16it [00:29,  2.05s/it]
Explaining differences: 17it [00:31,  1.95s/it]
Explaining differences: 18it [00:33,  1.93s/it]
Explaining differences: 19it [00:35,  1.92s/it]
Explaining differences: 20it [00:36,  1.81s/it]
Explaining differences: 21it [00:38,  1.76s/it]
Explaining differences: 22it [00:40,  1.82s/it]
Explaining differences: 23it [00:42,  1.74s/it]
Explaining differences: 24it [00:44,  1.93s/it]
Explaining differences: 25it [00:45,  1.79s/it]
Explaining differences: 25it [00:45,  1.84s/it]
✅ Saved explained drift report: /Users/andnie01/repo/pers/kli-translation-pipeline_principles-of-faith/farsi/pipeline2/analysis/chapters/explained/drift_report_chapter12_chapter_12_discipleship_vs_chapter12_chapter_12_discipleship_explained.csv
📊 Summary: 25 analyzed | 8 changed | 0 failed to parse

Analyzing 3 flagged paragraphs in drift_report_chapter14_back_3_extended_reference_tables_vs_chapter14_back_3_extended_reference_tables.csv...

Explaining differences: 0it [00:00, ?it/s]
Explaining differences: 1it [00:01,  1.55s/it]
Explaining differences: 2it [00:03,  1.70s/it]
Explaining differences: 3it [00:05,  1.87s/it]
Explaining differences: 3it [00:05,  1.81s/it]
✅ Saved explained drift report: /Users/andnie01/repo/pers/kli-translation-pipeline_principles-of-faith/farsi/pipeline2/analysis/chapters/explained/drift_report_chapter14_back_3_extended_reference_tables_vs_chapter14_back_3_extended_reference_tables_explained.csv
📊 Summary: 3 analyzed | 0 changed | 0 failed to parse

ℹ️  No non-HIGH paragraphs in drift_report_chapter0_2_acknowledgements_vs_chapter0_2_acknowledgements.csv — skipping.
Analyzing 9 flagged paragraphs in drift_report_chapter6_chapter_6_faith_toward_god_vs_chapter6_chapter_6_faith_toward_god.csv...

Explaining differences: 0it [00:00, ?it/s]
Explaining differences: 1it [00:02,  2.04s/it]
Explaining differences: 2it [00:03,  1.86s/it]
Explaining differences: 3it [00:05,  1.76s/it]
Explaining differences: 4it [00:06,  1.63s/it]
Explaining differences: 5it [00:08,  1.63s/it]
Explaining differences: 6it [00:10,  1.68s/it]
Explaining differences: 7it [00:12,  1.89s/it]
Explaining differences: 8it [00:14,  1.83s/it]
Explaining differences: 9it [00:15,  1.77s/it]
Explaining differences: 9it [00:15,  1.77s/it]
✅ Saved explained drift report: /Users/andnie01/repo/pers/kli-translation-pipeline_principles-of-faith/farsi/pipeline2/analysis/chapters/explained/drift_report_chapter6_chapter_6_faith_toward_god_vs_chapter6_chapter_6_faith_toward_god_explained.csv
📊 Summary: 9 analyzed | 4 changed | 0 failed to parse

ℹ️  No non-HIGH paragraphs in drift_report_chapter0_5_foreword_vs_chapter0_5_foreword.csv — skipping.
Analyzing 3 flagged paragraphs in drift_report_chapter10_chapter_10_sanctified_prepared_for_god_s_purpose_vs_chapter10_chapter_10_sanctified_prepared_for_god_s_purpose.csv...

Explaining differences: 0it [00:00, ?it/s]
Explaining differences: 1it [00:01,  1.88s/it]
Explaining differences: 2it [00:03,  1.62s/it]
Explaining differences: 3it [00:05,  1.67s/it]
Explaining differences: 3it [00:05,  1.68s/it]
✅ Saved explained drift report: /Users/andnie01/repo/pers/kli-translation-pipeline_principles-of-faith/farsi/pipeline2/analysis/chapters/explained/drift_report_chapter10_chapter_10_sanctified_prepared_for_god_s_purpose_vs_chapter10_chapter_10_sanctified_prepared_for_god_s_purpose_explained.csv
📊 Summary: 3 analyzed | 1 changed | 0 failed to parse

🎉 All files processed.
⚠️  Unknown model for tokenizer; using cl100k_base.

📘 Processing table1.md...
🧮 Auto batch size determined: 20 paragraphs per request (input budget ≈ 246400.0 tokens)
🟦 Translating batch of 1 paragraphs (1/1)...
✅ Done: /Users/andnie01/repo/pers/kli-translation-pipeline_principles-of-faith/farsi/pipeline2/translation/tables/table1.md (1/1 translated)

📘 Processing table10.md...
🧮 Auto batch size determined: 20 paragraphs per request (input budget ≈ 246400.0 tokens)
🟦 Translating batch of 1 paragraphs (1/1)...
✅ Done: /Users/andnie01/repo/pers/kli-translation-pipeline_principles-of-faith/farsi/pipeline2/translation/tables/table10.md (1/1 translated)

📘 Processing table11.md...
🧮 Auto batch size determined: 20 paragraphs per request (input budget ≈ 246400.0 tokens)
🟦 Translating batch of 1 paragraphs (1/1)...
✅ Done: /Users/andnie01/repo/pers/kli-translation-pipeline_principles-of-faith/farsi/pipeline2/translation/tables/table11.md (1/1 translated)

📘 Processing table12.md...
🧮 Auto batch size determined: 20 paragraphs per request (input budget ≈ 246400.0 tokens)
🟦 Translating batch of 1 paragraphs (1/1)...
✅ Done: /Users/andnie01/repo/pers/kli-translation-pipeline_principles-of-faith/farsi/pipeline2/translation/tables/table12.md (1/1 translated)

📘 Processing table2.md...
🧮 Auto batch size determined: 20 paragraphs per request (input budget ≈ 246400.0 tokens)
🟦 Translating batch of 1 paragraphs (1/1)...
✅ Done: /Users/andnie01/repo/pers/kli-translation-pipeline_principles-of-faith/farsi/pipeline2/translation/tables/table2.md (1/1 translated)

📘 Processing table3.md...
🧮 Auto batch size determined: 20 paragraphs per request (input budget ≈ 246400.0 tokens)
🟦 Translating batch of 1 paragraphs (1/1)...
✅ Done: /Users/andnie01/repo/pers/kli-translation-pipeline_principles-of-faith/farsi/pipeline2/translation/tables/table3.md (1/1 translated)

📘 Processing table4.md...
🧮 Auto batch size determined: 20 paragraphs per request (input budget ≈ 246400.0 tokens)
🟦 Translating batch of 1 paragraphs (1/1)...
✅ Done: /Users/andnie01/repo/pers/kli-translation-pipeline_principles-of-faith/farsi/pipeline2/translation/tables/table4.md (1/1 translated)

📘 Processing table5.md...
🧮 Auto batch size determined: 20 paragraphs per request (input budget ≈ 246400.0 tokens)
🟦 Translating batch of 1 paragraphs (1/1)...
✅ Done: /Users/andnie01/repo/pers/kli-translation-pipeline_principles-of-faith/farsi/pipeline2/translation/tables/table5.md (1/1 translated)

📘 Processing table6.md...
🧮 Auto batch size determined: 20 paragraphs per request (input budget ≈ 246400.0 tokens)
🟦 Translating batch of 1 paragraphs (1/1)...
✅ Done: /Users/andnie01/repo/pers/kli-translation-pipeline_principles-of-faith/farsi/pipeline2/translation/tables/table6.md (1/1 translated)

📘 Processing table7.md...
🧮 Auto batch size determined: 20 paragraphs per request (input budget ≈ 246400.0 tokens)
🟦 Translating batch of 1 paragraphs (1/1)...
✅ Done: /Users/andnie01/repo/pers/kli-translation-pipeline_principles-of-faith/farsi/pipeline2/translation/tables/table7.md (1/1 translated)

📘 Processing table8.md...
🧮 Auto batch size determined: 20 paragraphs per request (input budget ≈ 246400.0 tokens)
🟦 Translating batch of 1 paragraphs (1/1)...
✅ Done: /Users/andnie01/repo/pers/kli-translation-pipeline_principles-of-faith/farsi/pipeline2/translation/tables/table8.md (1/1 translated)

📘 Processing table9.md...
🧮 Auto batch size determined: 20 paragraphs per request (input budget ≈ 246400.0 tokens)
🟦 Translating batch of 1 paragraphs (1/1)...
✅ Done: /Users/andnie01/repo/pers/kli-translation-pipeline_principles-of-faith/farsi/pipeline2/translation/tables/table9.md (1/1 translated)

🎯 All files processed.
