FOUND 1CO 1:2
FOUND 1CO 3:12
FOUND 1CO 3:13
FOUND 1CO 3:14
FOUND 1CO 3:15
FOUND 1JN 1:8
FOUND 1JN 1:9
FOUND 1JN 1:10
FOUND 1JN 3:22
FOUND 1JN 4:1
FOUND 1SA 15:22
FOUND 1TH 4:16
FOUND 1TI 4:1
FOUND 1TI 5:22
FOUND 2CO 5:7
FOUND 2CO 5:10
FOUND 2CO 5:17
FOUND 2CO 7:10
FOUND 2CO 10:3
FOUND 2CO 10:4
FOUND 2CO 10:5
FOUND 2CO 10:6
FOUND 2PE 1:20
FOUND 2PE 1:21
FOUND 2TI 3:1
FOUND 2TI 3:2
FOUND 2TI 3:3
FOUND 2TI 3:4
FOUND 2TI 3:5
FOUND 2TI 3:6
FOUND 2TI 3:7
FOUND 2TI 3:8
FOUND 2TI 3:9
FOUND 2TI 3:16
FOUND 2TI 4:1
FOUND 2TI 4:2
FOUND 2TI 4:3
FOUND 2TI 4:4
FOUND ACT 1:4
FOUND ACT 1:5
FOUND ACT 1:6
FOUND ACT 1:7
FOUND ACT 1:8
FOUND ACT 1:9
FOUND ACT 1:11
FOUND ACT 2:38
FOUND ACT 2:39
FOUND ACT 8:17
FOUND ACT 19:6
FOUND COL 1:16
FOUND COL 1:17
FOUND COL 2:8
FOUND DEU 28:1
FOUND DEU 28:2
FOUND DEU 28:3
FOUND DEU 28:4
FOUND DEU 28:5
FOUND DEU 28:6
FOUND DEU 28:7
FOUND DEU 28:8
FOUND DEU 28:9
FOUND DEU 28:10
FOUND DEU 28:11
FOUND DEU 28:12
FOUND DEU 28:13
FOUND DEU 28:14
FOUND DEU 31:9
FOUND DEU 31:11
FOUND ECC 12:14
FOUND EPH 1:13
FOUND EPH 1:14
FOUND EPH 1:22
FOUND EPH 1:23
FOUND EPH 2:8
FOUND EPH 2:9
FOUND EPH 2:10
FOUND EPH 4:11
FOUND EPH 4:12
FOUND EPH 4:13
FOUND EPH 4:14
FOUND EPH 4:15
FOUND EPH 4:16
FOUND EXO 3:14
FOUND EXO 7:16
FOUND EXO 12:31
FOUND EXO 20:6
FOUND EXO 24:4
FOUND GAL 3:2
FOUND GAL 6:7
FOUND GAL 6:8
FOUND GEN 4:1
FOUND GEN 4:2
FOUND GEN 4:3
FOUND GEN 4:4
FOUND GEN 4:5
FOUND GEN 4:6
FOUND GEN 4:7
FOUND GEN 4:8
FOUND GEN 4:9
FOUND GEN 4:10
FOUND GEN 4:11
FOUND GEN 4:12
FOUND GEN 4:13
FOUND GEN 4:14
FOUND GEN 4:15
FOUND GEN 4:16
FOUND HAB 2:2
FOUND HEB 6:1
FOUND HEB 6:2
FOUND HEB 9:15
FOUND HEB 9:27
FOUND HEB 10:1
FOUND HEB 10:2
FOUND HEB 10:3
FOUND HEB 10:4
FOUND ISA 1:19
FOUND ISA 30:8
FOUND ISA 40:31
FOUND ISA 59:2
FOUND JAS 1:22
FOUND JAS 2:14
FOUND JAS 2:15
FOUND JAS 2:16
FOUND JAS 2:17
FOUND JAS 2:18
FOUND JAS 2:19
FOUND JAS 2:20
FOUND JAS 4:1
FOUND JAS 4:2
FOUND JAS 4:3
FOUND JER 29:11
FOUND JER 36:2
FOUND JHN 3:16
FOUND JHN 5:19
FOUND JHN 5:22
FOUND JHN 5:23
FOUND JHN 5:28
FOUND JHN 5:29
FOUND JHN 8:31
FOUND JHN 8:32
FOUND JHN 10:10
FOUND JHN 10:17
FOUND JHN 10:18
FOUND JHN 14:12
FOUND JHN 14:13
FOUND JHN 14:14
FOUND JHN 14:16
FOUND JHN 14:17
FOUND JHN 14:18
FOUND JHN 15:1
FOUND JHN 15:2
FOUND JHN 15:3
FOUND JHN 15:4
FOUND JHN 15:8
FOUND JHN 16:7
FOUND JHN 16:8
FOUND JHN 16:9
FOUND JHN 16:10
FOUND JHN 16:11
FOUND JHN 16:13
FOUND JHN 16:14
FOUND JHN 20:24
FOUND JHN 20:25
FOUND JHN 20:26
FOUND JHN 20:27
FOUND JHN 20:28
FOUND JHN 20:29
FOUND LUK 4:16
FOUND LUK 4:17
FOUND LUK 4:18
FOUND LUK 4:19
FOUND LUK 4:20
FOUND LUK 4:21
FOUND LUK 6:40
FOUND LUK 10:19
FOUND LUK 11:13
FOUND LUK 12:11
FOUND LUK 12:12
FOUND MAT 3:11
FOUND MAT 4:17
FOUND MAT 8:16
FOUND MAT 8:17
FOUND MAT 12:36
FOUND MAT 12:37
FOUND MAT 13:10
FOUND MAT 13:11
FOUND MAT 13:13
FOUND MAT 13:15
FOUND MAT 16:18
FOUND MAT 18:18
FOUND MAT 25:46
FOUND MAT 28:18
FOUND MAT 28:19
FOUND MAT 28:20
FOUND MRK 2:10
FOUND MRK 7:9
FOUND MRK 7:13
FOUND MRK 16:15
FOUND MRK 16:16
FOUND MRK 16:17
FOUND MRK 16:18
FOUND MRK 16:19
FOUND MRK 16:20
FOUND NUM 33:2
FOUND PHP 2:12
FOUND PHP 2:13
FOUND PHP 3:12
FOUND PHP 3:13
FOUND PHP 3:14
FOUND PHP 4:6
FOUND PHP 4:7
FOUND PSA 32:8
FOUND PSA 34:7
FOUND PSA 37:23
FOUND PSA 37:24
FOUND PSA 119:165
FOUND PSA 127:1
FOUND PSA 139:23
FOUND PSA 139:24
FOUND REV 1:18
FOUND REV 3:20
FOUND REV 20:10
FOUND REV 20:11
FOUND REV 20:12
FOUND REV 20:13
FOUND REV 21:1
FOUND REV 21:3
FOUND REV 22:12
FOUND ROM 2:4
FOUND ROM 2:5
FOUND ROM 2:6
FOUND ROM 2:7
FOUND ROM 3:23
FOUND ROM 4:19
FOUND ROM 4:20
FOUND ROM 4:21
FOUND ROM 4:22
FOUND ROM 6:23
FOUND ROM 8:1
FOUND ROM 8:6
FOUND ROM 8:7
FOUND ROM 8:8
FOUND ROM 8:13
FOUND ROM 8:14
FOUND ROM 10:9
FOUND ROM 10:10
FOUND ROM 10:16
FOUND ROM 10:17
FOUND ROM 12:1
FOUND ROM 12:2
Summary: requested=250, found=250, missing=0
Output: /Users/andrew/repo/translate_principles_of_faith/pipeline3/selected_bible.json
