✅ Injected drift summaries into chapter14_chapter_14_keep_watch.md (matched drift_report_chapter14_chapter_14_keep_watch_vs_chapter14_chapter_14_keep_watch_explained.csv)
✅ Injected drift summaries into chapter0_0_intro.md (matched drift_report_chapter0_0_intro_vs_chapter0_0_intro_explained.csv)
✅ Injected drift summaries into chapter13_chapter_13_spiritual_authority.md (matched drift_report_chapter13_chapter_13_spiritual_authority_vs_chapter13_chapter_13_spiritual_authority_explained.csv)
⚠️  No drift CSV found matching chapter0_3_table_of_contents, skipping.
✅ Injected drift summaries into chapter14_back_5_hearing_the_voice_of_god.md (matched drift_report_chapter14_back_5_hearing_the_voice_of_god_vs_chapter14_back_5_hearing_the_voice_of_god_explained.csv)
✅ Injected drift summaries into chapter8_chapter_8_holy_spirit_comforter_guide_and_power.md (matched drift_report_chapter8_chapter_8_holy_spirit_comforter_guide_and_power_vs_chapter8_chapter_8_holy_spirit_comforter_guide_and_power_explained.csv)
✅ Injected drift summaries into chapter9_chapter_9_the_church_our_role_in_it.md (matched drift_report_chapter9_chapter_9_the_church_our_role_in_it_vs_chapter9_chapter_9_the_church_our_role_in_it_explained.csv)
✅ Injected drift summaries into chapter0_6_preface.md (matched drift_report_chapter0_6_preface_vs_chapter0_6_preface_explained.csv)
✅ Injected drift summaries into chapter7_chapter_7_jesus_the_foundation_of_our_faith.md (matched drift_report_chapter7_chapter_7_jesus_the_foundation_of_our_faith_vs_chapter7_chapter_7_jesus_the_foundation_of_our_faith_explained.csv)
✅ Injected drift summaries into chapter4_chapter_4_jesus_the_messiah.md (matched drift_report_chapter4_chapter_4_jesus_the_messiah_vs_chapter4_chapter_4_jesus_the_messiah_explained.csv)
✅ Injected drift summaries into chapter3_chapter_3_sin_and_redemption.md (matched drift_report_chapter3_chapter_3_sin_and_redemption_vs_chapter3_chapter_3_sin_and_redemption_explained.csv)
✅ Injected drift summaries into chapter11_chapter_11_baptisms_water_and_spirit.md (matched drift_report_chapter11_chapter_11_baptisms_water_and_spirit_vs_chapter11_chapter_11_baptisms_water_and_spirit_explained.csv)
⚠️  No drift CSV found matching chapter0_2_acknowledgements, skipping.
✅ Injected drift summaries into chapter12_chapter_12_discipleship.md (matched drift_report_chapter12_chapter_12_discipleship_vs_chapter12_chapter_12_discipleship_explained.csv)
✅ Injected drift summaries into chapter5_chapter_5_repentance_from_dead_works.md (matched drift_report_chapter5_chapter_5_repentance_from_dead_works_vs_chapter5_chapter_5_repentance_from_dead_works_explained.csv)
✅ Injected drift summaries into chapter14_back_4_end_of_chapter_activities.md (matched drift_report_chapter14_back_4_end_of_chapter_activities_vs_chapter14_back_4_end_of_chapter_activities_explained.csv)
✅ Injected drift summaries into chapter6_chapter_6_faith_toward_god.md (matched drift_report_chapter6_chapter_6_faith_toward_god_vs_chapter6_chapter_6_faith_toward_god_explained.csv)
✅ Injected drift summaries into chapter10_chapter_10_sanctified_prepared_for_god_s_purpose.md (matched drift_report_chapter10_chapter_10_sanctified_prepared_for_god_s_purpose_vs_chapter10_chapter_10_sanctified_prepared_for_god_s_purpose_explained.csv)
✅ Injected drift summaries into chapter2_chapter_2_god_eternal_creator_and_loving_father.md (matched drift_report_chapter2_chapter_2_god_eternal_creator_and_loving_father_vs_chapter2_chapter_2_god_eternal_creator_and_loving_father_explained.csv)
✅ Injected drift summaries into chapter0_1_dedication.md (matched drift_report_chapter0_1_dedication_vs_chapter0_1_dedication_explained.csv)
⚠️  No drift CSV found matching chapter0_5_foreword, skipping.
⚠️  No drift CSV found matching chapter0_4_list_of_tables, skipping.
⚠️  No drift CSV found matching chapter14_back_1_postscript, skipping.
⚠️  No drift CSV found matching chapter14_back_3_extended_reference_tables, skipping.
✅ Injected drift summaries into chapter1_chapter_1_sound_doctrine_matters.md (matched drift_report_chapter1_chapter_1_sound_doctrine_matters_vs_chapter1_chapter_1_sound_doctrine_matters_explained.csv)

🎉 Done! Processed 25 Markdown files into /Users/andrew/repo/kli-translation-pipeline_principles-of-faith/urdu/pipeline4/review/chapters

Done. Files scanned: 37 | Updated: 0
[UPDATED] /Users/andrew/repo/kli-translation-pipeline_principles-of-faith/urdu/pipeline4/review/tables/table12.md
[UPDATED] /Users/andrew/repo/kli-translation-pipeline_principles-of-faith/urdu/pipeline4/review/tables/table8.md
[UPDATED] /Users/andrew/repo/kli-translation-pipeline_principles-of-faith/urdu/pipeline4/review/tables/table9.md
[UPDATED] /Users/andrew/repo/kli-translation-pipeline_principles-of-faith/urdu/pipeline4/review/tables/table2.md
[UPDATED] /Users/andrew/repo/kli-translation-pipeline_principles-of-faith/urdu/pipeline4/review/tables/table6.md
[UPDATED] /Users/andrew/repo/kli-translation-pipeline_principles-of-faith/urdu/pipeline4/review/tables/table7.md
[UPDATED] /Users/andrew/repo/kli-translation-pipeline_principles-of-faith/urdu/pipeline4/review/tables/table3.md
[UPDATED] /Users/andrew/repo/kli-translation-pipeline_principles-of-faith/urdu/pipeline4/review/tables/table4.md
[UPDATED] /Users/andrew/repo/kli-translation-pipeline_principles-of-faith/urdu/pipeline4/review/tables/table1.md
[UPDATED] /Users/andrew/repo/kli-translation-pipeline_principles-of-faith/urdu/pipeline4/review/tables/table5.md
[UPDATED] /Users/andrew/repo/kli-translation-pipeline_principles-of-faith/urdu/pipeline4/review/tables/table10.md
[UPDATED] /Users/andrew/repo/kli-translation-pipeline_principles-of-faith/urdu/pipeline4/review/tables/table11.md
[UPDATED] /Users/andrew/repo/kli-translation-pipeline_principles-of-faith/urdu/pipeline4/review/chapters/chapter14_chapter_14_keep_watch.md
[UPDATED] /Users/andrew/repo/kli-translation-pipeline_principles-of-faith/urdu/pipeline4/review/chapters/chapter0_0_intro.md
[UPDATED] /Users/andrew/repo/kli-translation-pipeline_principles-of-faith/urdu/pipeline4/review/chapters/chapter13_chapter_13_spiritual_authority.md
[UPDATED] /Users/andrew/repo/kli-translation-pipeline_principles-of-faith/urdu/pipeline4/review/chapters/chapter0_3_table_of_contents.md
[UPDATED] /Users/andrew/repo/kli-translation-pipeline_principles-of-faith/urdu/pipeline4/review/chapters/chapter14_back_5_hearing_the_voice_of_god.md
[UPDATED] /Users/andrew/repo/kli-translation-pipeline_principles-of-faith/urdu/pipeline4/review/chapters/chapter8_chapter_8_holy_spirit_comforter_guide_and_power.md
[UPDATED] /Users/andrew/repo/kli-translation-pipeline_principles-of-faith/urdu/pipeline4/review/chapters/chapter9_chapter_9_the_church_our_role_in_it.md
[UPDATED] /Users/andrew/repo/kli-translation-pipeline_principles-of-faith/urdu/pipeline4/review/chapters/chapter0_6_preface.md
[UPDATED] /Users/andrew/repo/kli-translation-pipeline_principles-of-faith/urdu/pipeline4/review/chapters/chapter7_chapter_7_jesus_the_foundation_of_our_faith.md
[UPDATED] /Users/andrew/repo/kli-translation-pipeline_principles-of-faith/urdu/pipeline4/review/chapters/chapter4_chapter_4_jesus_the_messiah.md
[UPDATED] /Users/andrew/repo/kli-translation-pipeline_principles-of-faith/urdu/pipeline4/review/chapters/chapter3_chapter_3_sin_and_redemption.md
[UPDATED] /Users/andrew/repo/kli-translation-pipeline_principles-of-faith/urdu/pipeline4/review/chapters/chapter11_chapter_11_baptisms_water_and_spirit.md
[UPDATED] /Users/andrew/repo/kli-translation-pipeline_principles-of-faith/urdu/pipeline4/review/chapters/chapter0_2_acknowledgements.md
[UPDATED] /Users/andrew/repo/kli-translation-pipeline_principles-of-faith/urdu/pipeline4/review/chapters/chapter12_chapter_12_discipleship.md
[UPDATED] /Users/andrew/repo/kli-translation-pipeline_principles-of-faith/urdu/pipeline4/review/chapters/chapter5_chapter_5_repentance_from_dead_works.md
[UPDATED] /Users/andrew/repo/kli-translation-pipeline_principles-of-faith/urdu/pipeline4/review/chapters/chapter14_back_4_end_of_chapter_activities.md
[UPDATED] /Users/andrew/repo/kli-translation-pipeline_principles-of-faith/urdu/pipeline4/review/chapters/chapter6_chapter_6_faith_toward_god.md
[UPDATED] /Users/andrew/repo/kli-translation-pipeline_principles-of-faith/urdu/pipeline4/review/chapters/chapter10_chapter_10_sanctified_prepared_for_god_s_purpose.md
[UPDATED] /Users/andrew/repo/kli-translation-pipeline_principles-of-faith/urdu/pipeline4/review/chapters/chapter2_chapter_2_god_eternal_creator_and_loving_father.md
[UPDATED] /Users/andrew/repo/kli-translation-pipeline_principles-of-faith/urdu/pipeline4/review/chapters/chapter0_1_dedication.md
[UPDATED] /Users/andrew/repo/kli-translation-pipeline_principles-of-faith/urdu/pipeline4/review/chapters/chapter0_5_foreword.md
[UPDATED] /Users/andrew/repo/kli-translation-pipeline_principles-of-faith/urdu/pipeline4/review/chapters/chapter0_4_list_of_tables.md
[UPDATED] /Users/andrew/repo/kli-translation-pipeline_principles-of-faith/urdu/pipeline4/review/chapters/chapter14_back_1_postscript.md
[UPDATED] /Users/andrew/repo/kli-translation-pipeline_principles-of-faith/urdu/pipeline4/review/chapters/chapter14_back_3_extended_reference_tables.md
[UPDATED] /Users/andrew/repo/kli-translation-pipeline_principles-of-faith/urdu/pipeline4/review/chapters/chapter1_chapter_1_sound_doctrine_matters.md

Done. Files scanned: 37 | Updated: 37
