⚠️  Unknown model for tokenizer; using cl100k_base.

📘 Processing chapter0_0_intro.md...
📑 Paragraph markers found: 20
🧮 Token-aware batching: 1 batch(es), budget ~106666 tokens, max batch size 20
🟦 Translating batch 1/1 (20 paras, ~630 tokens input)...
⚠️ API error details: Request timed out.
⚠️ API error Request timed out.. Retrying in 2s...
⚠️ API error details: <Response [401 Unauthorized]>
⚠️ API error Error code: 401 - {'error-category': 18, 'error': 'supplied BricksLLM key does not exist'}. Retrying in 3s...
⚠️ API error details: <Response [401 Unauthorized]>
⚠️ API error Error code: 401 - {'error-category': 18, 'error': 'supplied BricksLLM key does not exist'}. Retrying in 5s...
⚠️ API error details: <Response [401 Unauthorized]>
⚠️ API error Error code: 401 - {'error-category': 18, 'error': 'supplied BricksLLM key does not exist'}. Retrying in 9s...
⚠️ API error details: <Response [401 Unauthorized]>
⚠️ API error Error code: 401 - {'error-category': 18, 'error': 'supplied BricksLLM key does not exist'}. Retrying in 17s...
⚠️ API error details: <Response [401 Unauthorized]>
⚠️ API error Error code: 401 - {'error-category': 18, 'error': 'supplied BricksLLM key does not exist'}. Retrying in 33s...
Traceback (most recent call last):
  File "/Users/andnie01/repo/pers/kli-text-translation-workflows/./scripts/translate_paragraphs.py", line 408, in <module>
    main()
  File "/Users/andnie01/repo/pers/kli-text-translation-workflows/./scripts/translate_paragraphs.py", line 384, in main
    process_file(
  File "/Users/andnie01/repo/pers/kli-text-translation-workflows/./scripts/translate_paragraphs.py", line 300, in process_file
    translated_block = translate_batch(
                       ^^^^^^^^^^^^^^^^
  File "/Users/andnie01/repo/pers/kli-text-translation-workflows/./scripts/translate_paragraphs.py", line 226, in translate_batch
    raise RuntimeError("Max retries exceeded for translation batch")
RuntimeError: Max retries exceeded for translation batch
⚠️  Unknown model for tokenizer; using cl100k_base.

📘 Processing chapter0_0_intro.md...
📑 Paragraph markers found: 20
🧮 Token-aware batching: 1 batch(es), budget ~106666 tokens, max batch size 20
🟦 Translating batch 1/1 (20 paras, ~630 tokens input)...
⚠️ API error details: <Response [401 Unauthorized]>
⚠️ API error Error code: 401 - {'error-category': 18, 'error': 'supplied BricksLLM key does not exist'}. Retrying in 2s...
⚠️ API error details: <Response [401 Unauthorized]>
⚠️ API error Error code: 401 - {'error-category': 18, 'error': 'supplied BricksLLM key does not exist'}. Retrying in 3s...
⚠️ API error details: <Response [401 Unauthorized]>
⚠️ API error Error code: 401 - {'error-category': 18, 'error': 'supplied BricksLLM key does not exist'}. Retrying in 5s...
⚠️ API error details: <Response [401 Unauthorized]>
⚠️ API error Error code: 401 - {'error-category': 18, 'error': 'supplied BricksLLM key does not exist'}. Retrying in 9s...
⚠️ API error details: <Response [401 Unauthorized]>
⚠️ API error Error code: 401 - {'error-category': 18, 'error': 'supplied BricksLLM key does not exist'}. Retrying in 17s...
⚠️ API error details: <Response [401 Unauthorized]>
⚠️ API error Error code: 401 - {'error-category': 18, 'error': 'supplied BricksLLM key does not exist'}. Retrying in 33s...
Traceback (most recent call last):
  File "/Users/andnie01/repo/pers/kli-text-translation-workflows/./scripts/translate_paragraphs.py", line 408, in <module>
    main()
  File "/Users/andnie01/repo/pers/kli-text-translation-workflows/./scripts/translate_paragraphs.py", line 384, in main
    process_file(
  File "/Users/andnie01/repo/pers/kli-text-translation-workflows/./scripts/translate_paragraphs.py", line 300, in process_file
    translated_block = translate_batch(
                       ^^^^^^^^^^^^^^^^
  File "/Users/andnie01/repo/pers/kli-text-translation-workflows/./scripts/translate_paragraphs.py", line 226, in translate_batch
    raise RuntimeError("Max retries exceeded for translation batch")
RuntimeError: Max retries exceeded for translation batch
⚠️  Unknown model for tokenizer; using cl100k_base.

📘 Processing chapter0_0_intro.md...
📑 Paragraph markers found: 20
🧮 Token-aware batching: 1 batch(es), budget ~106666 tokens, max batch size 20
🟦 Translating batch 1/1 (20 paras, ~630 tokens input)...
✅ Done: /Users/andnie01/repo/pers/kli-translation-pipeline_principles-of-faith/bengali/pipeline2/translation/chapters/chapter0_0_intro.md (20/20 translated)

📘 Processing chapter0_1_dedication.md...
📑 Paragraph markers found: 3
🧮 Token-aware batching: 1 batch(es), budget ~106666 tokens, max batch size 20
🟦 Translating batch 1/1 (3 paras, ~67 tokens input)...
✅ Done: /Users/andnie01/repo/pers/kli-translation-pipeline_principles-of-faith/bengali/pipeline2/translation/chapters/chapter0_1_dedication.md (3/3 translated)

📘 Processing chapter0_2_acknowledgements.md...
📑 Paragraph markers found: 4
🧮 Token-aware batching: 1 batch(es), budget ~106666 tokens, max batch size 20
🟦 Translating batch 1/1 (4 paras, ~178 tokens input)...
✅ Done: /Users/andnie01/repo/pers/kli-translation-pipeline_principles-of-faith/bengali/pipeline2/translation/chapters/chapter0_2_acknowledgements.md (4/4 translated)

📘 Processing chapter0_3_table_of_contents.md...
📑 Paragraph markers found: 26
🧮 Token-aware batching: 2 batch(es), budget ~106666 tokens, max batch size 20
🟦 Translating batch 1/2 (20 paras, ~683 tokens input)...
🟦 Translating batch 2/2 (6 paras, ~150 tokens input)...
✅ Done: /Users/andnie01/repo/pers/kli-translation-pipeline_principles-of-faith/bengali/pipeline2/translation/chapters/chapter0_3_table_of_contents.md (26/26 translated)

📘 Processing chapter0_4_list_of_tables.md...
📑 Paragraph markers found: 13
🧮 Token-aware batching: 1 batch(es), budget ~106666 tokens, max batch size 20
🟦 Translating batch 1/1 (13 paras, ~543 tokens input)...
✅ Done: /Users/andnie01/repo/pers/kli-translation-pipeline_principles-of-faith/bengali/pipeline2/translation/chapters/chapter0_4_list_of_tables.md (13/13 translated)

📘 Processing chapter0_5_foreword.md...
📑 Paragraph markers found: 6
🧮 Token-aware batching: 1 batch(es), budget ~106666 tokens, max batch size 20
🟦 Translating batch 1/1 (6 paras, ~289 tokens input)...
✅ Done: /Users/andnie01/repo/pers/kli-translation-pipeline_principles-of-faith/bengali/pipeline2/translation/chapters/chapter0_5_foreword.md (6/6 translated)

📘 Processing chapter0_6_preface.md...
📑 Paragraph markers found: 69
🧮 Token-aware batching: 4 batch(es), budget ~106666 tokens, max batch size 20
🟦 Translating batch 1/4 (20 paras, ~1279 tokens input)...
🟦 Translating batch 2/4 (20 paras, ~961 tokens input)...
🟦 Translating batch 3/4 (20 paras, ~884 tokens input)...
🟦 Translating batch 4/4 (9 paras, ~648 tokens input)...
✅ Done: /Users/andnie01/repo/pers/kli-translation-pipeline_principles-of-faith/bengali/pipeline2/translation/chapters/chapter0_6_preface.md (69/69 translated)

📘 Processing chapter10_chapter_10_sanctified_prepared_for_god_s_purpose.md...
📑 Paragraph markers found: 112
🧮 Token-aware batching: 6 batch(es), budget ~106666 tokens, max batch size 20
🟦 Translating batch 1/6 (20 paras, ~1182 tokens input)...
🟦 Translating batch 2/6 (20 paras, ~1639 tokens input)...
🟦 Translating batch 3/6 (20 paras, ~1194 tokens input)...
🟦 Translating batch 4/6 (20 paras, ~1015 tokens input)...
🟦 Translating batch 5/6 (20 paras, ~1177 tokens input)...
🟦 Translating batch 6/6 (12 paras, ~586 tokens input)...
✅ Done: /Users/andnie01/repo/pers/kli-translation-pipeline_principles-of-faith/bengali/pipeline2/translation/chapters/chapter10_chapter_10_sanctified_prepared_for_god_s_purpose.md (112/112 translated)

📘 Processing chapter11_chapter_11_baptisms_water_and_spirit.md...
📑 Paragraph markers found: 133
🧮 Token-aware batching: 7 batch(es), budget ~106666 tokens, max batch size 20
🟦 Translating batch 1/7 (20 paras, ~2829 tokens input)...
🟦 Translating batch 2/7 (20 paras, ~2809 tokens input)...
🟦 Translating batch 3/7 (20 paras, ~1354 tokens input)...
🟦 Translating batch 4/7 (20 paras, ~1024 tokens input)...
🟦 Translating batch 5/7 (20 paras, ~1252 tokens input)...
🟦 Translating batch 6/7 (20 paras, ~2332 tokens input)...
🟦 Translating batch 7/7 (13 paras, ~550 tokens input)...
✅ Done: /Users/andnie01/repo/pers/kli-translation-pipeline_principles-of-faith/bengali/pipeline2/translation/chapters/chapter11_chapter_11_baptisms_water_and_spirit.md (133/133 translated)

📘 Processing chapter12_chapter_12_discipleship.md...
📑 Paragraph markers found: 116
🧮 Token-aware batching: 6 batch(es), budget ~106666 tokens, max batch size 20
🟦 Translating batch 1/6 (20 paras, ~1337 tokens input)...
🟦 Translating batch 2/6 (20 paras, ~985 tokens input)...
🟦 Translating batch 3/6 (20 paras, ~1044 tokens input)...
🟦 Translating batch 4/6 (20 paras, ~1636 tokens input)...
🟦 Translating batch 5/6 (20 paras, ~1890 tokens input)...
🟦 Translating batch 6/6 (16 paras, ~952 tokens input)...
✅ Done: /Users/andnie01/repo/pers/kli-translation-pipeline_principles-of-faith/bengali/pipeline2/translation/chapters/chapter12_chapter_12_discipleship.md (116/116 translated)

📘 Processing chapter13_chapter_13_spiritual_authority.md...
📑 Paragraph markers found: 197
🧮 Token-aware batching: 10 batch(es), budget ~106666 tokens, max batch size 20
🟦 Translating batch 1/10 (20 paras, ~596 tokens input)...
🟦 Translating batch 2/10 (20 paras, ~819 tokens input)...
🟦 Translating batch 3/10 (20 paras, ~1165 tokens input)...
🟦 Translating batch 4/10 (20 paras, ~1159 tokens input)...
🟦 Translating batch 5/10 (20 paras, ~1014 tokens input)...
🟦 Translating batch 6/10 (20 paras, ~2349 tokens input)...
🟦 Translating batch 7/10 (20 paras, ~1445 tokens input)...
🟦 Translating batch 8/10 (20 paras, ~2100 tokens input)...
🟦 Translating batch 9/10 (20 paras, ~1606 tokens input)...
🟦 Translating batch 10/10 (17 paras, ~1072 tokens input)...
✅ Done: /Users/andnie01/repo/pers/kli-translation-pipeline_principles-of-faith/bengali/pipeline2/translation/chapters/chapter13_chapter_13_spiritual_authority.md (197/197 translated)

📘 Processing chapter14_back_1_postscript.md...
📑 Paragraph markers found: 12
🧮 Token-aware batching: 1 batch(es), budget ~106666 tokens, max batch size 20
🟦 Translating batch 1/1 (12 paras, ~568 tokens input)...
✅ Done: /Users/andnie01/repo/pers/kli-translation-pipeline_principles-of-faith/bengali/pipeline2/translation/chapters/chapter14_back_1_postscript.md (12/12 translated)

📘 Processing chapter14_back_3_extended_reference_tables.md...
📑 Paragraph markers found: 5
🧮 Token-aware batching: 1 batch(es), budget ~106666 tokens, max batch size 20
🟦 Translating batch 1/1 (5 paras, ~100 tokens input)...
✅ Done: /Users/andnie01/repo/pers/kli-translation-pipeline_principles-of-faith/bengali/pipeline2/translation/chapters/chapter14_back_3_extended_reference_tables.md (5/5 translated)

📘 Processing chapter14_back_4_end_of_chapter_activities.md...
📑 Paragraph markers found: 615
🧮 Token-aware batching: 31 batch(es), budget ~106666 tokens, max batch size 20
🟦 Translating batch 1/31 (20 paras, ~616 tokens input)...
🟦 Translating batch 2/31 (20 paras, ~459 tokens input)...
🟦 Translating batch 3/31 (20 paras, ~715 tokens input)...
🟦 Translating batch 4/31 (20 paras, ~432 tokens input)...
🟦 Translating batch 5/31 (20 paras, ~593 tokens input)...
🟦 Translating batch 6/31 (20 paras, ~658 tokens input)...
🟦 Translating batch 7/31 (20 paras, ~442 tokens input)...
🟦 Translating batch 8/31 (20 paras, ~763 tokens input)...
🟦 Translating batch 9/31 (20 paras, ~761 tokens input)...
🟦 Translating batch 10/31 (20 paras, ~333 tokens input)...
🟦 Translating batch 11/31 (20 paras, ~324 tokens input)...
🟦 Translating batch 12/31 (20 paras, ~413 tokens input)...
🟦 Translating batch 13/31 (20 paras, ~571 tokens input)...
🟦 Translating batch 14/31 (20 paras, ~345 tokens input)...
🟦 Translating batch 15/31 (20 paras, ~678 tokens input)...
🟦 Translating batch 16/31 (20 paras, ~514 tokens input)...
🟦 Translating batch 17/31 (20 paras, ~375 tokens input)...
🟦 Translating batch 18/31 (20 paras, ~410 tokens input)...
🟦 Translating batch 19/31 (20 paras, ~429 tokens input)...
🟦 Translating batch 20/31 (20 paras, ~398 tokens input)...
🟦 Translating batch 21/31 (20 paras, ~446 tokens input)...
🟦 Translating batch 22/31 (20 paras, ~426 tokens input)...
🟦 Translating batch 23/31 (20 paras, ~584 tokens input)...
🟦 Translating batch 24/31 (20 paras, ~519 tokens input)...
🟦 Translating batch 25/31 (20 paras, ~375 tokens input)...
🟦 Translating batch 26/31 (20 paras, ~365 tokens input)...
🟦 Translating batch 27/31 (20 paras, ~696 tokens input)...
🟦 Translating batch 28/31 (20 paras, ~625 tokens input)...
🟦 Translating batch 29/31 (20 paras, ~751 tokens input)...
🟦 Translating batch 30/31 (20 paras, ~435 tokens input)...
🟦 Translating batch 31/31 (15 paras, ~337 tokens input)...
✅ Done: /Users/andnie01/repo/pers/kli-translation-pipeline_principles-of-faith/bengali/pipeline2/translation/chapters/chapter14_back_4_end_of_chapter_activities.md (615/615 translated)

📘 Processing chapter14_back_5_hearing_the_voice_of_god.md...
📑 Paragraph markers found: 49
🧮 Token-aware batching: 3 batch(es), budget ~106666 tokens, max batch size 20
🟦 Translating batch 1/3 (20 paras, ~856 tokens input)...
🟦 Translating batch 2/3 (20 paras, ~2662 tokens input)...
🟦 Translating batch 3/3 (9 paras, ~286 tokens input)...
✅ Done: /Users/andnie01/repo/pers/kli-translation-pipeline_principles-of-faith/bengali/pipeline2/translation/chapters/chapter14_back_5_hearing_the_voice_of_god.md (49/49 translated)

📘 Processing chapter14_chapter_14_keep_watch.md...
📑 Paragraph markers found: 109
🧮 Token-aware batching: 6 batch(es), budget ~106666 tokens, max batch size 20
🟦 Translating batch 1/6 (20 paras, ~631 tokens input)...
🟦 Translating batch 2/6 (20 paras, ~706 tokens input)...
🟦 Translating batch 3/6 (20 paras, ~1279 tokens input)...
🟦 Translating batch 4/6 (20 paras, ~549 tokens input)...
🟦 Translating batch 5/6 (20 paras, ~816 tokens input)...
🟦 Translating batch 6/6 (9 paras, ~512 tokens input)...
✅ Done: /Users/andnie01/repo/pers/kli-translation-pipeline_principles-of-faith/bengali/pipeline2/translation/chapters/chapter14_chapter_14_keep_watch.md (109/109 translated)

📘 Processing chapter1_chapter_1_sound_doctrine_matters.md...
📑 Paragraph markers found: 116
🧮 Token-aware batching: 6 batch(es), budget ~106666 tokens, max batch size 20
🟦 Translating batch 1/6 (20 paras, ~1800 tokens input)...
🟦 Translating batch 2/6 (20 paras, ~1027 tokens input)...
🟦 Translating batch 3/6 (20 paras, ~586 tokens input)...
🟦 Translating batch 4/6 (20 paras, ~1108 tokens input)...
🟦 Translating batch 5/6 (20 paras, ~584 tokens input)...
🟦 Translating batch 6/6 (16 paras, ~420 tokens input)...
✅ Done: /Users/andnie01/repo/pers/kli-translation-pipeline_principles-of-faith/bengali/pipeline2/translation/chapters/chapter1_chapter_1_sound_doctrine_matters.md (116/116 translated)

📘 Processing chapter2_chapter_2_god_eternal_creator_and_loving_father.md...
📑 Paragraph markers found: 70
🧮 Token-aware batching: 4 batch(es), budget ~106666 tokens, max batch size 20
🟦 Translating batch 1/4 (20 paras, ~1108 tokens input)...
🟦 Translating batch 2/4 (20 paras, ~1276 tokens input)...
🟦 Translating batch 3/4 (20 paras, ~2087 tokens input)...
🟦 Translating batch 4/4 (10 paras, ~510 tokens input)...
✅ Done: /Users/andnie01/repo/pers/kli-translation-pipeline_principles-of-faith/bengali/pipeline2/translation/chapters/chapter2_chapter_2_god_eternal_creator_and_loving_father.md (70/70 translated)

📘 Processing chapter3_chapter_3_sin_and_redemption.md...
📑 Paragraph markers found: 111
🧮 Token-aware batching: 6 batch(es), budget ~106666 tokens, max batch size 20
🟦 Translating batch 1/6 (20 paras, ~1121 tokens input)...
🟦 Translating batch 2/6 (20 paras, ~561 tokens input)...
🟦 Translating batch 3/6 (20 paras, ~1140 tokens input)...
🟦 Translating batch 4/6 (20 paras, ~1514 tokens input)...
🟦 Translating batch 5/6 (20 paras, ~1220 tokens input)...
🟦 Translating batch 6/6 (11 paras, ~494 tokens input)...
✅ Done: /Users/andnie01/repo/pers/kli-translation-pipeline_principles-of-faith/bengali/pipeline2/translation/chapters/chapter3_chapter_3_sin_and_redemption.md (111/111 translated)

📘 Processing chapter4_chapter_4_jesus_the_messiah.md...
📑 Paragraph markers found: 105
🧮 Token-aware batching: 6 batch(es), budget ~106666 tokens, max batch size 20
🟦 Translating batch 1/6 (20 paras, ~1333 tokens input)...
🟦 Translating batch 2/6 (20 paras, ~1467 tokens input)...
🟦 Translating batch 3/6 (20 paras, ~761 tokens input)...
🟦 Translating batch 4/6 (20 paras, ~1420 tokens input)...
🟦 Translating batch 5/6 (20 paras, ~1027 tokens input)...
🟦 Translating batch 6/6 (5 paras, ~383 tokens input)...
✅ Done: /Users/andnie01/repo/pers/kli-translation-pipeline_principles-of-faith/bengali/pipeline2/translation/chapters/chapter4_chapter_4_jesus_the_messiah.md (105/105 translated)

📘 Processing chapter5_chapter_5_repentance_from_dead_works.md...
📑 Paragraph markers found: 148
🧮 Token-aware batching: 8 batch(es), budget ~106666 tokens, max batch size 20
🟦 Translating batch 1/8 (20 paras, ~789 tokens input)...
🟦 Translating batch 2/8 (20 paras, ~700 tokens input)...
🟦 Translating batch 3/8 (20 paras, ~790 tokens input)...
🟦 Translating batch 4/8 (20 paras, ~809 tokens input)...
🟦 Translating batch 5/8 (20 paras, ~1178 tokens input)...
🟦 Translating batch 6/8 (20 paras, ~1108 tokens input)...
🟦 Translating batch 7/8 (20 paras, ~1670 tokens input)...
🟦 Translating batch 8/8 (8 paras, ~567 tokens input)...
✅ Done: /Users/andnie01/repo/pers/kli-translation-pipeline_principles-of-faith/bengali/pipeline2/translation/chapters/chapter5_chapter_5_repentance_from_dead_works.md (148/148 translated)

📘 Processing chapter6_chapter_6_faith_toward_god.md...
📑 Paragraph markers found: 169
🧮 Token-aware batching: 9 batch(es), budget ~106666 tokens, max batch size 20
🟦 Translating batch 1/9 (20 paras, ~949 tokens input)...
🟦 Translating batch 2/9 (20 paras, ~1243 tokens input)...
🟦 Translating batch 3/9 (20 paras, ~1977 tokens input)...
🟦 Translating batch 4/9 (20 paras, ~828 tokens input)...
🟦 Translating batch 5/9 (20 paras, ~1326 tokens input)...
🟦 Translating batch 6/9 (20 paras, ~1150 tokens input)...
🟦 Translating batch 7/9 (20 paras, ~650 tokens input)...
🟦 Translating batch 8/9 (20 paras, ~1148 tokens input)...
🟦 Translating batch 9/9 (9 paras, ~358 tokens input)...
✅ Done: /Users/andnie01/repo/pers/kli-translation-pipeline_principles-of-faith/bengali/pipeline2/translation/chapters/chapter6_chapter_6_faith_toward_god.md (169/169 translated)

📘 Processing chapter7_chapter_7_jesus_the_foundation_of_our_faith.md...
📑 Paragraph markers found: 78
🧮 Token-aware batching: 4 batch(es), budget ~106666 tokens, max batch size 20
🟦 Translating batch 1/4 (20 paras, ~2812 tokens input)...
🟦 Translating batch 2/4 (20 paras, ~3067 tokens input)...
🟦 Translating batch 3/4 (20 paras, ~2399 tokens input)...
🟦 Translating batch 4/4 (18 paras, ~966 tokens input)...
✅ Done: /Users/andnie01/repo/pers/kli-translation-pipeline_principles-of-faith/bengali/pipeline2/translation/chapters/chapter7_chapter_7_jesus_the_foundation_of_our_faith.md (78/78 translated)

📘 Processing chapter8_chapter_8_holy_spirit_comforter_guide_and_power.md...
📑 Paragraph markers found: 147
🧮 Token-aware batching: 8 batch(es), budget ~106666 tokens, max batch size 20
🟦 Translating batch 1/8 (20 paras, ~1930 tokens input)...
🟦 Translating batch 2/8 (20 paras, ~1663 tokens input)...
🟦 Translating batch 3/8 (20 paras, ~1738 tokens input)...
🟦 Translating batch 4/8 (20 paras, ~1061 tokens input)...
🟦 Translating batch 5/8 (20 paras, ~934 tokens input)...
🟦 Translating batch 6/8 (20 paras, ~857 tokens input)...
🟦 Translating batch 7/8 (20 paras, ~832 tokens input)...
🟦 Translating batch 8/8 (7 paras, ~298 tokens input)...
✅ Done: /Users/andnie01/repo/pers/kli-translation-pipeline_principles-of-faith/bengali/pipeline2/translation/chapters/chapter8_chapter_8_holy_spirit_comforter_guide_and_power.md (147/147 translated)

📘 Processing chapter9_chapter_9_the_church_our_role_in_it.md...
📑 Paragraph markers found: 195
🧮 Token-aware batching: 10 batch(es), budget ~106666 tokens, max batch size 20
🟦 Translating batch 1/10 (20 paras, ~901 tokens input)...
🟦 Translating batch 2/10 (20 paras, ~1912 tokens input)...
🟦 Translating batch 3/10 (20 paras, ~1682 tokens input)...
🟦 Translating batch 4/10 (20 paras, ~1627 tokens input)...
🟦 Translating batch 5/10 (20 paras, ~1734 tokens input)...
🟦 Translating batch 6/10 (20 paras, ~1346 tokens input)...
🟦 Translating batch 7/10 (20 paras, ~1941 tokens input)...
🟦 Translating batch 8/10 (20 paras, ~854 tokens input)...
🟦 Translating batch 9/10 (20 paras, ~1357 tokens input)...
🟦 Translating batch 10/10 (15 paras, ~782 tokens input)...
✅ Done: /Users/andnie01/repo/pers/kli-translation-pipeline_principles-of-faith/bengali/pipeline2/translation/chapters/chapter9_chapter_9_the_church_our_role_in_it.md (195/195 translated)

🎯 All files processed.
⚠️  Unknown model for tokenizer; using cl100k_base.

📘 Processing chapter0_0_intro.md...
📑 Paragraph markers found: 20
🧮 Token-aware batching: 1 batch(es), budget ~106666 tokens, max batch size 20
🟦 Translating batch 1/1 (20 paras, ~2491 tokens input)...
✅ Done: /Users/andnie01/repo/pers/kli-translation-pipeline_principles-of-faith/bengali/pipeline2/backtranslation/chapters/chapter0_0_intro.md (20/20 translated)

📘 Processing chapter0_1_dedication.md...
📑 Paragraph markers found: 3
🧮 Token-aware batching: 1 batch(es), budget ~106666 tokens, max batch size 20
🟦 Translating batch 1/1 (3 paras, ~294 tokens input)...
✅ Done: /Users/andnie01/repo/pers/kli-translation-pipeline_principles-of-faith/bengali/pipeline2/backtranslation/chapters/chapter0_1_dedication.md (3/3 translated)

📘 Processing chapter0_2_acknowledgements.md...
📑 Paragraph markers found: 4
🧮 Token-aware batching: 1 batch(es), budget ~106666 tokens, max batch size 20
🟦 Translating batch 1/1 (4 paras, ~847 tokens input)...
✅ Done: /Users/andnie01/repo/pers/kli-translation-pipeline_principles-of-faith/bengali/pipeline2/backtranslation/chapters/chapter0_2_acknowledgements.md (4/4 translated)

📘 Processing chapter0_3_table_of_contents.md...
📑 Paragraph markers found: 26
🧮 Token-aware batching: 2 batch(es), budget ~106666 tokens, max batch size 20
🟦 Translating batch 1/2 (20 paras, ~1217 tokens input)...
🟦 Translating batch 2/2 (6 paras, ~264 tokens input)...
✅ Done: /Users/andnie01/repo/pers/kli-translation-pipeline_principles-of-faith/bengali/pipeline2/backtranslation/chapters/chapter0_3_table_of_contents.md (26/26 translated)

📘 Processing chapter0_4_list_of_tables.md...
📑 Paragraph markers found: 13
🧮 Token-aware batching: 1 batch(es), budget ~106666 tokens, max batch size 20
🟦 Translating batch 1/1 (13 paras, ~994 tokens input)...
✅ Done: /Users/andnie01/repo/pers/kli-translation-pipeline_principles-of-faith/bengali/pipeline2/backtranslation/chapters/chapter0_4_list_of_tables.md (13/13 translated)

📘 Processing chapter0_5_foreword.md...
📑 Paragraph markers found: 6
🧮 Token-aware batching: 1 batch(es), budget ~106666 tokens, max batch size 20
🟦 Translating batch 1/1 (6 paras, ~1496 tokens input)...
✅ Done: /Users/andnie01/repo/pers/kli-translation-pipeline_principles-of-faith/bengali/pipeline2/backtranslation/chapters/chapter0_5_foreword.md (6/6 translated)

📘 Processing chapter0_6_preface.md...
📑 Paragraph markers found: 69
🧮 Token-aware batching: 4 batch(es), budget ~106666 tokens, max batch size 20
🟦 Translating batch 1/4 (20 paras, ~6016 tokens input)...
🟦 Translating batch 2/4 (20 paras, ~4164 tokens input)...
🟦 Translating batch 3/4 (20 paras, ~2929 tokens input)...
🟦 Translating batch 4/4 (9 paras, ~2828 tokens input)...
✅ Done: /Users/andnie01/repo/pers/kli-translation-pipeline_principles-of-faith/bengali/pipeline2/backtranslation/chapters/chapter0_6_preface.md (69/69 translated)

📘 Processing chapter10_chapter_10_sanctified_prepared_for_god_s_purpose.md...
📑 Paragraph markers found: 112
🧮 Token-aware batching: 6 batch(es), budget ~106666 tokens, max batch size 20
🟦 Translating batch 1/6 (20 paras, ~5202 tokens input)...
🟦 Translating batch 2/6 (20 paras, ~6046 tokens input)...
🟦 Translating batch 3/6 (20 paras, ~4749 tokens input)...
🟦 Translating batch 4/6 (20 paras, ~3513 tokens input)...
🟦 Translating batch 5/6 (20 paras, ~4025 tokens input)...
🟦 Translating batch 6/6 (12 paras, ~2101 tokens input)...
✅ Done: /Users/andnie01/repo/pers/kli-translation-pipeline_principles-of-faith/bengali/pipeline2/backtranslation/chapters/chapter10_chapter_10_sanctified_prepared_for_god_s_purpose.md (112/112 translated)

📘 Processing chapter11_chapter_11_baptisms_water_and_spirit.md...
📑 Paragraph markers found: 133
🧮 Token-aware batching: 7 batch(es), budget ~106666 tokens, max batch size 20
🟦 Translating batch 1/7 (20 paras, ~10047 tokens input)...
🟦 Translating batch 2/7 (20 paras, ~9535 tokens input)...
🟦 Translating batch 3/7 (20 paras, ~4485 tokens input)...
🟦 Translating batch 4/7 (20 paras, ~3049 tokens input)...
🟦 Translating batch 5/7 (20 paras, ~3081 tokens input)...
🟦 Translating batch 6/7 (20 paras, ~5917 tokens input)...
🟦 Translating batch 7/7 (13 paras, ~2428 tokens input)...
✅ Done: /Users/andnie01/repo/pers/kli-translation-pipeline_principles-of-faith/bengali/pipeline2/backtranslation/chapters/chapter11_chapter_11_baptisms_water_and_spirit.md (133/133 translated)

📘 Processing chapter12_chapter_12_discipleship.md...
📑 Paragraph markers found: 116
🧮 Token-aware batching: 6 batch(es), budget ~106666 tokens, max batch size 20
🟦 Translating batch 1/6 (20 paras, ~5955 tokens input)...
🟦 Translating batch 2/6 (20 paras, ~4293 tokens input)...
🟦 Translating batch 3/6 (20 paras, ~4326 tokens input)...
🟦 Translating batch 4/6 (20 paras, ~6429 tokens input)...
🟦 Translating batch 5/6 (20 paras, ~8006 tokens input)...
🟦 Translating batch 6/6 (16 paras, ~3897 tokens input)...
✅ Done: /Users/andnie01/repo/pers/kli-translation-pipeline_principles-of-faith/bengali/pipeline2/backtranslation/chapters/chapter12_chapter_12_discipleship.md (116/116 translated)

📘 Processing chapter13_chapter_13_spiritual_authority.md...
📑 Paragraph markers found: 197
🧮 Token-aware batching: 10 batch(es), budget ~106666 tokens, max batch size 20
🟦 Translating batch 1/10 (20 paras, ~2446 tokens input)...
🟦 Translating batch 2/10 (20 paras, ~2170 tokens input)...
🟦 Translating batch 3/10 (20 paras, ~3185 tokens input)...
🟦 Translating batch 4/10 (20 paras, ~3617 tokens input)...
🟦 Translating batch 5/10 (20 paras, ~3342 tokens input)...
🟦 Translating batch 6/10 (20 paras, ~6797 tokens input)...
🟦 Translating batch 7/10 (20 paras, ~5454 tokens input)...
🟦 Translating batch 8/10 (20 paras, ~5459 tokens input)...
🟦 Translating batch 9/10 (20 paras, ~3922 tokens input)...
🟦 Translating batch 10/10 (17 paras, ~4337 tokens input)...
✅ Done: /Users/andnie01/repo/pers/kli-translation-pipeline_principles-of-faith/bengali/pipeline2/backtranslation/chapters/chapter13_chapter_13_spiritual_authority.md (197/197 translated)

📘 Processing chapter14_back_1_postscript.md...
📑 Paragraph markers found: 12
🧮 Token-aware batching: 1 batch(es), budget ~106666 tokens, max batch size 20
🟦 Translating batch 1/1 (12 paras, ~2523 tokens input)...
✅ Done: /Users/andnie01/repo/pers/kli-translation-pipeline_principles-of-faith/bengali/pipeline2/backtranslation/chapters/chapter14_back_1_postscript.md (12/12 translated)

📘 Processing chapter14_back_3_extended_reference_tables.md...
📑 Paragraph markers found: 5
🧮 Token-aware batching: 1 batch(es), budget ~106666 tokens, max batch size 20
🟦 Translating batch 1/1 (5 paras, ~440 tokens input)...
✅ Done: /Users/andnie01/repo/pers/kli-translation-pipeline_principles-of-faith/bengali/pipeline2/backtranslation/chapters/chapter14_back_3_extended_reference_tables.md (5/5 translated)

📘 Processing chapter14_back_4_end_of_chapter_activities.md...
📑 Paragraph markers found: 615
🧮 Token-aware batching: 31 batch(es), budget ~106666 tokens, max batch size 20
🟦 Translating batch 1/31 (20 paras, ~2357 tokens input)...
🟦 Translating batch 2/31 (20 paras, ~2067 tokens input)...
🟦 Translating batch 3/31 (20 paras, ~2018 tokens input)...
🟦 Translating batch 4/31 (20 paras, ~1911 tokens input)...
🟦 Translating batch 5/31 (20 paras, ~1860 tokens input)...
🟦 Translating batch 6/31 (20 paras, ~1722 tokens input)...
🟦 Translating batch 7/31 (20 paras, ~1447 tokens input)...
🟦 Translating batch 8/31 (20 paras, ~1781 tokens input)...
🟦 Translating batch 9/31 (20 paras, ~2012 tokens input)...
🟦 Translating batch 10/31 (20 paras, ~1436 tokens input)...
🟦 Translating batch 11/31 (20 paras, ~1603 tokens input)...
🟦 Translating batch 12/31 (20 paras, ~1538 tokens input)...
🟦 Translating batch 13/31 (20 paras, ~1955 tokens input)...
🟦 Translating batch 14/31 (20 paras, ~1519 tokens input)...
🟦 Translating batch 15/31 (20 paras, ~1818 tokens input)...
🟦 Translating batch 16/31 (20 paras, ~1839 tokens input)...
🟦 Translating batch 17/31 (20 paras, ~1627 tokens input)...
🟦 Translating batch 18/31 (20 paras, ~1834 tokens input)...
🟦 Translating batch 19/31 (20 paras, ~1645 tokens input)...
🟦 Translating batch 20/31 (20 paras, ~1920 tokens input)...
🟦 Translating batch 21/31 (20 paras, ~2207 tokens input)...
🟦 Translating batch 22/31 (20 paras, ~1849 tokens input)...
🟦 Translating batch 23/31 (20 paras, ~1646 tokens input)...
🟦 Translating batch 24/31 (20 paras, ~1940 tokens input)...
🟦 Translating batch 25/31 (20 paras, ~1833 tokens input)...
🟦 Translating batch 26/31 (20 paras, ~1825 tokens input)...
🟦 Translating batch 27/31 (20 paras, ~2067 tokens input)...
🟦 Translating batch 28/31 (20 paras, ~1513 tokens input)...
🟦 Translating batch 29/31 (20 paras, ~1740 tokens input)...
🟦 Translating batch 30/31 (20 paras, ~1401 tokens input)...
🟦 Translating batch 31/31 (15 paras, ~1233 tokens input)...
✅ Done: /Users/andnie01/repo/pers/kli-translation-pipeline_principles-of-faith/bengali/pipeline2/backtranslation/chapters/chapter14_back_4_end_of_chapter_activities.md (615/615 translated)

📘 Processing chapter14_back_5_hearing_the_voice_of_god.md...
📑 Paragraph markers found: 49
🧮 Token-aware batching: 3 batch(es), budget ~106666 tokens, max batch size 20
🟦 Translating batch 1/3 (20 paras, ~3984 tokens input)...
🟦 Translating batch 2/3 (20 paras, ~8842 tokens input)...
🟦 Translating batch 3/3 (9 paras, ~1083 tokens input)...
✅ Done: /Users/andnie01/repo/pers/kli-translation-pipeline_principles-of-faith/bengali/pipeline2/backtranslation/chapters/chapter14_back_5_hearing_the_voice_of_god.md (49/49 translated)

📘 Processing chapter14_chapter_14_keep_watch.md...
📑 Paragraph markers found: 109
🧮 Token-aware batching: 6 batch(es), budget ~106666 tokens, max batch size 20
🟦 Translating batch 1/6 (20 paras, ~2283 tokens input)...
🟦 Translating batch 2/6 (20 paras, ~2272 tokens input)...
🟦 Translating batch 3/6 (20 paras, ~3841 tokens input)...
🟦 Translating batch 4/6 (20 paras, ~1906 tokens input)...
🟦 Translating batch 5/6 (20 paras, ~3033 tokens input)...
🟦 Translating batch 6/6 (9 paras, ~1734 tokens input)...
✅ Done: /Users/andnie01/repo/pers/kli-translation-pipeline_principles-of-faith/bengali/pipeline2/backtranslation/chapters/chapter14_chapter_14_keep_watch.md (109/109 translated)

📘 Processing chapter1_chapter_1_sound_doctrine_matters.md...
📑 Paragraph markers found: 116
🧮 Token-aware batching: 6 batch(es), budget ~106666 tokens, max batch size 20
🟦 Translating batch 1/6 (20 paras, ~6078 tokens input)...
🟦 Translating batch 2/6 (20 paras, ~3840 tokens input)...
🟦 Translating batch 3/6 (20 paras, ~2356 tokens input)...
🟦 Translating batch 4/6 (20 paras, ~4244 tokens input)...
🟦 Translating batch 5/6 (20 paras, ~1735 tokens input)...
🟦 Translating batch 6/6 (16 paras, ~1797 tokens input)...
✅ Done: /Users/andnie01/repo/pers/kli-translation-pipeline_principles-of-faith/bengali/pipeline2/backtranslation/chapters/chapter1_chapter_1_sound_doctrine_matters.md (116/116 translated)

📘 Processing chapter2_chapter_2_god_eternal_creator_and_loving_father.md...
📑 Paragraph markers found: 70
🧮 Token-aware batching: 4 batch(es), budget ~106666 tokens, max batch size 20
🟦 Translating batch 1/4 (20 paras, ~5870 tokens input)...
🟦 Translating batch 2/4 (20 paras, ~4574 tokens input)...
🟦 Translating batch 3/4 (20 paras, ~9066 tokens input)...
🟦 Translating batch 4/4 (10 paras, ~1656 tokens input)...
✅ Done: /Users/andnie01/repo/pers/kli-translation-pipeline_principles-of-faith/bengali/pipeline2/backtranslation/chapters/chapter2_chapter_2_god_eternal_creator_and_loving_father.md (70/70 translated)

📘 Processing chapter3_chapter_3_sin_and_redemption.md...
📑 Paragraph markers found: 111
🧮 Token-aware batching: 6 batch(es), budget ~106666 tokens, max batch size 20
🟦 Translating batch 1/6 (20 paras, ~4603 tokens input)...
🟦 Translating batch 2/6 (20 paras, ~1723 tokens input)...
🟦 Translating batch 3/6 (20 paras, ~3189 tokens input)...
🟦 Translating batch 4/6 (20 paras, ~7716 tokens input)...
🟦 Translating batch 5/6 (20 paras, ~5153 tokens input)...
🟦 Translating batch 6/6 (11 paras, ~1848 tokens input)...
✅ Done: /Users/andnie01/repo/pers/kli-translation-pipeline_principles-of-faith/bengali/pipeline2/backtranslation/chapters/chapter3_chapter_3_sin_and_redemption.md (111/111 translated)

📘 Processing chapter4_chapter_4_jesus_the_messiah.md...
📑 Paragraph markers found: 105
🧮 Token-aware batching: 6 batch(es), budget ~106666 tokens, max batch size 20
🟦 Translating batch 1/6 (20 paras, ~4290 tokens input)...
🟦 Translating batch 2/6 (20 paras, ~6095 tokens input)...
🟦 Translating batch 3/6 (20 paras, ~3193 tokens input)...
🟦 Translating batch 4/6 (20 paras, ~4792 tokens input)...
🟦 Translating batch 5/6 (20 paras, ~3383 tokens input)...
🟦 Translating batch 6/6 (5 paras, ~1052 tokens input)...
✅ Done: /Users/andnie01/repo/pers/kli-translation-pipeline_principles-of-faith/bengali/pipeline2/backtranslation/chapters/chapter4_chapter_4_jesus_the_messiah.md (105/105 translated)

📘 Processing chapter5_chapter_5_repentance_from_dead_works.md...
📑 Paragraph markers found: 148
🧮 Token-aware batching: 8 batch(es), budget ~106666 tokens, max batch size 20
🟦 Translating batch 1/8 (20 paras, ~3571 tokens input)...
🟦 Translating batch 2/8 (20 paras, ~3079 tokens input)...
🟦 Translating batch 3/8 (20 paras, ~2729 tokens input)...
🟦 Translating batch 4/8 (20 paras, ~3717 tokens input)...
🟦 Translating batch 5/8 (20 paras, ~4782 tokens input)...
🟦 Translating batch 6/8 (20 paras, ~4464 tokens input)...
🟦 Translating batch 7/8 (20 paras, ~7158 tokens input)...
🟦 Translating batch 8/8 (8 paras, ~1466 tokens input)...
✅ Done: /Users/andnie01/repo/pers/kli-translation-pipeline_principles-of-faith/bengali/pipeline2/backtranslation/chapters/chapter5_chapter_5_repentance_from_dead_works.md (148/148 translated)

📘 Processing chapter6_chapter_6_faith_toward_god.md...
📑 Paragraph markers found: 169
🧮 Token-aware batching: 9 batch(es), budget ~106666 tokens, max batch size 20
🟦 Translating batch 1/9 (20 paras, ~4320 tokens input)...
🟦 Translating batch 2/9 (20 paras, ~5927 tokens input)...
🟦 Translating batch 3/9 (20 paras, ~7963 tokens input)...
🟦 Translating batch 4/9 (20 paras, ~3288 tokens input)...
🟦 Translating batch 5/9 (20 paras, ~4909 tokens input)...
🟦 Translating batch 6/9 (20 paras, ~3755 tokens input)...
🟦 Translating batch 7/9 (20 paras, ~1382 tokens input)...
🟦 Translating batch 8/9 (20 paras, ~4294 tokens input)...
🟦 Translating batch 9/9 (9 paras, ~1573 tokens input)...
✅ Done: /Users/andnie01/repo/pers/kli-translation-pipeline_principles-of-faith/bengali/pipeline2/backtranslation/chapters/chapter6_chapter_6_faith_toward_god.md (169/169 translated)

📘 Processing chapter7_chapter_7_jesus_the_foundation_of_our_faith.md...
📑 Paragraph markers found: 78
🧮 Token-aware batching: 4 batch(es), budget ~106666 tokens, max batch size 20
🟦 Translating batch 1/4 (20 paras, ~8450 tokens input)...
🟦 Translating batch 2/4 (20 paras, ~9772 tokens input)...
🟦 Translating batch 3/4 (20 paras, ~6867 tokens input)...
🟦 Translating batch 4/4 (18 paras, ~4387 tokens input)...
✅ Done: /Users/andnie01/repo/pers/kli-translation-pipeline_principles-of-faith/bengali/pipeline2/backtranslation/chapters/chapter7_chapter_7_jesus_the_foundation_of_our_faith.md (78/78 translated)

📘 Processing chapter8_chapter_8_holy_spirit_comforter_guide_and_power.md...
📑 Paragraph markers found: 147
🧮 Token-aware batching: 8 batch(es), budget ~106666 tokens, max batch size 20
🟦 Translating batch 1/8 (20 paras, ~6838 tokens input)...
🟦 Translating batch 2/8 (20 paras, ~5047 tokens input)...
🟦 Translating batch 3/8 (20 paras, ~5681 tokens input)...
🟦 Translating batch 4/8 (20 paras, ~3787 tokens input)...
🟦 Translating batch 5/8 (20 paras, ~3273 tokens input)...
🟦 Translating batch 6/8 (20 paras, ~4144 tokens input)...
🟦 Translating batch 7/8 (20 paras, ~3776 tokens input)...
🟦 Translating batch 8/8 (7 paras, ~1253 tokens input)...
✅ Done: /Users/andnie01/repo/pers/kli-translation-pipeline_principles-of-faith/bengali/pipeline2/backtranslation/chapters/chapter8_chapter_8_holy_spirit_comforter_guide_and_power.md (147/147 translated)

📘 Processing chapter9_chapter_9_the_church_our_role_in_it.md...
📑 Paragraph markers found: 195
🧮 Token-aware batching: 10 batch(es), budget ~106666 tokens, max batch size 20
🟦 Translating batch 1/10 (20 paras, ~3044 tokens input)...
🟦 Translating batch 2/10 (20 paras, ~5433 tokens input)...
🟦 Translating batch 3/10 (20 paras, ~5297 tokens input)...
🟦 Translating batch 4/10 (20 paras, ~4114 tokens input)...
🟦 Translating batch 5/10 (20 paras, ~5083 tokens input)...
🟦 Translating batch 6/10 (20 paras, ~5135 tokens input)...
🟦 Translating batch 7/10 (20 paras, ~7738 tokens input)...
🟦 Translating batch 8/10 (20 paras, ~3025 tokens input)...
🟦 Translating batch 9/10 (20 paras, ~5184 tokens input)...
🟦 Translating batch 10/10 (15 paras, ~3489 tokens input)...
✅ Done: /Users/andnie01/repo/pers/kli-translation-pipeline_principles-of-faith/bengali/pipeline2/backtranslation/chapters/chapter9_chapter_9_the_church_our_role_in_it.md (195/195 translated)

🎯 All files processed.
🔍 Found 25 matching file pairs:
  - chapter0_0_intro.md
  - chapter0_1_dedication.md
  - chapter0_2_acknowledgements.md
  - chapter0_3_table_of_contents.md
  - chapter0_4_list_of_tables.md
  - chapter0_5_foreword.md
  - chapter0_6_preface.md
  - chapter10_chapter_10_sanctified_prepared_for_god_s_purpose.md
  - chapter11_chapter_11_baptisms_water_and_spirit.md
  - chapter12_chapter_12_discipleship.md
  - chapter13_chapter_13_spiritual_authority.md
  - chapter14_back_1_postscript.md
  - chapter14_back_3_extended_reference_tables.md
  - chapter14_back_4_end_of_chapter_activities.md
  - chapter14_back_5_hearing_the_voice_of_god.md
  - chapter14_chapter_14_keep_watch.md
  - chapter1_chapter_1_sound_doctrine_matters.md
  - chapter2_chapter_2_god_eternal_creator_and_loving_father.md
  - chapter3_chapter_3_sin_and_redemption.md
  - chapter4_chapter_4_jesus_the_messiah.md
  - chapter5_chapter_5_repentance_from_dead_works.md
  - chapter6_chapter_6_faith_toward_god.md
  - chapter7_chapter_7_jesus_the_foundation_of_our_faith.md
  - chapter8_chapter_8_holy_spirit_comforter_guide_and_power.md
  - chapter9_chapter_9_the_church_our_role_in_it.md

=== Processing: chapter0_0_intro.md ===
Detected languages → Source: en, Back: en

Embedding batches:   0%|          | 0/1 [00:00<?, ?it/s]
Embedding batches: 100%|██████████| 1/1 [00:03<00:00,  3.05s/it]
Embedding batches: 100%|██████████| 1/1 [00:03<00:00,  3.05s/it]
✅ Saved: /Users/andnie01/repo/pers/kli-translation-pipeline_principles-of-faith/bengali/pipeline2/analysis/chapters/drift_report_chapter0_0_intro_vs_chapter0_0_intro.csv
translation_quality
HIGH      16
LOW        2
MEDIUM     2
Name: count, dtype: int64

=== Processing: chapter0_1_dedication.md ===
Detected languages → Source: en, Back: en

Embedding batches:   0%|          | 0/1 [00:00<?, ?it/s]
Embedding batches: 100%|██████████| 1/1 [00:00<00:00,  1.04it/s]
Embedding batches: 100%|██████████| 1/1 [00:00<00:00,  1.04it/s]
✅ Saved: /Users/andnie01/repo/pers/kli-translation-pipeline_principles-of-faith/bengali/pipeline2/analysis/chapters/drift_report_chapter0_1_dedication_vs_chapter0_1_dedication.csv
translation_quality
HIGH      1
MEDIUM    1
Name: count, dtype: int64

=== Processing: chapter0_2_acknowledgements.md ===
Detected languages → Source: en, Back: en

Embedding batches:   0%|          | 0/1 [00:00<?, ?it/s]
Embedding batches: 100%|██████████| 1/1 [00:01<00:00,  1.11s/it]
Embedding batches: 100%|██████████| 1/1 [00:01<00:00,  1.11s/it]
✅ Saved: /Users/andnie01/repo/pers/kli-translation-pipeline_principles-of-faith/bengali/pipeline2/analysis/chapters/drift_report_chapter0_2_acknowledgements_vs_chapter0_2_acknowledgements.csv
translation_quality
HIGH    3
Name: count, dtype: int64

=== Processing: chapter0_3_table_of_contents.md ===
Detected languages → Source: en, Back: en

Embedding batches:   0%|          | 0/1 [00:00<?, ?it/s]
Embedding batches: 100%|██████████| 1/1 [00:03<00:00,  3.11s/it]
Embedding batches: 100%|██████████| 1/1 [00:03<00:00,  3.11s/it]
✅ Saved: /Users/andnie01/repo/pers/kli-translation-pipeline_principles-of-faith/bengali/pipeline2/analysis/chapters/drift_report_chapter0_3_table_of_contents_vs_chapter0_3_table_of_contents.csv
translation_quality
HIGH      24
MEDIUM     1
Name: count, dtype: int64

=== Processing: chapter0_4_list_of_tables.md ===
Detected languages → Source: en, Back: en

Embedding batches:   0%|          | 0/1 [00:00<?, ?it/s]
Embedding batches: 100%|██████████| 1/1 [00:01<00:00,  1.81s/it]
Embedding batches: 100%|██████████| 1/1 [00:01<00:00,  1.81s/it]
✅ Saved: /Users/andnie01/repo/pers/kli-translation-pipeline_principles-of-faith/bengali/pipeline2/analysis/chapters/drift_report_chapter0_4_list_of_tables_vs_chapter0_4_list_of_tables.csv
translation_quality
HIGH    12
Name: count, dtype: int64

=== Processing: chapter0_5_foreword.md ===
Detected languages → Source: en, Back: en

Embedding batches:   0%|          | 0/1 [00:00<?, ?it/s]
Embedding batches: 100%|██████████| 1/1 [00:01<00:00,  1.30s/it]
Embedding batches: 100%|██████████| 1/1 [00:01<00:00,  1.30s/it]
✅ Saved: /Users/andnie01/repo/pers/kli-translation-pipeline_principles-of-faith/bengali/pipeline2/analysis/chapters/drift_report_chapter0_5_foreword_vs_chapter0_5_foreword.csv
translation_quality
HIGH      4
MEDIUM    1
Name: count, dtype: int64

=== Processing: chapter0_6_preface.md ===
Detected languages → Source: en, Back: en

Embedding batches:   0%|          | 0/2 [00:00<?, ?it/s]
Embedding batches:  50%|█████     | 1/2 [00:04<00:04,  4.45s/it]
Embedding batches: 100%|██████████| 2/2 [00:05<00:00,  2.34s/it]
Embedding batches: 100%|██████████| 2/2 [00:05<00:00,  2.65s/it]
✅ Saved: /Users/andnie01/repo/pers/kli-translation-pipeline_principles-of-faith/bengali/pipeline2/analysis/chapters/drift_report_chapter0_6_preface_vs_chapter0_6_preface.csv
translation_quality
HIGH        64
MEDIUM       2
LOW          1
CRITICAL     1
Name: count, dtype: int64

=== Processing: chapter10_chapter_10_sanctified_prepared_for_god_s_purpose.md ===
Detected languages → Source: en, Back: en

Embedding batches:   0%|          | 0/2 [00:00<?, ?it/s]
Embedding batches:  50%|█████     | 1/2 [00:04<00:04,  4.98s/it]
Embedding batches: 100%|██████████| 2/2 [00:08<00:00,  4.03s/it]
Embedding batches: 100%|██████████| 2/2 [00:08<00:00,  4.17s/it]
✅ Saved: /Users/andnie01/repo/pers/kli-translation-pipeline_principles-of-faith/bengali/pipeline2/analysis/chapters/drift_report_chapter10_chapter_10_sanctified_prepared_for_god_s_purpose_vs_chapter10_chapter_10_sanctified_prepared_for_god_s_purpose.csv
translation_quality
HIGH      88
MEDIUM     6
Name: count, dtype: int64

=== Processing: chapter11_chapter_11_baptisms_water_and_spirit.md ===
Detected languages → Source: en, Back: en

Embedding batches:   0%|          | 0/4 [00:00<?, ?it/s]
Embedding batches:  25%|██▌       | 1/4 [00:02<00:08,  2.81s/it]
Embedding batches:  50%|█████     | 2/4 [00:06<00:06,  3.22s/it]
Embedding batches:  75%|███████▌  | 3/4 [00:10<00:03,  3.62s/it]
Embedding batches: 100%|██████████| 4/4 [00:12<00:00,  3.03s/it]
Embedding batches: 100%|██████████| 4/4 [00:12<00:00,  3.13s/it]
✅ Saved: /Users/andnie01/repo/pers/kli-translation-pipeline_principles-of-faith/bengali/pipeline2/analysis/chapters/drift_report_chapter11_chapter_11_baptisms_water_and_spirit_vs_chapter11_chapter_11_baptisms_water_and_spirit.csv
translation_quality
HIGH      121
MEDIUM     10
LOW         1
Name: count, dtype: int64

=== Processing: chapter12_chapter_12_discipleship.md ===
Detected languages → Source: en, Back: en

Embedding batches:   0%|          | 0/3 [00:00<?, ?it/s]
Embedding batches:  33%|███▎      | 1/3 [00:04<00:09,  4.59s/it]
Embedding batches:  67%|██████▋   | 2/3 [00:08<00:04,  4.14s/it]
Embedding batches: 100%|██████████| 3/3 [00:10<00:00,  2.99s/it]
Embedding batches: 100%|██████████| 3/3 [00:10<00:00,  3.34s/it]
✅ Saved: /Users/andnie01/repo/pers/kli-translation-pipeline_principles-of-faith/bengali/pipeline2/analysis/chapters/drift_report_chapter12_chapter_12_discipleship_vs_chapter12_chapter_12_discipleship.csv
translation_quality
HIGH        96
MEDIUM      15
LOW          3
CRITICAL     1
Name: count, dtype: int64

=== Processing: chapter13_chapter_13_spiritual_authority.md ===
Detected languages → Source: en, Back: en

Embedding batches:   0%|          | 0/4 [00:00<?, ?it/s]
Embedding batches:  25%|██▌       | 1/4 [00:04<00:13,  4.39s/it]
Embedding batches:  50%|█████     | 2/4 [00:08<00:08,  4.01s/it]
Embedding batches:  75%|███████▌  | 3/4 [00:12<00:04,  4.01s/it]
Embedding batches: 100%|██████████| 4/4 [00:14<00:00,  3.44s/it]
Embedding batches: 100%|██████████| 4/4 [00:14<00:00,  3.68s/it]
✅ Saved: /Users/andnie01/repo/pers/kli-translation-pipeline_principles-of-faith/bengali/pipeline2/analysis/chapters/drift_report_chapter13_chapter_13_spiritual_authority_vs_chapter13_chapter_13_spiritual_authority.csv
translation_quality
HIGH        178
MEDIUM       12
LOW           5
CRITICAL      1
Name: count, dtype: int64

=== Processing: chapter14_back_1_postscript.md ===
Detected languages → Source: en, Back: en

Embedding batches:   0%|          | 0/1 [00:00<?, ?it/s]
Embedding batches: 100%|██████████| 1/1 [00:01<00:00,  1.31s/it]
Embedding batches: 100%|██████████| 1/1 [00:01<00:00,  1.31s/it]
✅ Saved: /Users/andnie01/repo/pers/kli-translation-pipeline_principles-of-faith/bengali/pipeline2/analysis/chapters/drift_report_chapter14_back_1_postscript_vs_chapter14_back_1_postscript.csv
translation_quality
HIGH    6
Name: count, dtype: int64

=== Processing: chapter14_back_3_extended_reference_tables.md ===
Detected languages → Source: en, Back: en

Embedding batches:   0%|          | 0/1 [00:00<?, ?it/s]
Embedding batches: 100%|██████████| 1/1 [00:01<00:00,  1.20s/it]
Embedding batches: 100%|██████████| 1/1 [00:01<00:00,  1.20s/it]
✅ Saved: /Users/andnie01/repo/pers/kli-translation-pipeline_principles-of-faith/bengali/pipeline2/analysis/chapters/drift_report_chapter14_back_3_extended_reference_tables_vs_chapter14_back_3_extended_reference_tables.csv
translation_quality
HIGH      3
MEDIUM    1
Name: count, dtype: int64

=== Processing: chapter14_back_4_end_of_chapter_activities.md ===
Detected languages → Source: en, Back: en

Embedding batches:   0%|          | 0/4 [00:00<?, ?it/s]
Embedding batches:  25%|██▌       | 1/4 [00:07<00:22,  7.45s/it]
Embedding batches:  50%|█████     | 2/4 [00:13<00:13,  6.89s/it]
Embedding batches:  75%|███████▌  | 3/4 [00:22<00:07,  7.59s/it]
Embedding batches: 100%|██████████| 4/4 [00:30<00:00,  7.67s/it]
Embedding batches: 100%|██████████| 4/4 [00:30<00:00,  7.54s/it]
✅ Saved: /Users/andnie01/repo/pers/kli-translation-pipeline_principles-of-faith/bengali/pipeline2/analysis/chapters/drift_report_chapter14_back_4_end_of_chapter_activities_vs_chapter14_back_4_end_of_chapter_activities.csv
translation_quality
HIGH        491
MEDIUM       66
CRITICAL     39
LOW          18
Name: count, dtype: int64

=== Processing: chapter14_back_5_hearing_the_voice_of_god.md ===
Detected languages → Source: en, Back: en

Embedding batches:   0%|          | 0/2 [00:00<?, ?it/s]
Embedding batches:  50%|█████     | 1/2 [00:03<00:03,  3.70s/it]
Embedding batches: 100%|██████████| 2/2 [00:04<00:00,  2.22s/it]
Embedding batches: 100%|██████████| 2/2 [00:04<00:00,  2.44s/it]
✅ Saved: /Users/andnie01/repo/pers/kli-translation-pipeline_principles-of-faith/bengali/pipeline2/analysis/chapters/drift_report_chapter14_back_5_hearing_the_voice_of_god_vs_chapter14_back_5_hearing_the_voice_of_god.csv
translation_quality
HIGH      42
MEDIUM     4
LOW        2
Name: count, dtype: int64

=== Processing: chapter14_chapter_14_keep_watch.md ===
Detected languages → Source: en, Back: en

Embedding batches:   0%|          | 0/2 [00:00<?, ?it/s]
Embedding batches:  50%|█████     | 1/2 [00:05<00:05,  5.74s/it]
Embedding batches: 100%|██████████| 2/2 [00:07<00:00,  3.43s/it]
Embedding batches: 100%|██████████| 2/2 [00:07<00:00,  3.78s/it]
✅ Saved: /Users/andnie01/repo/pers/kli-translation-pipeline_principles-of-faith/bengali/pipeline2/analysis/chapters/drift_report_chapter14_chapter_14_keep_watch_vs_chapter14_chapter_14_keep_watch.csv
translation_quality
HIGH        97
MEDIUM       5
LOW          5
CRITICAL     1
Name: count, dtype: int64

=== Processing: chapter1_chapter_1_sound_doctrine_matters.md ===
Detected languages → Source: en, Back: en

Embedding batches:   0%|          | 0/2 [00:00<?, ?it/s]
Embedding batches:  50%|█████     | 1/2 [00:05<00:05,  5.18s/it]
Embedding batches: 100%|██████████| 2/2 [00:08<00:00,  4.02s/it]
Embedding batches: 100%|██████████| 2/2 [00:08<00:00,  4.19s/it]
✅ Saved: /Users/andnie01/repo/pers/kli-translation-pipeline_principles-of-faith/bengali/pipeline2/analysis/chapters/drift_report_chapter1_chapter_1_sound_doctrine_matters_vs_chapter1_chapter_1_sound_doctrine_matters.csv
translation_quality
HIGH      101
MEDIUM     12
Name: count, dtype: int64

=== Processing: chapter2_chapter_2_god_eternal_creator_and_loving_father.md ===
Detected languages → Source: en, Back: en

Embedding batches:   0%|          | 0/2 [00:00<?, ?it/s]
Embedding batches:  50%|█████     | 1/2 [00:03<00:03,  3.66s/it]
Embedding batches: 100%|██████████| 2/2 [00:05<00:00,  2.82s/it]
Embedding batches: 100%|██████████| 2/2 [00:05<00:00,  2.95s/it]
✅ Saved: /Users/andnie01/repo/pers/kli-translation-pipeline_principles-of-faith/bengali/pipeline2/analysis/chapters/drift_report_chapter2_chapter_2_god_eternal_creator_and_loving_father_vs_chapter2_chapter_2_god_eternal_creator_and_loving_father.csv
translation_quality
HIGH        60
MEDIUM       8
CRITICAL     1
Name: count, dtype: int64

=== Processing: chapter3_chapter_3_sin_and_redemption.md ===
Detected languages → Source: en, Back: en

Embedding batches:   0%|          | 0/2 [00:00<?, ?it/s]
Embedding batches:  50%|█████     | 1/2 [00:04<00:04,  4.67s/it]
Embedding batches: 100%|██████████| 2/2 [00:07<00:00,  3.40s/it]
Embedding batches: 100%|██████████| 2/2 [00:07<00:00,  3.59s/it]
✅ Saved: /Users/andnie01/repo/pers/kli-translation-pipeline_principles-of-faith/bengali/pipeline2/analysis/chapters/drift_report_chapter3_chapter_3_sin_and_redemption_vs_chapter3_chapter_3_sin_and_redemption.csv
translation_quality
HIGH        89
MEDIUM       6
LOW          4
CRITICAL     1
Name: count, dtype: int64

=== Processing: chapter4_chapter_4_jesus_the_messiah.md ===
Detected languages → Source: en, Back: en

Embedding batches:   0%|          | 0/2 [00:00<?, ?it/s]
Embedding batches:  50%|█████     | 1/2 [00:04<00:04,  4.45s/it]
Embedding batches: 100%|██████████| 2/2 [00:08<00:00,  4.10s/it]
Embedding batches: 100%|██████████| 2/2 [00:08<00:00,  4.15s/it]
✅ Saved: /Users/andnie01/repo/pers/kli-translation-pipeline_principles-of-faith/bengali/pipeline2/analysis/chapters/drift_report_chapter4_chapter_4_jesus_the_messiah_vs_chapter4_chapter_4_jesus_the_messiah.csv
translation_quality
HIGH        83
MEDIUM      11
LOW          8
CRITICAL     2
Name: count, dtype: int64

=== Processing: chapter5_chapter_5_repentance_from_dead_works.md ===
Detected languages → Source: en, Back: en

Embedding batches:   0%|          | 0/3 [00:00<?, ?it/s]
Embedding batches:  33%|███▎      | 1/3 [00:04<00:09,  4.73s/it]
Embedding batches:  67%|██████▋   | 2/3 [00:09<00:04,  4.62s/it]
Embedding batches: 100%|██████████| 3/3 [00:10<00:00,  2.84s/it]
Embedding batches: 100%|██████████| 3/3 [00:10<00:00,  3.33s/it]
✅ Saved: /Users/andnie01/repo/pers/kli-translation-pipeline_principles-of-faith/bengali/pipeline2/analysis/chapters/drift_report_chapter5_chapter_5_repentance_from_dead_works_vs_chapter5_chapter_5_repentance_from_dead_works.csv
translation_quality
HIGH        128
MEDIUM       14
LOW           2
CRITICAL      1
Name: count, dtype: int64

=== Processing: chapter6_chapter_6_faith_toward_god.md ===
Detected languages → Source: en, Back: en

Embedding batches:   0%|          | 0/3 [00:00<?, ?it/s]
Embedding batches:  33%|███▎      | 1/3 [00:04<00:09,  4.51s/it]
Embedding batches:  67%|██████▋   | 2/3 [00:08<00:04,  4.27s/it]
Embedding batches: 100%|██████████| 3/3 [00:11<00:00,  3.58s/it]
Embedding batches: 100%|██████████| 3/3 [00:11<00:00,  3.79s/it]
✅ Saved: /Users/andnie01/repo/pers/kli-translation-pipeline_principles-of-faith/bengali/pipeline2/analysis/chapters/drift_report_chapter6_chapter_6_faith_toward_god_vs_chapter6_chapter_6_faith_toward_god.csv
translation_quality
HIGH        137
MEDIUM       14
LOW           3
CRITICAL      2
Name: count, dtype: int64

=== Processing: chapter7_chapter_7_jesus_the_foundation_of_our_faith.md ===
Detected languages → Source: en, Back: en

Embedding batches:   0%|          | 0/3 [00:00<?, ?it/s]
Embedding batches:  33%|███▎      | 1/3 [00:02<00:04,  2.25s/it]
Embedding batches:  67%|██████▋   | 2/3 [00:04<00:02,  2.47s/it]
Embedding batches: 100%|██████████| 3/3 [00:06<00:00,  2.26s/it]
Embedding batches: 100%|██████████| 3/3 [00:06<00:00,  2.29s/it]
✅ Saved: /Users/andnie01/repo/pers/kli-translation-pipeline_principles-of-faith/bengali/pipeline2/analysis/chapters/drift_report_chapter7_chapter_7_jesus_the_foundation_of_our_faith_vs_chapter7_chapter_7_jesus_the_foundation_of_our_faith.csv
translation_quality
HIGH      73
MEDIUM     4
Name: count, dtype: int64

=== Processing: chapter8_chapter_8_holy_spirit_comforter_guide_and_power.md ===
Detected languages → Source: en, Back: en

Embedding batches:   0%|          | 0/3 [00:00<?, ?it/s]
Embedding batches:  33%|███▎      | 1/3 [00:03<00:07,  3.95s/it]
Embedding batches:  67%|██████▋   | 2/3 [00:07<00:03,  3.85s/it]
Embedding batches: 100%|██████████| 3/3 [00:09<00:00,  2.88s/it]
Embedding batches: 100%|██████████| 3/3 [00:09<00:00,  3.15s/it]
✅ Saved: /Users/andnie01/repo/pers/kli-translation-pipeline_principles-of-faith/bengali/pipeline2/analysis/chapters/drift_report_chapter8_chapter_8_holy_spirit_comforter_guide_and_power_vs_chapter8_chapter_8_holy_spirit_comforter_guide_and_power.csv
translation_quality
HIGH      110
MEDIUM     17
LOW         4
Name: count, dtype: int64

=== Processing: chapter9_chapter_9_the_church_our_role_in_it.md ===
Detected languages → Source: en, Back: en

Embedding batches:   0%|          | 0/4 [00:00<?, ?it/s]
Embedding batches:  25%|██▌       | 1/4 [00:03<00:09,  3.33s/it]
Embedding batches:  50%|█████     | 2/4 [00:07<00:07,  3.64s/it]
Embedding batches:  75%|███████▌  | 3/4 [00:10<00:03,  3.56s/it]
Embedding batches: 100%|██████████| 4/4 [00:14<00:00,  3.59s/it]
Embedding batches: 100%|██████████| 4/4 [00:14<00:00,  3.57s/it]
✅ Saved: /Users/andnie01/repo/pers/kli-translation-pipeline_principles-of-faith/bengali/pipeline2/analysis/chapters/drift_report_chapter9_chapter_9_the_church_our_role_in_it_vs_chapter9_chapter_9_the_church_our_role_in_it.csv
translation_quality
HIGH        164
MEDIUM       24
LOW           5
CRITICAL      1
Name: count, dtype: int64
🗂 Found 25 drift reports in /Users/andnie01/repo/pers/kli-translation-pipeline_principles-of-faith/bengali/pipeline2/analysis/chapters. Processing...

Analyzing 4 flagged paragraphs in drift_report_chapter0_6_preface_vs_chapter0_6_preface.csv...

Explaining differences: 0it [00:00, ?it/s]
Explaining differences: 1it [00:02,  2.54s/it]
Explaining differences: 2it [00:04,  2.31s/it]
Explaining differences: 3it [00:07,  2.56s/it]
Explaining differences: 4it [00:09,  2.28s/it]
Explaining differences: 4it [00:09,  2.35s/it]
✅ Saved explained drift report: /Users/andnie01/repo/pers/kli-translation-pipeline_principles-of-faith/bengali/pipeline2/analysis/chapters/explained/drift_report_chapter0_6_preface_vs_chapter0_6_preface_explained.csv
📊 Summary: 4 analyzed | 1 changed | 0 failed to parse

Analyzing 17 flagged paragraphs in drift_report_chapter5_chapter_5_repentance_from_dead_works_vs_chapter5_chapter_5_repentance_from_dead_works.csv...

Explaining differences: 0it [00:00, ?it/s]
Explaining differences: 1it [00:02,  2.14s/it]
Explaining differences: 2it [00:03,  1.85s/it]
Explaining differences: 3it [00:05,  1.89s/it]
Explaining differences: 4it [00:07,  1.84s/it]
Explaining differences: 5it [00:09,  1.98s/it]
Explaining differences: 6it [00:13,  2.52s/it]
Explaining differences: 7it [00:15,  2.30s/it]
Explaining differences: 8it [00:17,  2.22s/it]
Explaining differences: 9it [00:18,  2.03s/it]
Explaining differences: 10it [00:21,  2.09s/it]
Explaining differences: 11it [00:23,  2.11s/it]
Explaining differences: 12it [00:25,  2.14s/it]
Explaining differences: 13it [00:27,  2.05s/it]
Explaining differences: 14it [00:29,  2.15s/it]
Explaining differences: 15it [00:31,  2.11s/it]
Explaining differences: 16it [00:33,  1.98s/it]
Explaining differences: 17it [00:35,  1.99s/it]
Explaining differences: 17it [00:35,  2.08s/it]
✅ Saved explained drift report: /Users/andnie01/repo/pers/kli-translation-pipeline_principles-of-faith/bengali/pipeline2/analysis/chapters/explained/drift_report_chapter5_chapter_5_repentance_from_dead_works_vs_chapter5_chapter_5_repentance_from_dead_works_explained.csv
📊 Summary: 17 analyzed | 7 changed | 0 failed to parse

ℹ️  No non-HIGH paragraphs in drift_report_chapter14_back_1_postscript_vs_chapter14_back_1_postscript.csv — skipping.
Analyzing 11 flagged paragraphs in drift_report_chapter3_chapter_3_sin_and_redemption_vs_chapter3_chapter_3_sin_and_redemption.csv...

Explaining differences: 0it [00:00, ?it/s]
Explaining differences: 1it [00:01,  1.61s/it]
Explaining differences: 2it [00:03,  1.66s/it]
Explaining differences: 3it [00:04,  1.65s/it]
Explaining differences: 4it [00:06,  1.66s/it]
Explaining differences: 5it [00:08,  1.88s/it]
Explaining differences: 6it [00:10,  1.93s/it]
Explaining differences: 7it [00:12,  1.94s/it]
Explaining differences: 8it [00:15,  2.24s/it]
Explaining differences: 9it [00:17,  2.11s/it]
Explaining differences: 10it [00:20,  2.22s/it]
Explaining differences: 11it [00:21,  2.09s/it]
Explaining differences: 11it [00:21,  1.98s/it]
✅ Saved explained drift report: /Users/andnie01/repo/pers/kli-translation-pipeline_principles-of-faith/bengali/pipeline2/analysis/chapters/explained/drift_report_chapter3_chapter_3_sin_and_redemption_vs_chapter3_chapter_3_sin_and_redemption_explained.csv
📊 Summary: 11 analyzed | 5 changed | 0 failed to parse

Analyzing 21 flagged paragraphs in drift_report_chapter4_chapter_4_jesus_the_messiah_vs_chapter4_chapter_4_jesus_the_messiah.csv...

Explaining differences: 0it [00:00, ?it/s]
Explaining differences: 1it [00:01,  1.43s/it]
Explaining differences: 2it [00:03,  1.58s/it]
Explaining differences: 3it [00:04,  1.56s/it]
Explaining differences: 4it [00:05,  1.47s/it]
Explaining differences: 5it [00:07,  1.61s/it]
Explaining differences: 6it [00:09,  1.54s/it]
Explaining differences: 7it [00:10,  1.54s/it]
Explaining differences: 8it [00:12,  1.74s/it]
Explaining differences: 9it [00:14,  1.64s/it]
Explaining differences: 10it [00:16,  1.71s/it]
Explaining differences: 11it [00:18,  1.82s/it]
Explaining differences: 12it [00:20,  1.88s/it]
Explaining differences: 13it [00:21,  1.80s/it]
Explaining differences: 14it [00:23,  1.85s/it]
Explaining differences: 15it [00:25,  1.87s/it]
Explaining differences: 16it [00:27,  1.78s/it]
Explaining differences: 17it [00:29,  1.98s/it]
Explaining differences: 18it [00:31,  1.86s/it]
Explaining differences: 19it [00:33,  1.85s/it]
Explaining differences: 20it [00:34,  1.76s/it]
Explaining differences: 21it [00:36,  1.75s/it]
Explaining differences: 21it [00:36,  1.74s/it]
✅ Saved explained drift report: /Users/andnie01/repo/pers/kli-translation-pipeline_principles-of-faith/bengali/pipeline2/analysis/chapters/explained/drift_report_chapter4_chapter_4_jesus_the_messiah_vs_chapter4_chapter_4_jesus_the_messiah_explained.csv
📊 Summary: 21 analyzed | 3 changed | 0 failed to parse

Analyzing 9 flagged paragraphs in drift_report_chapter2_chapter_2_god_eternal_creator_and_loving_father_vs_chapter2_chapter_2_god_eternal_creator_and_loving_father.csv...

Explaining differences: 0it [00:00, ?it/s]
Explaining differences: 1it [00:01,  1.62s/it]
Explaining differences: 2it [00:03,  1.77s/it]
Explaining differences: 3it [00:05,  1.88s/it]
Explaining differences: 4it [00:07,  1.83s/it]
Explaining differences: 5it [00:08,  1.72s/it]
Explaining differences: 6it [00:12,  2.24s/it]
Explaining differences: 7it [00:13,  2.04s/it]
Explaining differences: 8it [00:16,  2.15s/it]
Explaining differences: 9it [00:18,  2.09s/it]
Explaining differences: 9it [00:18,  2.00s/it]
✅ Saved explained drift report: /Users/andnie01/repo/pers/kli-translation-pipeline_principles-of-faith/bengali/pipeline2/analysis/chapters/explained/drift_report_chapter2_chapter_2_god_eternal_creator_and_loving_father_vs_chapter2_chapter_2_god_eternal_creator_and_loving_father_explained.csv
📊 Summary: 9 analyzed | 2 changed | 0 failed to parse

Analyzing 11 flagged paragraphs in drift_report_chapter11_chapter_11_baptisms_water_and_spirit_vs_chapter11_chapter_11_baptisms_water_and_spirit.csv...

Explaining differences: 0it [00:00, ?it/s]
Explaining differences: 1it [00:01,  1.32s/it]
Explaining differences: 2it [00:03,  1.57s/it]
Explaining differences: 3it [00:07,  2.72s/it]
Explaining differences: 4it [00:09,  2.39s/it]
Explaining differences: 5it [00:10,  2.04s/it]
Explaining differences: 6it [00:12,  1.99s/it]
Explaining differences: 7it [00:14,  1.90s/it]
Explaining differences: 8it [00:15,  1.86s/it]
Explaining differences: 9it [00:17,  1.81s/it]
Explaining differences: 10it [00:19,  2.00s/it]
Explaining differences: 11it [00:21,  1.86s/it]
Explaining differences: 11it [00:21,  1.96s/it]
✅ Saved explained drift report: /Users/andnie01/repo/pers/kli-translation-pipeline_principles-of-faith/bengali/pipeline2/analysis/chapters/explained/drift_report_chapter11_chapter_11_baptisms_water_and_spirit_vs_chapter11_chapter_11_baptisms_water_and_spirit_explained.csv
📊 Summary: 11 analyzed | 0 changed | 0 failed to parse

ℹ️  No non-HIGH paragraphs in drift_report_chapter0_4_list_of_tables_vs_chapter0_4_list_of_tables.csv — skipping.
Analyzing 30 flagged paragraphs in drift_report_chapter9_chapter_9_the_church_our_role_in_it_vs_chapter9_chapter_9_the_church_our_role_in_it.csv...

Explaining differences: 0it [00:00, ?it/s]
Explaining differences: 1it [00:01,  1.77s/it]
Explaining differences: 2it [00:03,  1.77s/it]
Explaining differences: 3it [00:05,  1.75s/it]
Explaining differences: 4it [00:07,  2.00s/it]
Explaining differences: 5it [00:09,  1.94s/it]
Explaining differences: 6it [00:11,  1.93s/it]
Explaining differences: 7it [00:13,  1.87s/it]
Explaining differences: 8it [00:15,  2.10s/it]
Explaining differences: 9it [00:17,  2.06s/it]
Explaining differences: 10it [00:19,  1.94s/it]
Explaining differences: 11it [00:21,  2.07s/it]
Explaining differences: 12it [00:23,  2.03s/it]
Explaining differences: 13it [00:25,  1.99s/it]
Explaining differences: 14it [00:27,  1.99s/it]
Explaining differences: 15it [00:29,  1.92s/it]
Explaining differences: 16it [00:31,  1.88s/it]
Explaining differences: 17it [00:33,  1.90s/it]
Explaining differences: 18it [00:34,  1.81s/it]
Explaining differences: 19it [00:36,  1.80s/it]
Explaining differences: 20it [00:38,  1.90s/it]
Explaining differences: 21it [00:40,  1.83s/it]
Explaining differences: 22it [00:42,  1.97s/it]
Explaining differences: 23it [00:44,  1.85s/it]
Explaining differences: 24it [00:46,  2.07s/it]
Explaining differences: 25it [00:48,  2.05s/it]
Explaining differences: 26it [00:50,  2.08s/it]
Explaining differences: 27it [00:52,  1.96s/it]
Explaining differences: 28it [00:54,  1.99s/it]
Explaining differences: 29it [00:56,  2.00s/it]
Explaining differences: 30it [00:58,  2.03s/it]
Explaining differences: 30it [00:58,  1.96s/it]
✅ Saved explained drift report: /Users/andnie01/repo/pers/kli-translation-pipeline_principles-of-faith/bengali/pipeline2/analysis/chapters/explained/drift_report_chapter9_chapter_9_the_church_our_role_in_it_vs_chapter9_chapter_9_the_church_our_role_in_it_explained.csv
📊 Summary: 30 analyzed | 12 changed | 0 failed to parse

Analyzing 12 flagged paragraphs in drift_report_chapter1_chapter_1_sound_doctrine_matters_vs_chapter1_chapter_1_sound_doctrine_matters.csv...

Explaining differences: 0it [00:00, ?it/s]
Explaining differences: 1it [00:01,  1.52s/it]
Explaining differences: 2it [00:03,  1.66s/it]
Explaining differences: 3it [00:04,  1.67s/it]
Explaining differences: 4it [00:06,  1.75s/it]
Explaining differences: 5it [00:08,  1.84s/it]
Explaining differences: 6it [00:10,  1.93s/it]
Explaining differences: 7it [00:12,  1.84s/it]
Explaining differences: 8it [00:14,  2.01s/it]
Explaining differences: 9it [00:16,  2.00s/it]
Explaining differences: 10it [00:18,  1.98s/it]
Explaining differences: 11it [00:20,  1.94s/it]
Explaining differences: 12it [00:22,  1.98s/it]
Explaining differences: 12it [00:22,  1.90s/it]
✅ Saved explained drift report: /Users/andnie01/repo/pers/kli-translation-pipeline_principles-of-faith/bengali/pipeline2/analysis/chapters/explained/drift_report_chapter1_chapter_1_sound_doctrine_matters_vs_chapter1_chapter_1_sound_doctrine_matters_explained.csv
📊 Summary: 12 analyzed | 1 changed | 0 failed to parse

Analyzing 21 flagged paragraphs in drift_report_chapter8_chapter_8_holy_spirit_comforter_guide_and_power_vs_chapter8_chapter_8_holy_spirit_comforter_guide_and_power.csv...

Explaining differences: 0it [00:00, ?it/s]
Explaining differences: 1it [00:01,  1.81s/it]
Explaining differences: 2it [00:03,  1.72s/it]
Explaining differences: 3it [00:05,  1.79s/it]
Explaining differences: 4it [00:07,  1.83s/it]
Explaining differences: 5it [00:09,  1.84s/it]
Explaining differences: 6it [00:10,  1.83s/it]
Explaining differences: 7it [00:13,  2.18s/it]
Explaining differences: 8it [00:15,  2.05s/it]
Explaining differences: 9it [00:17,  1.97s/it]
Explaining differences: 10it [00:18,  1.80s/it]
Explaining differences: 11it [00:20,  1.88s/it]
Explaining differences: 12it [00:22,  1.85s/it]
Explaining differences: 13it [00:24,  1.91s/it]
Explaining differences: 14it [00:26,  1.84s/it]
Explaining differences: 15it [00:27,  1.77s/it]
Explaining differences: 16it [00:29,  1.81s/it]
Explaining differences: 17it [00:31,  1.88s/it]
Explaining differences: 18it [00:33,  1.75s/it]
Explaining differences: 19it [00:34,  1.65s/it]
Explaining differences: 20it [00:36,  1.78s/it]
Explaining differences: 21it [00:38,  1.83s/it]
Explaining differences: 21it [00:38,  1.85s/it]
✅ Saved explained drift report: /Users/andnie01/repo/pers/kli-translation-pipeline_principles-of-faith/bengali/pipeline2/analysis/chapters/explained/drift_report_chapter8_chapter_8_holy_spirit_comforter_guide_and_power_vs_chapter8_chapter_8_holy_spirit_comforter_guide_and_power_explained.csv
📊 Summary: 21 analyzed | 7 changed | 0 failed to parse

Analyzing 1 flagged paragraphs in drift_report_chapter0_3_table_of_contents_vs_chapter0_3_table_of_contents.csv...

Explaining differences: 0it [00:00, ?it/s]
Explaining differences: 1it [00:01,  1.93s/it]
Explaining differences: 1it [00:01,  1.93s/it]
✅ Saved explained drift report: /Users/andnie01/repo/pers/kli-translation-pipeline_principles-of-faith/bengali/pipeline2/analysis/chapters/explained/drift_report_chapter0_3_table_of_contents_vs_chapter0_3_table_of_contents_explained.csv
📊 Summary: 1 analyzed | 1 changed | 0 failed to parse

Analyzing 123 flagged paragraphs in drift_report_chapter14_back_4_end_of_chapter_activities_vs_chapter14_back_4_end_of_chapter_activities.csv...

Explaining differences: 0it [00:00, ?it/s]
Explaining differences: 1it [00:01,  1.66s/it]
Explaining differences: 2it [00:03,  1.87s/it]
Explaining differences: 3it [00:05,  1.74s/it]
Explaining differences: 4it [00:07,  1.88s/it]
Explaining differences: 5it [00:09,  1.84s/it]
Explaining differences: 6it [00:11,  2.07s/it]
Explaining differences: 7it [00:13,  2.07s/it]
Explaining differences: 8it [00:15,  2.00s/it]
Explaining differences: 9it [00:17,  1.98s/it]
Explaining differences: 10it [00:19,  1.90s/it]
Explaining differences: 11it [00:20,  1.73s/it]
Explaining differences: 12it [00:22,  1.77s/it]
Explaining differences: 13it [00:23,  1.71s/it]
Explaining differences: 14it [00:25,  1.60s/it]
Explaining differences: 15it [00:27,  1.62s/it]
Explaining differences: 16it [00:28,  1.71s/it]
Explaining differences: 17it [00:30,  1.70s/it]
Explaining differences: 18it [00:32,  1.66s/it]
Explaining differences: 19it [00:33,  1.62s/it]
Explaining differences: 20it [00:35,  1.75s/it]
Explaining differences: 21it [00:38,  1.91s/it]
Explaining differences: 22it [00:42,  2.62s/it]
Explaining differences: 23it [00:44,  2.48s/it]
Explaining differences: 24it [00:46,  2.25s/it]
Explaining differences: 25it [00:48,  2.14s/it]
Explaining differences: 26it [00:49,  1.98s/it]
Explaining differences: 27it [00:51,  1.91s/it]
Explaining differences: 28it [00:53,  1.92s/it]
Explaining differences: 29it [00:55,  1.87s/it]
Explaining differences: 30it [00:57,  1.98s/it]
Explaining differences: 31it [00:59,  1.93s/it]
Explaining differences: 32it [01:01,  1.96s/it]
Explaining differences: 33it [01:03,  2.13s/it]
Explaining differences: 34it [01:05,  2.05s/it]
Explaining differences: 35it [01:07,  1.98s/it]
Explaining differences: 36it [01:09,  2.13s/it]
Explaining differences: 37it [01:12,  2.32s/it]
Explaining differences: 38it [01:14,  2.21s/it]
Explaining differences: 39it [01:16,  2.11s/it]
Explaining differences: 40it [01:18,  2.07s/it]
Explaining differences: 41it [01:20,  2.08s/it]
Explaining differences: 42it [01:22,  2.03s/it]
Explaining differences: 43it [01:24,  2.04s/it]
Explaining differences: 44it [01:27,  2.29s/it]
Explaining differences: 45it [01:29,  2.13s/it]
Explaining differences: 46it [01:31,  2.18s/it]
Explaining differences: 47it [01:32,  1.95s/it]
Explaining differences: 48it [01:35,  2.08s/it]
Explaining differences: 49it [01:37,  2.00s/it]
Explaining differences: 50it [01:38,  1.93s/it]
Explaining differences: 51it [01:41,  2.15s/it]
Explaining differences: 52it [01:44,  2.43s/it]
Explaining differences: 53it [01:46,  2.15s/it]
Explaining differences: 54it [01:48,  2.18s/it]
Explaining differences: 55it [01:51,  2.35s/it]
Explaining differences: 56it [01:53,  2.51s/it]
Explaining differences: 57it [01:56,  2.60s/it]
Explaining differences: 58it [01:58,  2.46s/it]
Explaining differences: 59it [02:00,  2.21s/it]
Explaining differences: 60it [02:02,  2.09s/it]
Explaining differences: 61it [02:05,  2.31s/it]
Explaining differences: 62it [02:08,  2.53s/it]
Explaining differences: 63it [02:10,  2.38s/it]
Explaining differences: 64it [02:12,  2.48s/it]
Explaining differences: 65it [02:15,  2.63s/it]
Explaining differences: 66it [02:17,  2.44s/it]
Explaining differences: 67it [02:19,  2.23s/it]
Explaining differences: 68it [02:22,  2.37s/it]
Explaining differences: 69it [02:24,  2.17s/it]
Explaining differences: 70it [02:26,  2.36s/it]
Explaining differences: 71it [02:29,  2.39s/it]
Explaining differences: 72it [02:30,  2.17s/it]
Explaining differences: 73it [02:33,  2.16s/it]
Explaining differences: 74it [02:38,  3.05s/it]
Explaining differences: 75it [02:39,  2.66s/it]
Explaining differences: 76it [02:41,  2.37s/it]
Explaining differences: 77it [02:43,  2.28s/it]
Explaining differences: 78it [02:46,  2.41s/it]
Explaining differences: 79it [02:48,  2.26s/it]
Explaining differences: 80it [02:50,  2.14s/it]
Explaining differences: 81it [02:51,  1.98s/it]
Explaining differences: 82it [02:54,  2.22s/it]
Explaining differences: 83it [02:56,  2.14s/it]
Explaining differences: 84it [02:58,  2.05s/it]
Explaining differences: 85it [03:01,  2.36s/it]
Explaining differences: 86it [03:03,  2.26s/it]
Explaining differences: 87it [03:05,  2.29s/it]
Explaining differences: 88it [03:08,  2.33s/it]
Explaining differences: 89it [03:10,  2.22s/it]
Explaining differences: 90it [03:13,  2.48s/it]
Explaining differences: 91it [03:16,  2.78s/it]
Explaining differences: 92it [03:19,  2.62s/it]
Explaining differences: 93it [03:21,  2.44s/it]
Explaining differences: 94it [03:23,  2.50s/it]
Explaining differences: 95it [03:25,  2.24s/it]
Explaining differences: 96it [03:26,  2.06s/it]
Explaining differences: 97it [03:29,  2.20s/it]
Explaining differences: 98it [03:31,  2.02s/it]
Explaining differences: 99it [03:33,  2.24s/it]
Explaining differences: 100it [03:36,  2.47s/it]
Explaining differences: 101it [03:38,  2.35s/it]
Explaining differences: 102it [03:40,  2.15s/it]
Explaining differences: 103it [03:42,  2.07s/it]
Explaining differences: 104it [03:45,  2.22s/it]
Explaining differences: 105it [03:47,  2.38s/it]
Explaining differences: 106it [03:51,  2.72s/it]
Explaining differences: 107it [03:53,  2.40s/it]
Explaining differences: 108it [03:55,  2.42s/it]
Explaining differences: 109it [03:57,  2.29s/it]
Explaining differences: 110it [03:59,  2.28s/it]
Explaining differences: 111it [04:01,  2.12s/it]
Explaining differences: 112it [04:03,  2.06s/it]
Explaining differences: 113it [04:06,  2.37s/it]
Explaining differences: 114it [04:08,  2.37s/it]
Explaining differences: 115it [04:11,  2.41s/it]
Explaining differences: 116it [04:13,  2.25s/it]
Explaining differences: 117it [04:15,  2.18s/it]
Explaining differences: 118it [04:17,  2.14s/it]
Explaining differences: 119it [04:19,  2.06s/it]
Explaining differences: 120it [04:21,  2.21s/it]
Explaining differences: 121it [04:24,  2.46s/it]
Explaining differences: 122it [04:26,  2.37s/it]
Explaining differences: 123it [04:29,  2.36s/it]
Explaining differences: 123it [04:29,  2.19s/it]
✅ Saved explained drift report: /Users/andnie01/repo/pers/kli-translation-pipeline_principles-of-faith/bengali/pipeline2/analysis/chapters/explained/drift_report_chapter14_back_4_end_of_chapter_activities_vs_chapter14_back_4_end_of_chapter_activities_explained.csv
📊 Summary: 123 analyzed | 21 changed | 0 failed to parse

Analyzing 6 flagged paragraphs in drift_report_chapter14_back_5_hearing_the_voice_of_god_vs_chapter14_back_5_hearing_the_voice_of_god.csv...

Explaining differences: 0it [00:00, ?it/s]
Explaining differences: 1it [00:01,  1.89s/it]
Explaining differences: 2it [00:03,  1.92s/it]
Explaining differences: 3it [00:05,  1.88s/it]
Explaining differences: 4it [00:07,  1.88s/it]
Explaining differences: 5it [00:11,  2.49s/it]
Explaining differences: 6it [00:13,  2.61s/it]
Explaining differences: 6it [00:13,  2.33s/it]
✅ Saved explained drift report: /Users/andnie01/repo/pers/kli-translation-pipeline_principles-of-faith/bengali/pipeline2/analysis/chapters/explained/drift_report_chapter14_back_5_hearing_the_voice_of_god_vs_chapter14_back_5_hearing_the_voice_of_god_explained.csv
📊 Summary: 6 analyzed | 3 changed | 0 failed to parse

Analyzing 11 flagged paragraphs in drift_report_chapter14_chapter_14_keep_watch_vs_chapter14_chapter_14_keep_watch.csv...

Explaining differences: 0it [00:00, ?it/s]
Explaining differences: 1it [00:04,  4.14s/it]
Explaining differences: 2it [00:06,  2.90s/it]
Explaining differences: 3it [00:08,  2.55s/it]
Explaining differences: 4it [00:11,  2.68s/it]
Explaining differences: 5it [00:13,  2.49s/it]
Explaining differences: 6it [00:15,  2.32s/it]
Explaining differences: 7it [00:17,  2.26s/it]
Explaining differences: 8it [00:20,  2.37s/it]
Explaining differences: 9it [00:22,  2.30s/it]
Explaining differences: 10it [00:24,  2.29s/it]
Explaining differences: 11it [00:26,  2.15s/it]
Explaining differences: 11it [00:26,  2.39s/it]
✅ Saved explained drift report: /Users/andnie01/repo/pers/kli-translation-pipeline_principles-of-faith/bengali/pipeline2/analysis/chapters/explained/drift_report_chapter14_chapter_14_keep_watch_vs_chapter14_chapter_14_keep_watch_explained.csv
📊 Summary: 11 analyzed | 3 changed | 0 failed to parse

Analyzing 1 flagged paragraphs in drift_report_chapter0_1_dedication_vs_chapter0_1_dedication.csv...

Explaining differences: 0it [00:00, ?it/s]
Explaining differences: 1it [00:03,  3.12s/it]
Explaining differences: 1it [00:03,  3.12s/it]
✅ Saved explained drift report: /Users/andnie01/repo/pers/kli-translation-pipeline_principles-of-faith/bengali/pipeline2/analysis/chapters/explained/drift_report_chapter0_1_dedication_vs_chapter0_1_dedication_explained.csv
📊 Summary: 1 analyzed | 1 changed | 0 failed to parse

Analyzing 4 flagged paragraphs in drift_report_chapter0_0_intro_vs_chapter0_0_intro.csv...

Explaining differences: 0it [00:00, ?it/s]
Explaining differences: 1it [00:02,  2.15s/it]
Explaining differences: 2it [00:04,  2.28s/it]
Explaining differences: 3it [00:08,  2.93s/it]
Explaining differences: 4it [00:10,  2.53s/it]
Explaining differences: 4it [00:10,  2.53s/it]
✅ Saved explained drift report: /Users/andnie01/repo/pers/kli-translation-pipeline_principles-of-faith/bengali/pipeline2/analysis/chapters/explained/drift_report_chapter0_0_intro_vs_chapter0_0_intro_explained.csv
📊 Summary: 4 analyzed | 0 changed | 0 failed to parse

Analyzing 4 flagged paragraphs in drift_report_chapter7_chapter_7_jesus_the_foundation_of_our_faith_vs_chapter7_chapter_7_jesus_the_foundation_of_our_faith.csv...

Explaining differences: 0it [00:00, ?it/s]
Explaining differences: 1it [00:02,  2.28s/it]
Explaining differences: 2it [00:04,  2.22s/it]
Explaining differences: 3it [00:06,  2.36s/it]
Explaining differences: 4it [00:10,  2.66s/it]
Explaining differences: 4it [00:10,  2.53s/it]
✅ Saved explained drift report: /Users/andnie01/repo/pers/kli-translation-pipeline_principles-of-faith/bengali/pipeline2/analysis/chapters/explained/drift_report_chapter7_chapter_7_jesus_the_foundation_of_our_faith_vs_chapter7_chapter_7_jesus_the_foundation_of_our_faith_explained.csv
📊 Summary: 4 analyzed | 0 changed | 0 failed to parse

Analyzing 18 flagged paragraphs in drift_report_chapter13_chapter_13_spiritual_authority_vs_chapter13_chapter_13_spiritual_authority.csv...

Explaining differences: 0it [00:00, ?it/s]
Explaining differences: 1it [00:02,  2.37s/it]
Explaining differences: 2it [00:05,  2.56s/it]
Explaining differences: 3it [00:08,  2.87s/it]
Explaining differences: 4it [00:11,  3.11s/it]
Explaining differences: 5it [00:14,  2.86s/it]
Explaining differences: 6it [00:16,  2.67s/it]
Explaining differences: 7it [00:22,  3.65s/it]
Explaining differences: 8it [00:24,  3.14s/it]
Explaining differences: 9it [00:28,  3.41s/it]
Explaining differences: 10it [00:30,  2.99s/it]
Explaining differences: 11it [00:34,  3.48s/it]
Explaining differences: 12it [00:38,  3.64s/it]
Explaining differences: 13it [00:41,  3.42s/it]
Explaining differences: 14it [00:46,  3.82s/it]
Explaining differences: 15it [00:52,  4.45s/it]
Explaining differences: 16it [00:55,  4.02s/it]
Explaining differences: 17it [00:57,  3.48s/it]
Explaining differences: 18it [00:59,  3.04s/it]
Explaining differences: 18it [00:59,  3.32s/it]
✅ Saved explained drift report: /Users/andnie01/repo/pers/kli-translation-pipeline_principles-of-faith/bengali/pipeline2/analysis/chapters/explained/drift_report_chapter13_chapter_13_spiritual_authority_vs_chapter13_chapter_13_spiritual_authority_explained.csv
📊 Summary: 18 analyzed | 7 changed | 0 failed to parse

Analyzing 19 flagged paragraphs in drift_report_chapter12_chapter_12_discipleship_vs_chapter12_chapter_12_discipleship.csv...

Explaining differences: 0it [00:00, ?it/s]
Explaining differences: 1it [00:02,  2.01s/it]
Explaining differences: 2it [00:05,  2.80s/it]
Explaining differences: 3it [00:07,  2.70s/it]
Explaining differences: 4it [00:10,  2.52s/it]
Explaining differences: 5it [00:12,  2.41s/it]
Explaining differences: 6it [00:15,  2.68s/it]
Explaining differences: 7it [00:17,  2.44s/it]
Explaining differences: 8it [00:19,  2.27s/it]
Explaining differences: 9it [00:22,  2.53s/it]
Explaining differences: 10it [00:24,  2.48s/it]
Explaining differences: 11it [00:27,  2.53s/it]
Explaining differences: 12it [00:29,  2.46s/it]
Explaining differences: 13it [00:33,  2.78s/it]
Explaining differences: 14it [00:36,  2.96s/it]
Explaining differences: 15it [00:39,  2.94s/it]
Explaining differences: 16it [00:42,  2.81s/it]
Explaining differences: 17it [00:46,  3.40s/it]
Explaining differences: 18it [00:49,  3.12s/it]
Explaining differences: 19it [00:51,  2.94s/it]
Explaining differences: 19it [00:51,  2.73s/it]
✅ Saved explained drift report: /Users/andnie01/repo/pers/kli-translation-pipeline_principles-of-faith/bengali/pipeline2/analysis/chapters/explained/drift_report_chapter12_chapter_12_discipleship_vs_chapter12_chapter_12_discipleship_explained.csv
📊 Summary: 19 analyzed | 5 changed | 0 failed to parse

Analyzing 1 flagged paragraphs in drift_report_chapter14_back_3_extended_reference_tables_vs_chapter14_back_3_extended_reference_tables.csv...

Explaining differences: 0it [00:00, ?it/s]
Explaining differences: 1it [00:02,  2.78s/it]
Explaining differences: 1it [00:02,  2.78s/it]
✅ Saved explained drift report: /Users/andnie01/repo/pers/kli-translation-pipeline_principles-of-faith/bengali/pipeline2/analysis/chapters/explained/drift_report_chapter14_back_3_extended_reference_tables_vs_chapter14_back_3_extended_reference_tables_explained.csv
📊 Summary: 1 analyzed | 1 changed | 0 failed to parse

ℹ️  No non-HIGH paragraphs in drift_report_chapter0_2_acknowledgements_vs_chapter0_2_acknowledgements.csv — skipping.
Analyzing 19 flagged paragraphs in drift_report_chapter6_chapter_6_faith_toward_god_vs_chapter6_chapter_6_faith_toward_god.csv...

Explaining differences: 0it [00:00, ?it/s]
Explaining differences: 1it [00:02,  2.75s/it]
Explaining differences: 2it [00:04,  2.33s/it]
Explaining differences: 3it [00:07,  2.48s/it]
Explaining differences: 4it [00:09,  2.36s/it]
Explaining differences: 5it [00:11,  2.34s/it]
Explaining differences: 6it [00:16,  3.02s/it]
Explaining differences: 7it [00:18,  2.87s/it]
Explaining differences: 8it [00:22,  3.16s/it]
Explaining differences: 9it [00:26,  3.48s/it]
Explaining differences: 10it [00:28,  2.98s/it]
Explaining differences: 11it [00:31,  2.82s/it]
Explaining differences: 12it [00:34,  2.85s/it]
Explaining differences: 13it [00:36,  2.60s/it]
Explaining differences: 14it [00:38,  2.67s/it]
Explaining differences: 15it [00:41,  2.67s/it]
Explaining differences: 16it [00:43,  2.51s/it]
Explaining differences: 17it [00:48,  3.10s/it]
Explaining differences: 18it [00:51,  3.29s/it]
Explaining differences: 19it [00:55,  3.35s/it]
Explaining differences: 19it [00:55,  2.92s/it]
✅ Saved explained drift report: /Users/andnie01/repo/pers/kli-translation-pipeline_principles-of-faith/bengali/pipeline2/analysis/chapters/explained/drift_report_chapter6_chapter_6_faith_toward_god_vs_chapter6_chapter_6_faith_toward_god_explained.csv
📊 Summary: 19 analyzed | 9 changed | 0 failed to parse

Analyzing 1 flagged paragraphs in drift_report_chapter0_5_foreword_vs_chapter0_5_foreword.csv...

Explaining differences: 0it [00:00, ?it/s]
Explaining differences: 1it [00:02,  2.69s/it]
Explaining differences: 1it [00:02,  2.69s/it]
✅ Saved explained drift report: /Users/andnie01/repo/pers/kli-translation-pipeline_principles-of-faith/bengali/pipeline2/analysis/chapters/explained/drift_report_chapter0_5_foreword_vs_chapter0_5_foreword_explained.csv
📊 Summary: 1 analyzed | 0 changed | 0 failed to parse

Analyzing 6 flagged paragraphs in drift_report_chapter10_chapter_10_sanctified_prepared_for_god_s_purpose_vs_chapter10_chapter_10_sanctified_prepared_for_god_s_purpose.csv...

Explaining differences: 0it [00:00, ?it/s]
Explaining differences: 1it [00:03,  3.50s/it]
Explaining differences: 2it [00:05,  2.85s/it]
Explaining differences: 3it [00:08,  2.65s/it]
Explaining differences: 4it [00:11,  2.83s/it]
Explaining differences: 5it [00:13,  2.63s/it]
Explaining differences: 6it [00:16,  2.72s/it]
Explaining differences: 6it [00:16,  2.76s/it]
✅ Saved explained drift report: /Users/andnie01/repo/pers/kli-translation-pipeline_principles-of-faith/bengali/pipeline2/analysis/chapters/explained/drift_report_chapter10_chapter_10_sanctified_prepared_for_god_s_purpose_vs_chapter10_chapter_10_sanctified_prepared_for_god_s_purpose_explained.csv
📊 Summary: 6 analyzed | 3 changed | 0 failed to parse

🎉 All files processed.
⚠️  Unknown model for tokenizer; using cl100k_base.

📘 Processing table1.md...
🧮 Auto batch size determined: 20 paragraphs per request (input budget ≈ 246400.0 tokens)
🟦 Translating batch of 1 paragraphs (1/1)...
✅ Done: /Users/andnie01/repo/pers/kli-translation-pipeline_principles-of-faith/bengali/pipeline2/translation/tables/table1.md (1/1 translated)

📘 Processing table10.md...
🧮 Auto batch size determined: 20 paragraphs per request (input budget ≈ 246400.0 tokens)
🟦 Translating batch of 1 paragraphs (1/1)...
✅ Done: /Users/andnie01/repo/pers/kli-translation-pipeline_principles-of-faith/bengali/pipeline2/translation/tables/table10.md (1/1 translated)

📘 Processing table11.md...
🧮 Auto batch size determined: 20 paragraphs per request (input budget ≈ 246400.0 tokens)
🟦 Translating batch of 1 paragraphs (1/1)...
✅ Done: /Users/andnie01/repo/pers/kli-translation-pipeline_principles-of-faith/bengali/pipeline2/translation/tables/table11.md (1/1 translated)

📘 Processing table12.md...
🧮 Auto batch size determined: 20 paragraphs per request (input budget ≈ 246400.0 tokens)
🟦 Translating batch of 1 paragraphs (1/1)...
✅ Done: /Users/andnie01/repo/pers/kli-translation-pipeline_principles-of-faith/bengali/pipeline2/translation/tables/table12.md (1/1 translated)

📘 Processing table2.md...
🧮 Auto batch size determined: 20 paragraphs per request (input budget ≈ 246400.0 tokens)
🟦 Translating batch of 1 paragraphs (1/1)...
✅ Done: /Users/andnie01/repo/pers/kli-translation-pipeline_principles-of-faith/bengali/pipeline2/translation/tables/table2.md (1/1 translated)

📘 Processing table3.md...
🧮 Auto batch size determined: 20 paragraphs per request (input budget ≈ 246400.0 tokens)
🟦 Translating batch of 1 paragraphs (1/1)...
✅ Done: /Users/andnie01/repo/pers/kli-translation-pipeline_principles-of-faith/bengali/pipeline2/translation/tables/table3.md (1/1 translated)

📘 Processing table4.md...
🧮 Auto batch size determined: 20 paragraphs per request (input budget ≈ 246400.0 tokens)
🟦 Translating batch of 1 paragraphs (1/1)...
✅ Done: /Users/andnie01/repo/pers/kli-translation-pipeline_principles-of-faith/bengali/pipeline2/translation/tables/table4.md (1/1 translated)

📘 Processing table5.md...
🧮 Auto batch size determined: 20 paragraphs per request (input budget ≈ 246400.0 tokens)
🟦 Translating batch of 1 paragraphs (1/1)...
✅ Done: /Users/andnie01/repo/pers/kli-translation-pipeline_principles-of-faith/bengali/pipeline2/translation/tables/table5.md (1/1 translated)

📘 Processing table6.md...
🧮 Auto batch size determined: 20 paragraphs per request (input budget ≈ 246400.0 tokens)
🟦 Translating batch of 1 paragraphs (1/1)...
✅ Done: /Users/andnie01/repo/pers/kli-translation-pipeline_principles-of-faith/bengali/pipeline2/translation/tables/table6.md (1/1 translated)

📘 Processing table7.md...
🧮 Auto batch size determined: 20 paragraphs per request (input budget ≈ 246400.0 tokens)
🟦 Translating batch of 1 paragraphs (1/1)...
✅ Done: /Users/andnie01/repo/pers/kli-translation-pipeline_principles-of-faith/bengali/pipeline2/translation/tables/table7.md (1/1 translated)

📘 Processing table8.md...
🧮 Auto batch size determined: 20 paragraphs per request (input budget ≈ 246400.0 tokens)
🟦 Translating batch of 1 paragraphs (1/1)...
✅ Done: /Users/andnie01/repo/pers/kli-translation-pipeline_principles-of-faith/bengali/pipeline2/translation/tables/table8.md (1/1 translated)

📘 Processing table9.md...
🧮 Auto batch size determined: 20 paragraphs per request (input budget ≈ 246400.0 tokens)
🟦 Translating batch of 1 paragraphs (1/1)...
✅ Done: /Users/andnie01/repo/pers/kli-translation-pipeline_principles-of-faith/bengali/pipeline2/translation/tables/table9.md (1/1 translated)

🎯 All files processed.
